Archive member included to satisfy reference by file (symbol)

c:/nxp/mcuxpressoide_11.8.0_1165/ide/plugins/com.nxp.mcuxpresso.tools.win32_11.8.0.202306131047/tools/bin/../lib/gcc/arm-none-eabi/12.2.1/../../../../arm-none-eabi/lib/thumb/v7e-m+fp/hard\libcr_nohost_nf.a(_cr__main.o)
                              ./startup/startup_mk64f12.o (__main)
c:/nxp/mcuxpressoide_11.8.0_1165/ide/plugins/com.nxp.mcuxpresso.tools.win32_11.8.0.202306131047/tools/bin/../lib/gcc/arm-none-eabi/12.2.1/../../../../arm-none-eabi/lib/thumb/v7e-m+fp/hard\libcr_c.a(memcpy.o)
                              ./utilities/fsl_str.o (memcpy)
c:/nxp/mcuxpressoide_11.8.0_1165/ide/plugins/com.nxp.mcuxpresso.tools.win32_11.8.0.202306131047/tools/bin/../lib/gcc/arm-none-eabi/12.2.1/../../../../arm-none-eabi/lib/thumb/v7e-m+fp/hard\libcr_c.a(memset.o)
                              ./utilities/fsl_debug_console.o (memset)
c:/nxp/mcuxpressoide_11.8.0_1165/ide/plugins/com.nxp.mcuxpresso.tools.win32_11.8.0.202306131047/tools/bin/../lib/gcc/arm-none-eabi/12.2.1/../../../../arm-none-eabi/lib/thumb/v7e-m+fp/hard\libcr_c.a(alloc.o)
                              ./drivers/fsl_common.o (malloc)
c:/nxp/mcuxpressoide_11.8.0_1165/ide/plugins/com.nxp.mcuxpresso.tools.win32_11.8.0.202306131047/tools/bin/../lib/gcc/arm-none-eabi/12.2.1/../../../../arm-none-eabi/lib/thumb/v7e-m+fp/hard\libcr_c.a(errno.o)
                              ./utilities/fsl_str.o (errno)
c:/nxp/mcuxpressoide_11.8.0_1165/ide/plugins/com.nxp.mcuxpresso.tools.win32_11.8.0.202306131047/tools/bin/../lib/gcc/arm-none-eabi/12.2.1/../../../../arm-none-eabi/lib/thumb/v7e-m+fp/hard\libcr_c.a(initio.o)
                              c:/nxp/mcuxpressoide_11.8.0_1165/ide/plugins/com.nxp.mcuxpresso.tools.win32_11.8.0.202306131047/tools/bin/../lib/gcc/arm-none-eabi/12.2.1/../../../../arm-none-eabi/lib/thumb/v7e-m+fp/hard\libcr_nohost_nf.a(_cr__main.o) (_initio)
c:/nxp/mcuxpressoide_11.8.0_1165/ide/plugins/com.nxp.mcuxpresso.tools.win32_11.8.0.202306131047/tools/bin/../lib/gcc/arm-none-eabi/12.2.1/../../../../arm-none-eabi/lib/thumb/v7e-m+fp/hard\libcr_c.a(scanf.o)
                              ./utilities/fsl_str.o (strtoul)
c:/nxp/mcuxpressoide_11.8.0_1165/ide/plugins/com.nxp.mcuxpresso.tools.win32_11.8.0.202306131047/tools/bin/../lib/gcc/arm-none-eabi/12.2.1/../../../../arm-none-eabi/lib/thumb/v7e-m+fp/hard\libcr_c.a(setvbuf.o)
                              c:/nxp/mcuxpressoide_11.8.0_1165/ide/plugins/com.nxp.mcuxpresso.tools.win32_11.8.0.202306131047/tools/bin/../lib/gcc/arm-none-eabi/12.2.1/../../../../arm-none-eabi/lib/thumb/v7e-m+fp/hard\libcr_c.a(initio.o) (setvbuf)
c:/nxp/mcuxpressoide_11.8.0_1165/ide/plugins/com.nxp.mcuxpresso.tools.win32_11.8.0.202306131047/tools/bin/../lib/gcc/arm-none-eabi/12.2.1/../../../../arm-none-eabi/lib/thumb/v7e-m+fp/hard\libcr_c.a(strlen.o)
                              ./utilities/fsl_str.o (strlen)
c:/nxp/mcuxpressoide_11.8.0_1165/ide/plugins/com.nxp.mcuxpresso.tools.win32_11.8.0.202306131047/tools/bin/../lib/gcc/arm-none-eabi/12.2.1/../../../../arm-none-eabi/lib/thumb/v7e-m+fp/hard\libcr_c.a(ungetc.o)
                              c:/nxp/mcuxpressoide_11.8.0_1165/ide/plugins/com.nxp.mcuxpresso.tools.win32_11.8.0.202306131047/tools/bin/../lib/gcc/arm-none-eabi/12.2.1/../../../../arm-none-eabi/lib/thumb/v7e-m+fp/hard\libcr_c.a(scanf.o) (ungetc)
c:/nxp/mcuxpressoide_11.8.0_1165/ide/plugins/com.nxp.mcuxpresso.tools.win32_11.8.0.202306131047/tools/bin/../lib/gcc/arm-none-eabi/12.2.1/../../../../arm-none-eabi/lib/thumb/v7e-m+fp/hard\libcr_c.a(__fillbuf.o)
                              c:/nxp/mcuxpressoide_11.8.0_1165/ide/plugins/com.nxp.mcuxpresso.tools.win32_11.8.0.202306131047/tools/bin/../lib/gcc/arm-none-eabi/12.2.1/../../../../arm-none-eabi/lib/thumb/v7e-m+fp/hard\libcr_c.a(scanf.o) (__filbuf)
c:/nxp/mcuxpressoide_11.8.0_1165/ide/plugins/com.nxp.mcuxpresso.tools.win32_11.8.0.202306131047/tools/bin/../lib/gcc/arm-none-eabi/12.2.1/../../../../arm-none-eabi/lib/thumb/v7e-m+fp/hard\libcr_c.a(__init_alloc.o)
                              c:/nxp/mcuxpressoide_11.8.0_1165/ide/plugins/com.nxp.mcuxpresso.tools.win32_11.8.0.202306131047/tools/bin/../lib/gcc/arm-none-eabi/12.2.1/../../../../arm-none-eabi/lib/thumb/v7e-m+fp/hard\libcr_c.a(alloc.o) (__heaps)
c:/nxp/mcuxpressoide_11.8.0_1165/ide/plugins/com.nxp.mcuxpresso.tools.win32_11.8.0.202306131047/tools/bin/../lib/gcc/arm-none-eabi/12.2.1/../../../../arm-none-eabi/lib/thumb/v7e-m+fp/hard\libcr_c.a(_cr_sbrk.o)
                              c:/nxp/mcuxpressoide_11.8.0_1165/ide/plugins/com.nxp.mcuxpresso.tools.win32_11.8.0.202306131047/tools/bin/../lib/gcc/arm-none-eabi/12.2.1/../../../../arm-none-eabi/lib/thumb/v7e-m+fp/hard\libcr_c.a(alloc.o) (_sbrk)
c:/nxp/mcuxpressoide_11.8.0_1165/ide/plugins/com.nxp.mcuxpresso.tools.win32_11.8.0.202306131047/tools/bin/../lib/gcc/arm-none-eabi/12.2.1/../../../../arm-none-eabi/lib/thumb/v7e-m+fp/hard\libcr_c.a(_deferredlazyseek.o)
[...]
Memory Configuration

Name             Origin             Length             Attributes
PROGRAM_FLASH    0x00000000         0x00100000         xr
SRAM_UPPER       0x20000000         0x00030000         xrw
SRAM_LOWER       0x1fff0000         0x00010000         xrw
FLEX_RAM         0x14000000         0x00001000         xrw
*default*        0x00000000         0xffffffff

Linker script and memory map

LOAD ./utilities/fsl_assert.o
LOAD ./utilities/fsl_debug_console.o
LOAD ./utilities/fsl_str.o
LOAD ./startup/startup_mk64f12.o
LOAD ./source/freertos_hello.o
LOAD ./source/semihost_hardfault.o
LOAD ./freertos/freertos_kernel/portable/MemMang/heap_4.o
LOAD ./freertos/freertos_kernel/portable/GCC/ARM_CM4F/port.o
LOAD ./freertos/freertos_kernel/croutine.o
LOAD ./freertos/freertos_kernel/event_groups.o
LOAD ./freertos/freertos_kernel/list.o
LOAD ./freertos/freertos_kernel/queue.o
LOAD ./freertos/freertos_kernel/stream_buffer.o
LOAD ./freertos/freertos_kernel/tasks.o
LOAD ./freertos/freertos_kernel/timers.o
LOAD ./drivers/fsl_clock.o
LOAD ./drivers/fsl_common.o
LOAD ./drivers/fsl_common_arm.o
LOAD ./drivers/fsl_ftfx_cache.o
LOAD ./drivers/fsl_ftfx_controller.o
LOAD ./drivers/fsl_ftfx_flash.o
LOAD ./drivers/fsl_ftfx_flexnvm.o
LOAD ./drivers/fsl_gpio.o
LOAD ./drivers/fsl_smc.o
LOAD ./drivers/fsl_uart.o
LOAD ./device/system_MK64F12.o
LOAD ./component/uart/fsl_adapter_uart.o
LOAD ./component/serial_manager/fsl_component_serial_manager.o
LOAD ./component/serial_manager/fsl_component_serial_port_uart.o
LOAD ./component/lists/fsl_component_generic_list.o
LOAD ./board/board.o
LOAD ./board/clock_config.o
LOAD ./board/pin_mux.o
START GROUP
LOAD c:/nxp/mcuxpressoide_11.8.0_1165/ide/plugins/com.nxp.mcuxpresso.tools.win32_11.8.0.202306131047/tools/bin/../lib/gcc/arm-none-eabi/12.2.1/../../../../arm-none-eabi/lib/thumb/v7e-m+fp/hard\libcr_nohost_nf.a
LOAD c:/nxp/mcuxpressoide_11.8.0_1165/ide/plugins/com.nxp.mcuxpresso.tools.win32_11.8.0.202306131047/tools/bin/../lib/gcc/arm-none-eabi/12.2.1/../../../../arm-none-eabi/lib/thumb/v7e-m+fp/hard\libcr_c.a
LOAD c:/nxp/mcuxpressoide_11.8.0_1165/ide/plugins/com.nxp.mcuxpresso.tools.win32_11.8.0.202306131047/tools/bin/../lib/gcc/arm-none-eabi/12.2.1/thumb/v7e-m+fp/hard\libcr_eabihelpers.a
LOAD c:/nxp/mcuxpressoide_11.8.0_1165/ide/plugins/com.nxp.mcuxpresso.tools.win32_11.8.0.202306131047/tools/bin/../lib/gcc/arm-none-eabi/12.2.1/thumb/v7e-m+fp/hard\libgcc.a
END GROUP
                0x00000000                __base_PROGRAM_FLASH = 0x0
                0x00000000                __base_Flash = 0x0
                0x00100000                __top_PROGRAM_FLASH = 0x100000
                0x00100000                __top_Flash = 0x100000
                0x20000000                __base_SRAM_UPPER = 0x20000000
                0x20000000                __base_RAM = 0x20000000
                0x20030000                __top_SRAM_UPPER = 0x20030000
                0x20030000                __top_RAM = 0x20030000
                0x1fff0000                __base_SRAM_LOWER = 0x1fff0000
                0x1fff0000                __base_RAM2 = 0x1fff0000
                0x20000000                __top_SRAM_LOWER = 0x20000000
                0x20000000                __top_RAM2 = 0x20000000
                0x14000000                __base_FLEX_RAM = 0x14000000
                0x14000000                __base_RAM3 = 0x14000000
                0x14001000                __top_FLEX_RAM = 0x14001000
                0x14001000                __top_RAM3 = 0x14001000

.text           0x00000000     0x5868
 FILL mask 0xff
                0x00000000                __vectors_start__ = ABSOLUTE (.)
 *(SORT_BY_ALIGNMENT(.isr_vector))
 .isr_vector    0x00000000      0x198 ./startup/startup_mk64f12.o
                0x00000000                g_pfnVectors
                0x00000000                __Vectors
                0x00000198                . = ALIGN (0x4)
                0x00000198                __section_table_start = .
                0x00000198                __data_section_table = .
                0x00000198        0x4 LONG 0x5868 LOADADDR (.data)
                0x0000019c        0x4 LONG 0x20000000 ADDR (.data)
                0x000001a0        0x4 LONG 0x20 SIZEOF (.data)
                0x000001a4        0x4 LONG 0x5868 LOADADDR (.data_RAM2)
                0x000001a8        0x4 LONG 0x1fff0000 ADDR (.data_RAM2)
                0x000001ac        0x4 LONG 0x0 SIZEOF (.data_RAM2)
                0x000001b0        0x4 LONG 0x5868 LOADADDR (.data_RAM3)
                0x000001b4        0x4 LONG 0x14000000 ADDR (.data_RAM3)
                0x000001b8        0x4 LONG 0x0 SIZEOF (.data_RAM3)
                0x000001bc                __data_section_table_end = .
                0x000001bc                __bss_section_table = .
                0x000001bc        0x4 LONG 0x20000020 ADDR (.bss)
                0x000001c0        0x4 LONG 0x2ac0 SIZEOF (.bss)
                0x000001c4        0x4 LONG 0x1fff0000 ADDR (.bss_RAM2)
                0x000001c8        0x4 LONG 0x0 SIZEOF (.bss_RAM2)
                0x000001cc        0x4 LONG 0x14000000 ADDR (.bss_RAM3)
                0x000001d0        0x4 LONG 0x0 SIZEOF (.bss_RAM3)
                0x000001d4                __bss_section_table_end = .
                0x000001d4                __section_table_end = .
 *(SORT_BY_ALIGNMENT(.after_vectors*))
 .after_vectors.reset
                0x000001d4       0x4c ./startup/startup_mk64f12.o
                0x000001d4                ResetISR
 .after_vectors.init_data
                0x00000220       0x1e ./startup/startup_mk64f12.o
                0x00000220                data_init
 .after_vectors.init_bss
                0x0000023e       0x12 ./startup/startup_mk64f12.o
                0x0000023e                bss_init
 .after_vectors
                0x00000250       0x14 ./startup/startup_mk64f12.o
                0x00000250                NMI_Handler
                0x00000254                MemManage_Handler
                0x00000256                BusFault_Handler
                0x00000258                UsageFault_Handler
                0x0000025c                DebugMon_Handler
                0x00000262                LPTMR0_DriverIRQHandler
                0x00000262                DMA_Error_DriverIRQHandler
                0x00000262                SPI1_DriverIRQHandler
                0x00000262                FTM1_DriverIRQHandler
                0x00000262                FTM2_DriverIRQHandler
                0x00000262                PIT2_DriverIRQHandler
                0x00000262                SDHC_DriverIRQHandler
                0x00000262                I2S0_Tx_DriverIRQHandler
                0x00000262                RTC_Seconds_DriverIRQHandler
                0x00000262                DMA6_DriverIRQHandler
                0x00000262                LLWU_DriverIRQHandler
                0x00000262                MCM_DriverIRQHandler
                0x00000262                MCG_DriverIRQHandler
                0x00000262                ENET_1588_Timer_DriverIRQHandler
                0x00000262                I2C2_DriverIRQHandler
                0x00000262                DAC1_DriverIRQHandler
                0x00000262                DMA12_DriverIRQHandler
                0x00000262                CMP1_DriverIRQHandler
                0x00000262                FTM0_DriverIRQHandler
                0x00000262                IntDefaultHandler
                0x00000262                USB0_DriverIRQHandler
                0x00000262                UART5_ERR_DriverIRQHandler
                0x00000262                PORTC_DriverIRQHandler
                0x00000262                DMA11_DriverIRQHandler
                0x00000262                DAC0_DriverIRQHandler
                0x00000262                DMA10_DriverIRQHandler
                0x00000262                CMP2_DriverIRQHandler
                0x00000262                UART2_ERR_DriverIRQHandler
                0x00000262                SPI2_DriverIRQHandler
                0x00000262                LVD_LVW_DriverIRQHandler
                0x00000262                PIT0_DriverIRQHandler
                0x00000262                PORTB_DriverIRQHandler
                0x00000262                DMA5_DriverIRQHandler
                0x00000262                DMA4_DriverIRQHandler
                0x00000262                USBDCD_DriverIRQHandler
                0x00000262                UART3_ERR_DriverIRQHandler
                0x00000262                DMA3_DriverIRQHandler
                0x00000262                DMA8_DriverIRQHandler
                0x00000262                DMA9_DriverIRQHandler
                0x00000262                UART0_ERR_DriverIRQHandler
                0x00000262                CMT_DriverIRQHandler
                0x00000262                Reserved71_DriverIRQHandler
                0x00000262                ADC1_DriverIRQHandler
                0x00000262                PORTA_DriverIRQHandler
                0x00000262                DMA14_DriverIRQHandler
                0x00000262                PIT3_DriverIRQHandler
                0x00000262                PIT1_DriverIRQHandler
                0x00000262                WDOG_EWM_DriverIRQHandler
                0x00000262                PDB0_DriverIRQHandler
                0x00000262                RTC_DriverIRQHandler
                0x00000262                I2S0_Rx_DriverIRQHandler
                0x00000262                Read_Collision_DriverIRQHandler
                0x00000262                SWI_DriverIRQHandler
                0x00000262                UART4_ERR_DriverIRQHandler
                0x00000262                DMA0_DriverIRQHandler
                0x00000262                UART0_LON_DriverIRQHandler
                0x00000262                DMA1_DriverIRQHandler
                0x00000262                I2C1_DriverIRQHandler
                0x00000262                ENET_Receive_DriverIRQHandler
                0x00000262                DMA13_DriverIRQHandler
                0x00000262                ENET_Error_DriverIRQHandler
                0x00000262                DMA15_DriverIRQHandler
                0x00000262                SPI0_DriverIRQHandler
                0x00000262                ADC0_DriverIRQHandler
                0x00000262                CMP0_DriverIRQHandler
                0x00000262                CAN0_DriverIRQHandler
                0x00000262                FTM3_DriverIRQHandler
                0x00000262                RNG_DriverIRQHandler
                0x00000262                UART1_ERR_DriverIRQHandler
                0x00000262                DMA2_DriverIRQHandler
                0x00000262                ENET_Transmit_DriverIRQHandler
                0x00000262                PORTD_DriverIRQHandler
                0x00000262                PORTE_DriverIRQHandler
                0x00000262                FTFE_DriverIRQHandler
                0x00000262                I2C0_DriverIRQHandler
                0x00000262                DMA7_DriverIRQHandler
                0x00000400                . = 0x400
 *fill*         0x00000264      0x19c ff
                0x00000400                PROVIDE (__FLASH_CONFIG_START__ = .)
 *(SORT_BY_ALIGNMENT(.FlashConfig))
 .FlashConfig   0x00000400       0x10 ./startup/startup_mk64f12.o
                0x00000400                Flash_Config
                0x00000410                PROVIDE (__FLASH_CONFIG_END__ = .)
                0x00000001                ASSERT (! ((__FLASH_CONFIG_START__ == __FLASH_CONFIG_END__)), Linker Flash Config Support Enabled, but no .FlashConfig section provided within application)
 *(SORT_BY_ALIGNMENT(.text*))
 .text.SVC_Handler
                0x00000410       0x28 ./freertos/freertos_kernel/portable/GCC/ARM_CM4F/port.o
                0x00000410                SVC_Handler
 *fill*         0x00000438        0x8 ff
 .text.PendSV_Handler
                0x00000440       0x68 ./freertos/freertos_kernel/portable/GCC/ARM_CM4F/port.o
                0x00000440                PendSV_Handler
 .text.__assertion_failed
                0x000004a8       0x18 ./utilities/fsl_assert.o
                0x000004a8                __assertion_failed
 .text.DbgConsole_SendDataReliable
                0x000004c0       0x54 ./utilities/fsl_debug_console.o
                0x000004c0                DbgConsole_SendDataReliable
 .text.DbgConsole_Init
                0x00000514      0x118 ./utilities/fsl_debug_console.o
                0x00000514                DbgConsole_Init
 .text.DbgConsole_Vprintf
                0x0000062c       0x6c ./utilities/fsl_debug_console.o
                0x0000062c                DbgConsole_Vprintf
 .text.main     0x00000698      0x104 ./source/freertos_hello.o
                0x00000698                main
 .text.task_admin
                0x0000079c       0x88 ./source/freertos_hello.o
 .text.task_cmd_left
                0x00000824       0x18 ./source/freertos_hello.o
 .text.task_cmd_right
                0x0000083c       0x18 ./source/freertos_hello.o
 .text.task_cmd_forwrd
                0x00000854       0x18 ./source/freertos_hello.o
 .text.task_cmd_bckwrd
                0x0000086c       0x18 ./source/freertos_hello.o
 .text.pvPortMalloc
                0x00000884      0x1c0 ./freertos/freertos_kernel/portable/MemMang/heap_4.o
                0x00000884                pvPortMalloc
 .text.vPortFree
                0x00000a44       0xc4 ./freertos/freertos_kernel/portable/MemMang/heap_4.o
                0x00000a44                vPortFree
 .text.prvHeapInit
                0x00000b08       0xc4 ./freertos/freertos_kernel/portable/MemMang/heap_4.o
 .text.prvInsertBlockIntoFreeList
                0x00000bcc       0xb4 ./freertos/freertos_kernel/portable/MemMang/heap_4.o
 .text.pxPortInitialiseStack
                0x00000c80       0x68 ./freertos/freertos_kernel/portable/GCC/ARM_CM4F/port.o
                0x00000c80                pxPortInitialiseStack
 .text.prvTaskExitError
                0x00000ce8       0x58 ./freertos/freertos_kernel/portable/GCC/ARM_CM4F/port.o
 .text.prvPortStartFirstTask
                0x00000d40       0x2c ./freertos/freertos_kernel/portable/GCC/ARM_CM4F/port.o
 .text.xPortStartScheduler
                0x00000d6c      0x144 ./freertos/freertos_kernel/portable/GCC/ARM_CM4F/port.o
                0x00000d6c                xPortStartScheduler
 .text.vPortEnterCritical
                0x00000eb0       0x60 ./freertos/freertos_kernel/portable/GCC/ARM_CM4F/port.o
                0x00000eb0                vPortEnterCritical
 .text.vPortExitCritical
                0x00000f10       0x54 ./freertos/freertos_kernel/portable/GCC/ARM_CM4F/port.o
                0x00000f10                vPortExitCritical
 .text.SysTick_Handler
                0x00000f64       0x44 ./freertos/freertos_kernel/portable/GCC/ARM_CM4F/port.o
                0x00000f64                SysTick_Handler
 .text.vPortSetupTimerInterrupt
                0x00000fa8       0x48 ./freertos/freertos_kernel/portable/GCC/ARM_CM4F/port.o
                0x00000fa8                vPortSetupTimerInterrupt
 .text.vPortEnableVFP
                0x00000ff0       0x18 ./freertos/freertos_kernel/portable/GCC/ARM_CM4F/port.o
 .text.vPortValidateInterruptPriority
                0x00001008       0x80 ./freertos/freertos_kernel/portable/GCC/ARM_CM4F/port.o
                0x00001008                vPortValidateInterruptPriority
 .text.xQueueGenericReset
                0x00001088       0xd0 ./freertos/freertos_kernel/queue.o
                0x00001088                xQueueGenericReset
 .text.xQueueGenericSend
                0x00001158      0x1fc ./freertos/freertos_kernel/queue.o
                0x00001158                xQueueGenericSend
 .text.xQueueReceive
                0x00001354      0x1c0 ./freertos/freertos_kernel/queue.o
                0x00001354                xQueueReceive
 .text.vQueueAddToRegistry
                0x00001514       0x54 ./freertos/freertos_kernel/queue.o
                0x00001514                vQueueAddToRegistry
 .text.prvAddNewTaskToReadyList
                0x00001568       0xdc ./freertos/freertos_kernel/tasks.o
 .text.vTaskSuspend
                0x00001644      0x140 ./freertos/freertos_kernel/tasks.o
                0x00001644                vTaskSuspend
 .text.prvTaskIsTaskSuspended
                0x00001784       0x64 ./freertos/freertos_kernel/tasks.o
 .text.vTaskResume
                0x000017e8       0xbc ./freertos/freertos_kernel/tasks.o
                0x000017e8                vTaskResume
 .text.vTaskStartScheduler
                0x000018a4       0xa4 ./freertos/freertos_kernel/tasks.o
                0x000018a4                vTaskStartScheduler
 .text.vTaskSuspendAll
                0x00001948       0x1c ./freertos/freertos_kernel/tasks.o
                0x00001948                vTaskSuspendAll
 .text.xTaskResumeAll
                0x00001964      0x138 ./freertos/freertos_kernel/tasks.o
                0x00001964                xTaskResumeAll
 .text.xTaskGetTickCount
                0x00001a9c       0x20 ./freertos/freertos_kernel/tasks.o
                0x00001a9c                xTaskGetTickCount
 .text.xTaskIncrementTick
                0x00001abc      0x154 ./freertos/freertos_kernel/tasks.o
                0x00001abc                xTaskIncrementTick
 .text.vTaskSwitchContext
                0x00001c10       0xb8 ./freertos/freertos_kernel/tasks.o
                0x00001c10                vTaskSwitchContext
 .text.vTaskPlaceOnEventList
                0x00001cc8       0x48 ./freertos/freertos_kernel/tasks.o
                0x00001cc8                vTaskPlaceOnEventList
 .text.vTaskPlaceOnEventListRestricted
                0x00001d10       0x58 ./freertos/freertos_kernel/tasks.o
                0x00001d10                vTaskPlaceOnEventListRestricted
 .text.xTaskRemoveFromEventList
                0x00001d68       0xc4 ./freertos/freertos_kernel/tasks.o
                0x00001d68                xTaskRemoveFromEventList
 .text.vTaskInternalSetTimeOutState
                0x00001e2c       0x2c ./freertos/freertos_kernel/tasks.o
                0x00001e2c                vTaskInternalSetTimeOutState
 .text.xTaskCheckForTimeOut
                0x00001e58       0xcc ./freertos/freertos_kernel/tasks.o
                0x00001e58                xTaskCheckForTimeOut
 .text.vTaskMissedYield
                0x00001f24       0x18 ./freertos/freertos_kernel/tasks.o
                0x00001f24                vTaskMissedYield
 .text.prvIdleTask
                0x00001f3c       0x30 ./freertos/freertos_kernel/tasks.o
 .text.prvInitialiseTaskLists
                0x00001f6c       0x80 ./freertos/freertos_kernel/tasks.o
 .text.prvCheckTasksWaitingTermination
                0x00001fec       0x5c ./freertos/freertos_kernel/tasks.o
 .text.prvResetNextTaskUnblockTime
                0x00002048       0x38 ./freertos/freertos_kernel/tasks.o
 .text.xTaskGetSchedulerState
                0x00002080       0x3c ./freertos/freertos_kernel/tasks.o
                0x00002080                xTaskGetSchedulerState
 .text.xTaskPriorityDisinherit
                0x000020bc       0xf4 ./freertos/freertos_kernel/tasks.o
                0x000020bc                xTaskPriorityDisinherit
 .text.prvAddCurrentTaskToDelayedList
                0x000021b0       0xcc ./freertos/freertos_kernel/tasks.o
 .text.xTimerCreateTimerTask
                0x0000227c       0x64 ./freertos/freertos_kernel/timers.o
                0x0000227c                xTimerCreateTimerTask
 .text.xTimerGenericCommand
                0x000022e0       0x9c ./freertos/freertos_kernel/timers.o
                0x000022e0                xTimerGenericCommand
 .text.prvProcessExpiredTimer
                0x0000237c       0x98 ./freertos/freertos_kernel/timers.o
 .text.prvProcessTimerOrBlockTask
                0x00002414       0x9c ./freertos/freertos_kernel/timers.o
 .text.prvGetNextExpireTime
                0x000024b0       0x48 ./freertos/freertos_kernel/timers.o
 .text.prvSampleTimeNow
                0x000024f8       0x40 ./freertos/freertos_kernel/timers.o
 .text.prvInsertTimerInActiveList
                0x00002538       0x84 ./freertos/freertos_kernel/timers.o
 .text.prvProcessReceivedCommands
                0x000025bc      0x1c4 ./freertos/freertos_kernel/timers.o
 .text.prvSwitchTimerLists
                0x00002780       0xc8 ./freertos/freertos_kernel/timers.o
 .text.prvCheckForValidListAndQueue
                0x00002848       0x6c ./freertos/freertos_kernel/timers.o
 .text.CLOCK_SetEr32kClock
                0x000028b4       0x30 ./drivers/fsl_clock.o
 .text.CLOCK_SetPllFllSelClock
                0x000028e4       0x38 ./drivers/fsl_clock.o
 .text.CLOCK_GetMcgExtClkFreq
                0x0000291c       0x7c ./drivers/fsl_clock.o
 .text.CLOCK_GetFllExtRefClkFreq
                0x00002998       0xb0 ./drivers/fsl_clock.o
 .text.CLOCK_GetInternalRefClkSelectFreq
                0x00002a48       0x4c ./drivers/fsl_clock.o
 .text.CLOCK_GetFllRefClkFreq
                0x00002a94       0x34 ./drivers/fsl_clock.o
 .text.CLOCK_GetOscRangeFromFreq
                0x00002ac8       0x3c ./drivers/fsl_clock.o
 .text.CLOCK_GetCoreSysClkFreq
                0x00002b04       0x28 ./drivers/fsl_clock.o
                0x00002b04                CLOCK_GetCoreSysClkFreq
 .text.CLOCK_SetSimConfig
                0x00002b2c       0x34 ./drivers/fsl_clock.o
                0x00002b2c                CLOCK_SetSimConfig
 .text.CLOCK_GetOutClkFreq
                0x00002b60       0x64 ./drivers/fsl_clock.o
                0x00002b60                CLOCK_GetOutClkFreq
 .text.CLOCK_GetFllFreq
                0x00002bc4       0x84 ./drivers/fsl_clock.o
                0x00002bc4                CLOCK_GetFllFreq
 .text.CLOCK_GetPll0Freq
                0x00002c48       0x78 ./drivers/fsl_clock.o
                0x00002c48                CLOCK_GetPll0Freq
 .text.CLOCK_SetExternalRefClkConfig
                0x00002cc0       0x6c ./drivers/fsl_clock.o
                0x00002cc0                CLOCK_SetExternalRefClkConfig
 .text.CLOCK_SetInternalRefClkConfig
                0x00002d2c      0x104 ./drivers/fsl_clock.o
                0x00002d2c                CLOCK_SetInternalRefClkConfig
 .text.CLOCK_EnablePll0
                0x00002e30       0x88 ./drivers/fsl_clock.o
                0x00002e30                CLOCK_EnablePll0
 .text.CLOCK_InitOsc0
                0x00002eb8       0x8c ./drivers/fsl_clock.o
                0x00002eb8                CLOCK_InitOsc0
 .text.CLOCK_SetPbeMode
                0x00002f44       0xa8 ./drivers/fsl_clock.o
                0x00002f44                CLOCK_SetPbeMode
 .text.CLOCK_BootToPeeMode
                0x00002fec       0x64 ./drivers/fsl_clock.o
                0x00002fec                CLOCK_BootToPeeMode
 .text.UART_GetInstance
                0x00003050       0x54 ./drivers/fsl_uart.o
                0x00003050                UART_GetInstance
 .text.UART_Init
                0x000030a4      0x2f4 ./drivers/fsl_uart.o
                0x000030a4                UART_Init
 .text.UART_GetDefaultConfig
                0x00003398       0x68 ./drivers/fsl_uart.o
                0x00003398                UART_GetDefaultConfig
 .text.UART0_DriverIRQHandler
                0x00003400       0x28 ./drivers/fsl_uart.o
                0x00003400                UART0_DriverIRQHandler
 .text.UART1_DriverIRQHandler
                0x00003428       0x28 ./drivers/fsl_uart.o
                0x00003428                UART1_DriverIRQHandler
 .text.UART2_DriverIRQHandler
                0x00003450       0x28 ./drivers/fsl_uart.o
                0x00003450                UART2_DriverIRQHandler
 .text.UART3_DriverIRQHandler
                0x00003478       0x28 ./drivers/fsl_uart.o
                0x00003478                UART3_DriverIRQHandler
 .text.UART4_DriverIRQHandler
                0x000034a0       0x28 ./drivers/fsl_uart.o
                0x000034a0                UART4_DriverIRQHandler
 .text.UART5_DriverIRQHandler
                0x000034c8       0x28 ./drivers/fsl_uart.o
                0x000034c8                UART5_DriverIRQHandler
 .text.SystemInit
                0x000034f0       0x3c ./device/system_MK64F12.o
                0x000034f0                SystemInit
 .text.HAL_UartInit
                0x0000352c      0x128 ./component/uart/fsl_adapter_uart.o
                0x0000352c                HAL_UartInit
 .text.HAL_UartSendBlocking
                0x00003654       0x64 ./component/uart/fsl_adapter_uart.o
                0x00003654                HAL_UartSendBlocking
 .text.CLOCK_SetSimSafeDivs
                0x000036b8       0x20 ./board/clock_config.o
 .text.CLOCK_SetXtal0Freq
                0x000036d8       0x20 ./board/clock_config.o
 .text.CLOCK_CONFIG_SetFllExtRefDiv
                0x000036f8       0x3c ./board/clock_config.o
 .text.BOARD_BootClockRUN
                0x00003734       0x60 ./board/clock_config.o
                0x00003734                BOARD_BootClockRUN
 .text.BOARD_InitPins
                0x00003794       0x44 ./board/pin_mux.o
                0x00003794                BOARD_InitPins
 .text._initio  0x000037d8       0x78 c:/nxp/mcuxpressoide_11.8.0_1165/ide/plugins/com.nxp.mcuxpresso.tools.win32_11.8.0.202306131047/tools/bin/../lib/gcc/arm-none-eabi/12.2.1/../../../../arm-none-eabi/lib/thumb/v7e-m+fp/hard\libcr_c.a(initio.o)
                0x000037d8                _initio
 .text._Cwritebuf
                0x00003850       0x6c c:/nxp/mcuxpressoide_11.8.0_1165/ide/plugins/com.nxp.mcuxpresso.tools.win32_11.8.0.202306131047/tools/bin/../lib/gcc/arm-none-eabi/12.2.1/../../../../arm-none-eabi/lib/thumb/v7e-m+fp/hard\libcr_c.a(_writebuf.o)
                0x00003850                _Cwritebuf
 .text.fflush   0x000038bc       0x3c c:/nxp/mcuxpressoide_11.8.0_1165/ide/plugins/com.nxp.mcuxpresso.tools.win32_11.8.0.202306131047/tools/bin/../lib/gcc/arm-none-eabi/12.2.1/../../../../arm-none-eabi/lib/thumb/v7e-m+fp/hard\libcr_c.a(fflush.o)
                0x000038bc                fflush
 .text.fseek    0x000038f8       0xf8 c:/nxp/mcuxpressoide_11.8.0_1165/ide/plugins/com.nxp.mcuxpresso.tools.win32_11.8.0.202306131047/tools/bin/../lib/gcc/arm-none-eabi/12.2.1/../../../../arm-none-eabi/lib/thumb/v7e-m+fp/hard\libcr_c.a(fseek.o)
                0x000038f8                fseek
 .text.ftell    0x000039f0       0x44 c:/nxp/mcuxpressoide_11.8.0_1165/ide/plugins/com.nxp.mcuxpresso.tools.win32_11.8.0.202306131047/tools/bin/../lib/gcc/arm-none-eabi/12.2.1/../../../../arm-none-eabi/lib/thumb/v7e-m+fp/hard\libcr_c.a(ftell.o)
                0x000039f0                ftell
 .text.DbgConsole_PrintCallback
                0x00003a34       0x66 ./utilities/fsl_debug_console.o
 .text.DbgConsole_Printf
                0x00003a9a       0x2c ./utilities/fsl_debug_console.o
                0x00003a9a                DbgConsole_Printf
 .text.PrintGetWidth
                0x00003ac6       0x6a ./utilities/fsl_str.o
 .text.PrintGetPrecision
                0x00003b30       0x8c ./utilities/fsl_str.o
 .text.PrintIsobpu
                0x00003bbc       0x38 ./utilities/fsl_str.o
 .text.PrintIsdi
                0x00003bf4       0x2c ./utilities/fsl_str.o
 .text.PrintOutputdifFobpu
                0x00003c20       0x44 ./utilities/fsl_str.o
 .text.PrintOutputxX
                0x00003c64       0x44 ./utilities/fsl_str.o
 .text.PrintIsfF
                0x00003ca8       0x2c ./utilities/fsl_str.o
 .text.PrintIsxX
                0x00003cd4       0x2c ./utilities/fsl_str.o
 .text.PrintFilterLengthFlag
                0x00003d00       0x3e ./utilities/fsl_str.o
 .text.PrintGetRadixFromobpu
                0x00003d3e       0x40 ./utilities/fsl_str.o
 .text.ConvertRadixNumToString
                0x00003d7e       0xc2 ./utilities/fsl_str.o
 .text.StrFormatPrintf
                0x00003e40      0x2ac ./utilities/fsl_str.o
                0x00003e40                StrFormatPrintf
 .text.DMA0_IRQHandler
                0x000040ec        0x8 ./startup/startup_mk64f12.o
                0x000040ec                DMA0_IRQHandler
 .text.DMA1_IRQHandler
                0x000040f4        0x8 ./startup/startup_mk64f12.o
                0x000040f4                DMA1_IRQHandler
 .text.DMA2_IRQHandler
                0x000040fc        0x8 ./startup/startup_mk64f12.o
                0x000040fc                DMA2_IRQHandler
 .text.DMA3_IRQHandler
                0x00004104        0x8 ./startup/startup_mk64f12.o
                0x00004104                DMA3_IRQHandler
 .text.DMA4_IRQHandler
                0x0000410c        0x8 ./startup/startup_mk64f12.o
                0x0000410c                DMA4_IRQHandler
 .text.DMA5_IRQHandler
                0x00004114        0x8 ./startup/startup_mk64f12.o
                0x00004114                DMA5_IRQHandler
 .text.DMA6_IRQHandler
                0x0000411c        0x8 ./startup/startup_mk64f12.o
                0x0000411c                DMA6_IRQHandler
 .text.DMA7_IRQHandler
                0x00004124        0x8 ./startup/startup_mk64f12.o
                0x00004124                DMA7_IRQHandler
 .text.DMA8_IRQHandler
                0x0000412c        0x8 ./startup/startup_mk64f12.o
                0x0000412c                DMA8_IRQHandler
 .text.DMA9_IRQHandler
                0x00004134        0x8 ./startup/startup_mk64f12.o
                0x00004134                DMA9_IRQHandler
 .text.DMA10_IRQHandler
                0x0000413c        0x8 ./startup/startup_mk64f12.o
                0x0000413c                DMA10_IRQHandler
 .text.DMA11_IRQHandler
                0x00004144        0x8 ./startup/startup_mk64f12.o
                0x00004144                DMA11_IRQHandler
 .text.DMA12_IRQHandler
                0x0000414c        0x8 ./startup/startup_mk64f12.o
                0x0000414c                DMA12_IRQHandler
 .text.DMA13_IRQHandler
                0x00004154        0x8 ./startup/startup_mk64f12.o
                0x00004154                DMA13_IRQHandler
 .text.DMA14_IRQHandler
                0x0000415c        0x8 ./startup/startup_mk64f12.o
                0x0000415c                DMA14_IRQHandler
 .text.DMA15_IRQHandler
                0x00004164        0x8 ./startup/startup_mk64f12.o
                0x00004164                DMA15_IRQHandler
 .text.DMA_Error_IRQHandler
                0x0000416c        0x8 ./startup/startup_mk64f12.o
                0x0000416c                DMA_Error_IRQHandler
 .text.MCM_IRQHandler
                0x00004174        0x8 ./startup/startup_mk64f12.o
                0x00004174                MCM_IRQHandler
 .text.FTFE_IRQHandler
                0x0000417c        0x8 ./startup/startup_mk64f12.o
                0x0000417c                FTFE_IRQHandler
 .text.Read_Collision_IRQHandler
                0x00004184        0x8 ./startup/startup_mk64f12.o
                0x00004184                Read_Collision_IRQHandler
 .text.LVD_LVW_IRQHandler
                0x0000418c        0x8 ./startup/startup_mk64f12.o
                0x0000418c                LVD_LVW_IRQHandler
 .text.LLWU_IRQHandler
                0x00004194        0x8 ./startup/startup_mk64f12.o
                0x00004194                LLWU_IRQHandler
 .text.WDOG_EWM_IRQHandler
                0x0000419c        0x8 ./startup/startup_mk64f12.o
                0x0000419c                WDOG_EWM_IRQHandler
 .text.RNG_IRQHandler
                0x000041a4        0x8 ./startup/startup_mk64f12.o
                0x000041a4                RNG_IRQHandler
 .text.I2C0_IRQHandler
                0x000041ac        0x8 ./startup/startup_mk64f12.o
                0x000041ac                I2C0_IRQHandler
 .text.I2C1_IRQHandler
                0x000041b4        0x8 ./startup/startup_mk64f12.o
                0x000041b4                I2C1_IRQHandler
 .text.SPI0_IRQHandler
                0x000041bc        0x8 ./startup/startup_mk64f12.o
                0x000041bc                SPI0_IRQHandler
 .text.SPI1_IRQHandler
                0x000041c4        0x8 ./startup/startup_mk64f12.o
                0x000041c4                SPI1_IRQHandler
 .text.I2S0_Tx_IRQHandler
                0x000041cc        0x8 ./startup/startup_mk64f12.o
                0x000041cc                I2S0_Tx_IRQHandler
 .text.I2S0_Rx_IRQHandler
                0x000041d4        0x8 ./startup/startup_mk64f12.o
                0x000041d4                I2S0_Rx_IRQHandler
 .text.UART0_LON_IRQHandler
                0x000041dc        0x8 ./startup/startup_mk64f12.o
                0x000041dc                UART0_LON_IRQHandler
 .text.UART0_RX_TX_IRQHandler
                0x000041e4        0x8 ./startup/startup_mk64f12.o
                0x000041e4                UART0_RX_TX_IRQHandler
 .text.UART0_ERR_IRQHandler
                0x000041ec        0x8 ./startup/startup_mk64f12.o
                0x000041ec                UART0_ERR_IRQHandler
 .text.UART1_RX_TX_IRQHandler
                0x000041f4        0x8 ./startup/startup_mk64f12.o
                0x000041f4                UART1_RX_TX_IRQHandler
 .text.UART1_ERR_IRQHandler
                0x000041fc        0x8 ./startup/startup_mk64f12.o
                0x000041fc                UART1_ERR_IRQHandler
 .text.UART2_RX_TX_IRQHandler
                0x00004204        0x8 ./startup/startup_mk64f12.o
                0x00004204                UART2_RX_TX_IRQHandler
 .text.UART2_ERR_IRQHandler
                0x0000420c        0x8 ./startup/startup_mk64f12.o
                0x0000420c                UART2_ERR_IRQHandler
 .text.UART3_RX_TX_IRQHandler
                0x00004214        0x8 ./startup/startup_mk64f12.o
                0x00004214                UART3_RX_TX_IRQHandler
 .text.UART3_ERR_IRQHandler
                0x0000421c        0x8 ./startup/startup_mk64f12.o
                0x0000421c                UART3_ERR_IRQHandler
 .text.ADC0_IRQHandler
                0x00004224        0x8 ./startup/startup_mk64f12.o
                0x00004224                ADC0_IRQHandler
 .text.CMP0_IRQHandler
                0x0000422c        0x8 ./startup/startup_mk64f12.o
                0x0000422c                CMP0_IRQHandler
 .text.CMP1_IRQHandler
                0x00004234        0x8 ./startup/startup_mk64f12.o
                0x00004234                CMP1_IRQHandler
 .text.FTM0_IRQHandler
                0x0000423c        0x8 ./startup/startup_mk64f12.o
                0x0000423c                FTM0_IRQHandler
 .text.FTM1_IRQHandler
                0x00004244        0x8 ./startup/startup_mk64f12.o
                0x00004244                FTM1_IRQHandler
 .text.FTM2_IRQHandler
                0x0000424c        0x8 ./startup/startup_mk64f12.o
                0x0000424c                FTM2_IRQHandler
 .text.CMT_IRQHandler
                0x00004254        0x8 ./startup/startup_mk64f12.o
                0x00004254                CMT_IRQHandler
 .text.RTC_IRQHandler
                0x0000425c        0x8 ./startup/startup_mk64f12.o
                0x0000425c                RTC_IRQHandler
 .text.RTC_Seconds_IRQHandler
                0x00004264        0x8 ./startup/startup_mk64f12.o
                0x00004264                RTC_Seconds_IRQHandler
 .text.PIT0_IRQHandler
                0x0000426c        0x8 ./startup/startup_mk64f12.o
                0x0000426c                PIT0_IRQHandler
 .text.PIT1_IRQHandler
                0x00004274        0x8 ./startup/startup_mk64f12.o
                0x00004274                PIT1_IRQHandler
 .text.PIT2_IRQHandler
                0x0000427c        0x8 ./startup/startup_mk64f12.o
                0x0000427c                PIT2_IRQHandler
 .text.PIT3_IRQHandler
                0x00004284        0x8 ./startup/startup_mk64f12.o
                0x00004284                PIT3_IRQHandler
 .text.PDB0_IRQHandler
                0x0000428c        0x8 ./startup/startup_mk64f12.o
                0x0000428c                PDB0_IRQHandler
 .text.USB0_IRQHandler
                0x00004294        0x8 ./startup/startup_mk64f12.o
                0x00004294                USB0_IRQHandler
 .text.USBDCD_IRQHandler
                0x0000429c        0x8 ./startup/startup_mk64f12.o
                0x0000429c                USBDCD_IRQHandler
 .text.Reserved71_IRQHandler
                0x000042a4        0x8 ./startup/startup_mk64f12.o
                0x000042a4                Reserved71_IRQHandler
 .text.DAC0_IRQHandler
                0x000042ac        0x8 ./startup/startup_mk64f12.o
                0x000042ac                DAC0_IRQHandler
 .text.MCG_IRQHandler
                0x000042b4        0x8 ./startup/startup_mk64f12.o
                0x000042b4                MCG_IRQHandler
 .text.LPTMR0_IRQHandler
                0x000042bc        0x8 ./startup/startup_mk64f12.o
                0x000042bc                LPTMR0_IRQHandler
 .text.PORTA_IRQHandler
                0x000042c4        0x8 ./startup/startup_mk64f12.o
                0x000042c4                PORTA_IRQHandler
 .text.PORTB_IRQHandler
                0x000042cc        0x8 ./startup/startup_mk64f12.o
                0x000042cc                PORTB_IRQHandler
 .text.PORTC_IRQHandler
                0x000042d4        0x8 ./startup/startup_mk64f12.o
                0x000042d4                PORTC_IRQHandler
 .text.PORTD_IRQHandler
                0x000042dc        0x8 ./startup/startup_mk64f12.o
                0x000042dc                PORTD_IRQHandler
 .text.PORTE_IRQHandler
                0x000042e4        0x8 ./startup/startup_mk64f12.o
                0x000042e4                PORTE_IRQHandler
 .text.SWI_IRQHandler
                0x000042ec        0x8 ./startup/startup_mk64f12.o
                0x000042ec                SWI_IRQHandler
 .text.SPI2_IRQHandler
                0x000042f4        0x8 ./startup/startup_mk64f12.o
                0x000042f4                SPI2_IRQHandler
 .text.UART4_RX_TX_IRQHandler
                0x000042fc        0x8 ./startup/startup_mk64f12.o
                0x000042fc                UART4_RX_TX_IRQHandler
 .text.UART4_ERR_IRQHandler
                0x00004304        0x8 ./startup/startup_mk64f12.o
                0x00004304                UART4_ERR_IRQHandler
 .text.UART5_RX_TX_IRQHandler
                0x0000430c        0x8 ./startup/startup_mk64f12.o
                0x0000430c                UART5_RX_TX_IRQHandler
 .text.UART5_ERR_IRQHandler
                0x00004314        0x8 ./startup/startup_mk64f12.o
                0x00004314                UART5_ERR_IRQHandler
 .text.CMP2_IRQHandler
                0x0000431c        0x8 ./startup/startup_mk64f12.o
                0x0000431c                CMP2_IRQHandler
 .text.FTM3_IRQHandler
                0x00004324        0x8 ./startup/startup_mk64f12.o
                0x00004324                FTM3_IRQHandler
 .text.DAC1_IRQHandler
                0x0000432c        0x8 ./startup/startup_mk64f12.o
                0x0000432c                DAC1_IRQHandler
 .text.ADC1_IRQHandler
                0x00004334        0x8 ./startup/startup_mk64f12.o
                0x00004334                ADC1_IRQHandler
 .text.I2C2_IRQHandler
                0x0000433c        0x8 ./startup/startup_mk64f12.o
                0x0000433c                I2C2_IRQHandler
 .text.CAN0_ORed_Message_buffer_IRQHandler
                0x00004344        0x8 ./startup/startup_mk64f12.o
                0x00004344                CAN0_ORed_Message_buffer_IRQHandler
 .text.CAN0_Bus_Off_IRQHandler
                0x0000434c        0x8 ./startup/startup_mk64f12.o
                0x0000434c                CAN0_Bus_Off_IRQHandler
 .text.CAN0_Error_IRQHandler
                0x00004354        0x8 ./startup/startup_mk64f12.o
                0x00004354                CAN0_Error_IRQHandler
 .text.CAN0_Tx_Warning_IRQHandler
                0x0000435c        0x8 ./startup/startup_mk64f12.o
                0x0000435c                CAN0_Tx_Warning_IRQHandler
 .text.CAN0_Rx_Warning_IRQHandler
                0x00004364        0x8 ./startup/startup_mk64f12.o
                0x00004364                CAN0_Rx_Warning_IRQHandler
 .text.CAN0_Wake_Up_IRQHandler
                0x0000436c        0x8 ./startup/startup_mk64f12.o
                0x0000436c                CAN0_Wake_Up_IRQHandler
 .text.SDHC_IRQHandler
                0x00004374        0x8 ./startup/startup_mk64f12.o
                0x00004374                SDHC_IRQHandler
 .text.ENET_1588_Timer_IRQHandler
                0x0000437c        0x8 ./startup/startup_mk64f12.o
                0x0000437c                ENET_1588_Timer_IRQHandler
 .text.ENET_Transmit_IRQHandler
                0x00004384        0x8 ./startup/startup_mk64f12.o
                0x00004384                ENET_Transmit_IRQHandler
 .text.ENET_Receive_IRQHandler
                0x0000438c        0x8 ./startup/startup_mk64f12.o
                0x0000438c                ENET_Receive_IRQHandler
 .text.ENET_Error_IRQHandler
                0x00004394        0x8 ./startup/startup_mk64f12.o
                0x00004394                ENET_Error_IRQHandler
 .text.HardFault_Handler
                0x0000439c       0x36 ./source/semihost_hardfault.o
                0x0000439c                HardFault_Handler
 .text.vListInitialise
                0x000043d2       0x40 ./freertos/freertos_kernel/list.o
                0x000043d2                vListInitialise
 .text.vListInitialiseItem
                0x00004412       0x1a ./freertos/freertos_kernel/list.o
                0x00004412                vListInitialiseItem
 .text.vListInsertEnd
                0x0000442c       0x48 ./freertos/freertos_kernel/list.o
                0x0000442c                vListInsertEnd
 .text.vListInsert
                0x00004474       0x72 ./freertos/freertos_kernel/list.o
                0x00004474                vListInsert
 .text.uxListRemove
                0x000044e6       0x54 ./freertos/freertos_kernel/list.o
                0x000044e6                uxListRemove
 .text.xQueueGenericCreate
                0x0000453a       0xbe ./freertos/freertos_kernel/queue.o
                0x0000453a                xQueueGenericCreate
 .text.prvInitialiseNewQueue
                0x000045f8       0x46 ./freertos/freertos_kernel/queue.o
 .text.xQueueGenericSendFromISR
                0x0000463e      0x154 ./freertos/freertos_kernel/queue.o
                0x0000463e                xQueueGenericSendFromISR
 .text.prvCopyDataToQueue
                0x00004792       0xd4 ./freertos/freertos_kernel/queue.o
 .text.prvCopyDataFromQueue
                0x00004866       0x4c ./freertos/freertos_kernel/queue.o
 .text.prvUnlockQueue
                0x000048b2       0xa4 ./freertos/freertos_kernel/queue.o
 .text.prvIsQueueEmpty
                0x00004956       0x2c ./freertos/freertos_kernel/queue.o
 .text.prvIsQueueFull
                0x00004982       0x30 ./freertos/freertos_kernel/queue.o
 .text.vQueueWaitForMessageRestricted
                0x000049b2       0x68 ./freertos/freertos_kernel/queue.o
                0x000049b2                vQueueWaitForMessageRestricted
 .text.xTaskCreate
                0x00004a1a       0x82 ./freertos/freertos_kernel/tasks.o
                0x00004a1a                xTaskCreate
 .text.prvInitialiseNewTask
                0x00004a9c      0x140 ./freertos/freertos_kernel/tasks.o
 .text.prvDeleteTCB
                0x00004bdc       0x20 ./freertos/freertos_kernel/tasks.o
 .text.prvTimerTask
                0x00004bfc       0x24 ./freertos/freertos_kernel/timers.o
 .text.OSC_SetExtRefClkConfig
                0x00004c20       0x34 ./drivers/fsl_clock.o
 .text.OSC_SetCapLoad
                0x00004c54       0x34 ./drivers/fsl_clock.o
 .text.CLOCK_GetPll0RefFreq
                0x00004c88        0xe ./drivers/fsl_clock.o
 .text.CLOCK_EnableClock
                0x00004c96       0x34 ./drivers/fsl_uart.o
 .text.UART_WriteBlocking
                0x00004cca       0x50 ./drivers/fsl_uart.o
                0x00004cca                UART_WriteBlocking
 .text.UART0_RX_TX_DriverIRQHandler
                0x00004d1a       0x12 ./drivers/fsl_uart.o
                0x00004d1a                UART0_RX_TX_DriverIRQHandler
 .text.UART1_RX_TX_DriverIRQHandler
                0x00004d2c       0x12 ./drivers/fsl_uart.o
                0x00004d2c                UART1_RX_TX_DriverIRQHandler
 .text.UART2_RX_TX_DriverIRQHandler
                0x00004d3e       0x12 ./drivers/fsl_uart.o
                0x00004d3e                UART2_RX_TX_DriverIRQHandler
 .text.UART3_RX_TX_DriverIRQHandler
                0x00004d50       0x12 ./drivers/fsl_uart.o
                0x00004d50                UART3_RX_TX_DriverIRQHandler
 .text.UART4_RX_TX_DriverIRQHandler
                0x00004d62       0x12 ./drivers/fsl_uart.o
                0x00004d62                UART4_RX_TX_DriverIRQHandler
 .text.UART5_RX_TX_DriverIRQHandler
                0x00004d74       0x12 ./drivers/fsl_uart.o
                0x00004d74                UART5_RX_TX_DriverIRQHandler
 .text.SystemInitHook
                0x00004d86        0xe ./device/system_MK64F12.o
                0x00004d86                SystemInitHook
 .text.HAL_UartGetStatus
                0x00004d94       0x22 ./component/uart/fsl_adapter_uart.o
 .text.DisableGlobalIRQ
                0x00004db6       0x22 ./component/serial_manager/fsl_component_serial_manager.o
 .text.EnableGlobalIRQ
                0x00004dd8       0x20 ./component/serial_manager/fsl_component_serial_manager.o
 .text.SerialManager_StartWriting
                0x00004df8       0x38 ./component/serial_manager/fsl_component_serial_manager.o
 .text.SerialManager_Write
                0x00004e30       0x44 ./component/serial_manager/fsl_component_serial_manager.o
 .text.SerialManager_Init
                0x00004e74       0x60 ./component/serial_manager/fsl_component_serial_manager.o
                0x00004e74                SerialManager_Init
 .text.SerialManager_OpenWriteHandle
                0x00004ed4       0x50 ./component/serial_manager/fsl_component_serial_manager.o
                0x00004ed4                SerialManager_OpenWriteHandle
 .text.SerialManager_OpenReadHandle
                0x00004f24       0x60 ./component/serial_manager/fsl_component_serial_manager.o
                0x00004f24                SerialManager_OpenReadHandle
 .text.SerialManager_WriteBlocking
                0x00004f84       0x20 ./component/serial_manager/fsl_component_serial_manager.o
                0x00004f84                SerialManager_WriteBlocking
 .text.Serial_UartInit
                0x00004fa4       0x3e ./component/serial_manager/fsl_component_serial_port_uart.o
                0x00004fa4                Serial_UartInit
 .text.Serial_UartWrite
                0x00004fe2       0x38 ./component/serial_manager/fsl_component_serial_port_uart.o
                0x00004fe2                Serial_UartWrite
 .text.BOARD_InitDebugConsole
                0x0000501a       0x22 ./board/board.o
                0x0000501a                BOARD_InitDebugConsole
 .text.BOARD_InitBootClocks
                0x0000503c        0xc ./board/clock_config.o
                0x0000503c                BOARD_InitBootClocks
 .text.CLOCK_EnableClock
                0x00005048       0x34 ./board/pin_mux.o
 .text.PORT_SetPinMux
                0x0000507c       0x3a ./board/pin_mux.o
 .text.BOARD_InitBootPins
                0x000050b6        0xc ./board/pin_mux.o
                0x000050b6                BOARD_InitBootPins
 .text.__main   0x000050c2        0xe c:/nxp/mcuxpressoide_11.8.0_1165/ide/plugins/com.nxp.mcuxpresso.tools.win32_11.8.0.202306131047/tools/bin/../lib/gcc/arm-none-eabi/12.2.1/../../../../arm-none-eabi/lib/thumb/v7e-m+fp/hard\libcr_nohost_nf.a(_cr__main.o)
                0x000050c2                __main
 .text.memcpy   0x000050d0        0x4 c:/nxp/mcuxpressoide_11.8.0_1165/ide/plugins/com.nxp.mcuxpresso.tools.win32_11.8.0.202306131047/tools/bin/../lib/gcc/arm-none-eabi/12.2.1/../../../../arm-none-eabi/lib/thumb/v7e-m+fp/hard\libcr_c.a(memcpy.o)
                0x000050d0                memcpy
 .text.memset   0x000050d4        0x4 c:/nxp/mcuxpressoide_11.8.0_1165/ide/plugins/com.nxp.mcuxpresso.tools.win32_11.8.0.202306131047/tools/bin/../lib/gcc/arm-none-eabi/12.2.1/../../../../arm-none-eabi/lib/thumb/v7e-m+fp/hard\libcr_c.a(memset.o)
                0x000050d4                memset
 .text.free     0x000050d8       0x30 c:/nxp/mcuxpressoide_11.8.0_1165/ide/plugins/com.nxp.mcuxpresso.tools.win32_11.8.0.202306131047/tools/bin/../lib/gcc/arm-none-eabi/12.2.1/../../../../arm-none-eabi/lib/thumb/v7e-m+fp/hard\libcr_c.a(alloc.o)
                0x000050d8                free
 .text.setvbuf  0x00005108       0x3e c:/nxp/mcuxpressoide_11.8.0_1165/ide/plugins/com.nxp.mcuxpresso.tools.win32_11.8.0.202306131047/tools/bin/../lib/gcc/arm-none-eabi/12.2.1/../../../../arm-none-eabi/lib/thumb/v7e-m+fp/hard\libcr_c.a(setvbuf.o)
                0x00005108                setvbuf
 .text.strlen   0x00005146       0x4e c:/nxp/mcuxpressoide_11.8.0_1165/ide/plugins/com.nxp.mcuxpresso.tools.win32_11.8.0.202306131047/tools/bin/../lib/gcc/arm-none-eabi/12.2.1/../../../../arm-none-eabi/lib/thumb/v7e-m+fp/hard\libcr_c.a(strlen.o)
                0x00005146                strlen
 .text._deferredlazyseek
                0x00005194       0x40 c:/nxp/mcuxpressoide_11.8.0_1165/ide/plugins/com.nxp.mcuxpresso.tools.win32_11.8.0.202306131047/tools/bin/../lib/gcc/arm-none-eabi/12.2.1/../../../../arm-none-eabi/lib/thumb/v7e-m+fp/hard\libcr_c.a(_deferredlazyseek.o)
                0x00005194                _deferredlazyseek
 .text._fdopen  0x000051d4       0x68 c:/nxp/mcuxpressoide_11.8.0_1165/ide/plugins/com.nxp.mcuxpresso.tools.win32_11.8.0.202306131047/tools/bin/../lib/gcc/arm-none-eabi/12.2.1/../../../../arm-none-eabi/lib/thumb/v7e-m+fp/hard\libcr_c.a(_fdopen.o)
                0x000051d4                _fdopen
 .text._fflush  0x0000523c       0x52 c:/nxp/mcuxpressoide_11.8.0_1165/ide/plugins/com.nxp.mcuxpresso.tools.win32_11.8.0.202306131047/tools/bin/../lib/gcc/arm-none-eabi/12.2.1/../../../../arm-none-eabi/lib/thumb/v7e-m+fp/hard\libcr_c.a(_fflush.o)
                0x0000523c                _fflush
 .text.fclose   0x0000528e       0x58 c:/nxp/mcuxpressoide_11.8.0_1165/ide/plugins/com.nxp.mcuxpresso.tools.win32_11.8.0.202306131047/tools/bin/../lib/gcc/arm-none-eabi/12.2.1/../../../../arm-none-eabi/lib/thumb/v7e-m+fp/hard\libcr_c.a(fclose.o)
                0x0000528e                fclose
 .text.remove   0x000052e6       0x14 c:/nxp/mcuxpressoide_11.8.0_1165/ide/plugins/com.nxp.mcuxpresso.tools.win32_11.8.0.202306131047/tools/bin/../lib/gcc/arm-none-eabi/12.2.1/../../../../arm-none-eabi/lib/thumb/v7e-m+fp/hard\libcr_c.a(remove.o)
                0x000052e6                remove
 .text._do_fflush
                0x000052fa       0x40 c:/nxp/mcuxpressoide_11.8.0_1165/ide/plugins/com.nxp.mcuxpresso.tools.win32_11.8.0.202306131047/tools/bin/../lib/gcc/arm-none-eabi/12.2.1/../../../../arm-none-eabi/lib/thumb/v7e-m+fp/hard\libcr_c.a(_do_fflush.o)
                0x000052fa                _do_fflush
 .text.__aeabi_memcpy
                0x0000533a       0x34 c:/nxp/mcuxpressoide_11.8.0_1165/ide/plugins/com.nxp.mcuxpresso.tools.win32_11.8.0.202306131047/tools/bin/../lib/gcc/arm-none-eabi/12.2.1/thumb/v7e-m+fp/hard\libcr_eabihelpers.a(memcpy.o)
                0x0000533a                __aeabi_memcpy
                0x00005344                __aeabi_memcpy8
                0x00005344                __aeabi_memcpy4
 .text.__aeabi_memset_lowlevel
                0x0000536e       0x32 c:/nxp/mcuxpressoide_11.8.0_1165/ide/plugins/com.nxp.mcuxpresso.tools.win32_11.8.0.202306131047/tools/bin/../lib/gcc/arm-none-eabi/12.2.1/thumb/v7e-m+fp/hard\libcr_eabihelpers.a(memcpy.o)
                0x0000536e                __aeabi_lowlevel_memset
 .text.__sys_close
                0x000053a0        0x6 c:/nxp/mcuxpressoide_11.8.0_1165/ide/plugins/com.nxp.mcuxpresso.tools.win32_11.8.0.202306131047/tools/bin/../lib/gcc/arm-none-eabi/12.2.1/../../../../arm-none-eabi/lib/thumb/v7e-m+fp/hard\libcr_nohost_nf.a(__sys_close.o)
                0x000053a0                __sys_close
 .text.__sys_flen
                0x000053a6        0x6 c:/nxp/mcuxpressoide_11.8.0_1165/ide/plugins/com.nxp.mcuxpresso.tools.win32_11.8.0.202306131047/tools/bin/../lib/gcc/arm-none-eabi/12.2.1/../../../../arm-none-eabi/lib/thumb/v7e-m+fp/hard\libcr_nohost_nf.a(__sys_flen.o)
                0x000053a6                __sys_flen
 .text.__sys_istty
                0x000053ac        0x6 c:/nxp/mcuxpressoide_11.8.0_1165/ide/plugins/com.nxp.mcuxpresso.tools.win32_11.8.0.202306131047/tools/bin/../lib/gcc/arm-none-eabi/12.2.1/../../../../arm-none-eabi/lib/thumb/v7e-m+fp/hard\libcr_nohost_nf.a(__sys_istty.o)
                0x000053ac                __sys_istty
 .text.__sys_remove
                0x000053b2        0x6 c:/nxp/mcuxpressoide_11.8.0_1165/ide/plugins/com.nxp.mcuxpresso.tools.win32_11.8.0.202306131047/tools/bin/../lib/gcc/arm-none-eabi/12.2.1/../../../../arm-none-eabi/lib/thumb/v7e-m+fp/hard\libcr_nohost_nf.a(__sys_remove.o)
                0x000053b2                __sys_remove
 .text.__sys_seek
                0x000053b8        0x6 c:/nxp/mcuxpressoide_11.8.0_1165/ide/plugins/com.nxp.mcuxpresso.tools.win32_11.8.0.202306131047/tools/bin/../lib/gcc/arm-none-eabi/12.2.1/../../../../arm-none-eabi/lib/thumb/v7e-m+fp/hard\libcr_nohost_nf.a(__sys_seek.o)
                0x000053b8                __sys_seek
 .text.__sys_tmpnam
                0x000053be        0x6 c:/nxp/mcuxpressoide_11.8.0_1165/ide/plugins/com.nxp.mcuxpresso.tools.win32_11.8.0.202306131047/tools/bin/../lib/gcc/arm-none-eabi/12.2.1/../../../../arm-none-eabi/lib/thumb/v7e-m+fp/hard\libcr_nohost_nf.a(__sys_tmpnam.o)
                0x000053be                __sys_tmpnam
 .text.__sys_write
                0x000053c4        0x4 c:/nxp/mcuxpressoide_11.8.0_1165/ide/plugins/com.nxp.mcuxpresso.tools.win32_11.8.0.202306131047/tools/bin/../lib/gcc/arm-none-eabi/12.2.1/../../../../arm-none-eabi/lib/thumb/v7e-m+fp/hard\libcr_nohost_nf.a(__sys_write.o)
                0x000053c4                __sys_write
 *freertos*/tasks.o(SORT_BY_ALIGNMENT(.rodata*))
 .rodata.vTaskStartScheduler.str1.4
                0x000053c8        0x5 ./freertos/freertos_kernel/tasks.o
 *fill*         0x000053cd        0x3 ff
 .rodata        0x000053d0       0x1c ./freertos/freertos_kernel/tasks.o
                0x000053d0                portArch_Name
                0x000053d4                FreeRTOSDebugConfig
 *(SORT_BY_ALIGNMENT(.rodata) SORT_BY_ALIGNMENT(.rodata.*) SORT_BY_ALIGNMENT(.constdata) SORT_BY_ALIGNMENT(.constdata.*))
 .rodata.__assertion_failed.str1.4
                0x000053ec       0x14 ./utilities/fsl_assert.o
 .rodata.main.str1.4
                0x00005400       0x68 ./source/freertos_hello.o
 .rodata.task_cmd_left.str1.4
                0x00005468        0x5 ./source/freertos_hello.o
 *fill*         0x0000546d        0x3 ff
 .rodata.task_cmd_right.str1.4
                0x00005470        0x6 ./source/freertos_hello.o
 *fill*         0x00005476        0x2 ff
 .rodata.task_cmd_forwrd.str1.4
                0x00005478        0x9 ./source/freertos_hello.o
 *fill*         0x00005481        0x3 ff
 .rodata.task_cmd_bckwrd.str1.4
                0x00005484        0x9 ./source/freertos_hello.o
 *fill*         0x0000548d        0x3 ff
 .rodata.xTimerCreateTimerTask.str1.4
                0x00005490        0x8 ./freertos/freertos_kernel/timers.o
 .rodata.prvCheckForValidListAndQueue.str1.4
                0x00005498        0x5 ./freertos/freertos_kernel/timers.o
 *fill*         0x0000549d        0x3 ff
 .rodata.CLOCK_GetMcgExtClkFreq.str1.4
                0x000054a0       0x49 ./drivers/fsl_clock.o
 *fill*         0x000054e9        0x3 ff
 .rodata.CLOCK_GetPll0Freq.str1.4
                0x000054ec       0x1d ./drivers/fsl_clock.o
 *fill*         0x00005509        0x3 ff
 .rodata.CLOCK_EnablePll0.str1.4
                0x0000550c       0x1a ./drivers/fsl_clock.o
 *fill*         0x00005526        0x2 ff
 .rodata.CLOCK_SetPbeMode.str1.4
                0x00005528       0x1a ./drivers/fsl_clock.o
 *fill*         0x00005542        0x2 ff
 .rodata.CLOCK_BootToPeeMode.str1.4
                0x00005544       0x1a ./drivers/fsl_clock.o
 *fill*         0x0000555e        0x2 ff
 .rodata.fllFactorTable.1
                0x00005560       0x10 ./drivers/fsl_clock.o
 .rodata.s_uartBases
                0x00005570       0x18 ./drivers/fsl_uart.o
 .rodata.s_uartClock
                0x00005588       0x18 ./drivers/fsl_uart.o
 .rodata.UART_GetInstance.str1.4
                0x000055a0       0x2b ./drivers/fsl_uart.o
 *fill*         0x000055cb        0x1 ff
 .rodata.UART_Init.str1.4
                0x000055cc       0xfb ./drivers/fsl_uart.o
 *fill*         0x000056c7        0x1 ff
 .rodata.UART_GetDefaultConfig.str1.4
                0x000056c8       0x20 ./drivers/fsl_uart.o
 .rodata.s_UartAdapterBase
                0x000056e8       0x18 ./component/uart/fsl_adapter_uart.o
 .rodata.HAL_UartInit.str1.4
                0x00005700       0xdd ./component/uart/fsl_adapter_uart.o
 *fill*         0x000057dd        0x3 ff
 .rodata.HAL_UartSendBlocking.str1.4
                0x000057e0       0x60 ./component/uart/fsl_adapter_uart.o
 .rodata.mcgConfig_BOARD_BootClockRUN
                0x00005840        0xb ./board/clock_config.o
                0x00005840                mcgConfig_BOARD_BootClockRUN
 *fill*         0x0000584b        0x1 ff
 .rodata.simConfig_BOARD_BootClockRUN
                0x0000584c        0x8 ./board/clock_config.o
                0x0000584c                simConfig_BOARD_BootClockRUN
 .rodata.oscConfig_BOARD_BootClockRUN
                0x00005854        0x8 ./board/clock_config.o
                0x00005854                oscConfig_BOARD_BootClockRUN
 .rodata.__num_Ciob_streams
                0x0000585c        0x4 c:/nxp/mcuxpressoide_11.8.0_1165/ide/plugins/com.nxp.mcuxpresso.tools.win32_11.8.0.202306131047/tools/bin/../lib/gcc/arm-none-eabi/12.2.1/../../../../arm-none-eabi/lib/thumb/v7e-m+fp/hard\libcr_nohost_nf.a(__ciob.o)
                0x0000585c                __num_Ciob_streams
 .rodata._initio.str1.1
                0x00005860        0x4 c:/nxp/mcuxpressoide_11.8.0_1165/ide/plugins/com.nxp.mcuxpresso.tools.win32_11.8.0.202306131047/tools/bin/../lib/gcc/arm-none-eabi/12.2.1/../../../../arm-none-eabi/lib/thumb/v7e-m+fp/hard\libcr_c.a(initio.o)
                0x00005868                . = ALIGN (0x8)
 *fill*         0x00005864        0x4 ff

.glue_7         0x00005868        0x0
 .glue_7        0x00005868        0x0 linker stubs

.glue_7t        0x00005868        0x0
 .glue_7t       0x00005868        0x0 linker stubs

.vfp11_veneer   0x00005868        0x0
 .vfp11_veneer  0x00005868        0x0 linker stubs

.v4_bx          0x00005868        0x0
 .v4_bx         0x00005868        0x0 linker stubs

.iplt           0x00005868        0x0
 .iplt          0x00005868        0x0 ./utilities/fsl_assert.o

.rel.dyn        0x00005868        0x0
 .rel.iplt      0x00005868        0x0 ./utilities/fsl_assert.o

.ARM.extab
 *(SORT_BY_ALIGNMENT(.ARM.extab*) SORT_BY_ALIGNMENT(.gnu.linkonce.armextab.*))

.ARM.exidx      0x00005868        0x0
                0x00005868                __exidx_start = .
 *(SORT_BY_ALIGNMENT(.ARM.exidx*) SORT_BY_ALIGNMENT(.gnu.linkonce.armexidx.*))
                0x00005868                __exidx_end = .
                0x00005868                _etext = .

.m_usb_data
 *(SORT_BY_ALIGNMENT(m_usb_bdt))

.data_RAM2      0x1fff0000        0x0 load address 0x00005868
 FILL mask 0xff
                [!provide]                PROVIDE (__start_data_RAM2 = .)
                [!provide]                PROVIDE (__start_data_SRAM_LOWER = .)
 *(SORT_BY_ALIGNMENT(.ramfunc.$RAM2))
 *(SORT_BY_ALIGNMENT(.ramfunc.$SRAM_LOWER))
 *(SORT_BY_ALIGNMENT(.data.$RAM2))
 *(SORT_BY_ALIGNMENT(.data.$SRAM_LOWER))
 *(SORT_BY_ALIGNMENT(.data.$RAM2.*))
 *(SORT_BY_ALIGNMENT(.data.$SRAM_LOWER.*))
                0x1fff0000                . = ALIGN (0x8)
                [!provide]                PROVIDE (__end_data_RAM2 = .)
                [!provide]                PROVIDE (__end_data_SRAM_LOWER = .)

.data_RAM3      0x14000000        0x0 load address 0x00005868
 FILL mask 0xff
                [!provide]                PROVIDE (__start_data_RAM3 = .)
                [!provide]                PROVIDE (__start_data_FLEX_RAM = .)
 *(SORT_BY_ALIGNMENT(.ramfunc.$RAM3))
 *(SORT_BY_ALIGNMENT(.ramfunc.$FLEX_RAM))
 *(SORT_BY_ALIGNMENT(.data.$RAM3))
 *(SORT_BY_ALIGNMENT(.data.$FLEX_RAM))
 *(SORT_BY_ALIGNMENT(.data.$RAM3.*))
 *(SORT_BY_ALIGNMENT(.data.$FLEX_RAM.*))
                0x14000000                . = ALIGN (0x8)
                [!provide]                PROVIDE (__end_data_RAM3 = .)
                [!provide]                PROVIDE (__end_data_FLEX_RAM = .)

.uninit_RESERVED
                0x20000000        0x0
                0x20000000                _start_uninit_RESERVED = .
 *(SORT_BY_ALIGNMENT(.bss.$RESERVED*))
                0x20000000                . = ALIGN (0x8)
                0x20000000                _end_uninit_RESERVED = .

.data           0x20000000       0x20 load address 0x00005868
 FILL mask 0xff
                0x20000000                _data = .
                [!provide]                PROVIDE (__start_data_RAM = .)
                [!provide]                PROVIDE (__start_data_SRAM_UPPER = .)
 *(SORT_BY_ALIGNMENT(vtable))
 *(SORT_BY_ALIGNMENT(.ramfunc*))
 *(SORT_BY_ALIGNMENT(CodeQuickAccess))
 *(SORT_BY_ALIGNMENT(DataQuickAccess))
 *(SORT_BY_ALIGNMENT(RamFunction))
 *(SORT_BY_ALIGNMENT(.data*))
 .data.cmd_rutine_array
                0x20000000        0x8 ./source/freertos_hello.o
 .data.uxCriticalNesting
                0x20000008        0x4 ./freertos/freertos_kernel/portable/GCC/ARM_CM4F/port.o
 .data.uxTopUsedPriority
                0x2000000c        0x4 ./freertos/freertos_kernel/tasks.o
                0x2000000c                uxTopUsedPriority
 .data.s_slowIrcFreq
                0x20000010        0x4 ./drivers/fsl_clock.o
 .data.s_fastIrcFreq
                0x20000014        0x4 ./drivers/fsl_clock.o
 .data.SystemCoreClock
                0x20000018        0x4 ./device/system_MK64F12.o
                0x20000018                SystemCoreClock
                0x20000020                . = ALIGN (0x8)
 *fill*         0x2000001c        0x4 ff
                0x20000020                _edata = .
                [!provide]                PROVIDE (__end_data_RAM = .)
                [!provide]                PROVIDE (__end_data_SRAM_UPPER = .)

.igot.plt       0x20000020        0x0 load address 0x00005888
 .igot.plt      0x20000020        0x0 ./utilities/fsl_assert.o

.bss_RAM2       0x1fff0000        0x0
                [!provide]                PROVIDE (__start_bss_RAM2 = .)
                [!provide]                PROVIDE (__start_bss_SRAM_LOWER = .)
 *(SORT_BY_ALIGNMENT(.bss.$RAM2))
 *(SORT_BY_ALIGNMENT(.bss.$SRAM_LOWER))
 *(SORT_BY_ALIGNMENT(.bss.$RAM2.*))
 *(SORT_BY_ALIGNMENT(.bss.$SRAM_LOWER.*))
                0x1fff0000                . = ALIGN ((. != 0x0)?0x8:0x1)
                [!provide]                PROVIDE (__end_bss_RAM2 = .)
                [!provide]                PROVIDE (__end_bss_SRAM_LOWER = .)

.bss_RAM3       0x14000000        0x0
                [!provide]                PROVIDE (__start_bss_RAM3 = .)
                [!provide]                PROVIDE (__start_bss_FLEX_RAM = .)
 *(SORT_BY_ALIGNMENT(.bss.$RAM3))
 *(SORT_BY_ALIGNMENT(.bss.$FLEX_RAM))
 *(SORT_BY_ALIGNMENT(.bss.$RAM3.*))
 *(SORT_BY_ALIGNMENT(.bss.$FLEX_RAM.*))
                0x14000000                . = ALIGN ((. != 0x0)?0x8:0x1)
                [!provide]                PROVIDE (__end_bss_RAM3 = .)
                [!provide]                PROVIDE (__end_bss_FLEX_RAM = .)

.bss            0x20000020     0x2ac0
                0x20000020                _bss = .
                [!provide]                PROVIDE (__start_bss_RAM = .)
                [!provide]                PROVIDE (__start_bss_SRAM_UPPER = .)
 *(SORT_BY_ALIGNMENT(.bss*))
 .bss.s_debugConsoleState
                0x20000020       0x20 ./utilities/fsl_debug_console.o
 .bss.g_serialHandle
                0x20000040        0x4 ./utilities/fsl_debug_console.o
                0x20000040                g_serialHandle
 .bss.id_task_admin
                0x20000044        0x4 ./source/freertos_hello.o
 .bss.id_task_cmd_left
                0x20000048        0x4 ./source/freertos_hello.o
 .bss.id_task_cmd_right
                0x2000004c        0x4 ./source/freertos_hello.o
 .bss.id_task_cmd_forwrd
                0x20000050        0x4 ./source/freertos_hello.o
 .bss.id_task_cmd_bckwrd
                0x20000054        0x4 ./source/freertos_hello.o
 .bss.ucHeap    0x20000058     0x2800 ./freertos/freertos_kernel/portable/MemMang/heap_4.o
 .bss.xStart    0x20002858        0x8 ./freertos/freertos_kernel/portable/MemMang/heap_4.o
 .bss.pxEnd     0x20002860        0x4 ./freertos/freertos_kernel/portable/MemMang/heap_4.o
 .bss.xFreeBytesRemaining
                0x20002864        0x4 ./freertos/freertos_kernel/portable/MemMang/heap_4.o
 .bss.xMinimumEverFreeBytesRemaining
                0x20002868        0x4 ./freertos/freertos_kernel/portable/MemMang/heap_4.o
 .bss.xNumberOfSuccessfulAllocations
                0x2000286c        0x4 ./freertos/freertos_kernel/portable/MemMang/heap_4.o
 .bss.xNumberOfSuccessfulFrees
                0x20002870        0x4 ./freertos/freertos_kernel/portable/MemMang/heap_4.o
 .bss.xBlockAllocatedBit
                0x20002874        0x4 ./freertos/freertos_kernel/portable/MemMang/heap_4.o
 .bss.ulMaxPRIGROUPValue
                0x20002878        0x4 ./freertos/freertos_kernel/portable/GCC/ARM_CM4F/port.o
 .bss.xQueueRegistry
                0x2000287c       0x40 ./freertos/freertos_kernel/queue.o
                0x2000287c                xQueueRegistry
 .bss.pxCurrentTCB
                0x200028bc        0x4 ./freertos/freertos_kernel/tasks.o
                0x200028bc                pxCurrentTCB
 .bss.pxReadyTasksLists
                0x200028c0       0x64 ./freertos/freertos_kernel/tasks.o
 .bss.xDelayedTaskList1
                0x20002924       0x14 ./freertos/freertos_kernel/tasks.o
 .bss.xDelayedTaskList2
                0x20002938       0x14 ./freertos/freertos_kernel/tasks.o
 .bss.pxDelayedTaskList
                0x2000294c        0x4 ./freertos/freertos_kernel/tasks.o
 .bss.pxOverflowDelayedTaskList
                0x20002950        0x4 ./freertos/freertos_kernel/tasks.o
 .bss.xPendingReadyList
                0x20002954       0x14 ./freertos/freertos_kernel/tasks.o
 .bss.xTasksWaitingTermination
                0x20002968       0x14 ./freertos/freertos_kernel/tasks.o
 .bss.uxDeletedTasksWaitingCleanUp
                0x2000297c        0x4 ./freertos/freertos_kernel/tasks.o
 .bss.xSuspendedTaskList
                0x20002980       0x14 ./freertos/freertos_kernel/tasks.o
 .bss.uxCurrentNumberOfTasks
                0x20002994        0x4 ./freertos/freertos_kernel/tasks.o
 .bss.xTickCount
                0x20002998        0x4 ./freertos/freertos_kernel/tasks.o
 .bss.uxTopReadyPriority
                0x2000299c        0x4 ./freertos/freertos_kernel/tasks.o
 .bss.xSchedulerRunning
                0x200029a0        0x4 ./freertos/freertos_kernel/tasks.o
 .bss.xPendedTicks
                0x200029a4        0x4 ./freertos/freertos_kernel/tasks.o
 .bss.xYieldPending
                0x200029a8        0x4 ./freertos/freertos_kernel/tasks.o
 .bss.xNumOfOverflows
                0x200029ac        0x4 ./freertos/freertos_kernel/tasks.o
 .bss.uxTaskNumber
                0x200029b0        0x4 ./freertos/freertos_kernel/tasks.o
 .bss.xNextTaskUnblockTime
                0x200029b4        0x4 ./freertos/freertos_kernel/tasks.o
 .bss.xIdleTaskHandle
                0x200029b8        0x4 ./freertos/freertos_kernel/tasks.o
 .bss.uxSchedulerSuspended
                0x200029bc        0x4 ./freertos/freertos_kernel/tasks.o
 .bss.xActiveTimerList1
                0x200029c0       0x14 ./freertos/freertos_kernel/timers.o
 .bss.xActiveTimerList2
                0x200029d4       0x14 ./freertos/freertos_kernel/timers.o
 .bss.pxCurrentTimerList
                0x200029e8        0x4 ./freertos/freertos_kernel/timers.o
 .bss.pxOverflowTimerList
                0x200029ec        0x4 ./freertos/freertos_kernel/timers.o
 .bss.xTimerQueue
                0x200029f0        0x4 ./freertos/freertos_kernel/timers.o
 .bss.xTimerTaskHandle
                0x200029f4        0x4 ./freertos/freertos_kernel/timers.o
 .bss.xLastTime.0
                0x200029f8        0x4 ./freertos/freertos_kernel/timers.o
 .bss.g_xtal0Freq
                0x200029fc        0x4 ./drivers/fsl_clock.o
                0x200029fc                g_xtal0Freq
 .bss.g_xtal32Freq
                0x20002a00        0x4 ./drivers/fsl_clock.o
                0x20002a00                g_xtal32Freq
 .bss.s_uartHandle
                0x20002a04       0x18 ./drivers/fsl_uart.o
                0x20002a04                s_uartHandle
 .bss.s_uartIsr
                0x20002a1c        0x4 ./drivers/fsl_uart.o
                0x20002a1c                s_uartIsr
 .bss.errno     0x20002a20        0x4 c:/nxp/mcuxpressoide_11.8.0_1165/ide/plugins/com.nxp.mcuxpresso.tools.win32_11.8.0.202306131047/tools/bin/../lib/gcc/arm-none-eabi/12.2.1/../../../../arm-none-eabi/lib/thumb/v7e-m+fp/hard\libcr_c.a(errno.o)
                0x20002a20                errno
 .bss.__Ciob    0x20002a24       0xb4 c:/nxp/mcuxpressoide_11.8.0_1165/ide/plugins/com.nxp.mcuxpresso.tools.win32_11.8.0.202306131047/tools/bin/../lib/gcc/arm-none-eabi/12.2.1/../../../../arm-none-eabi/lib/thumb/v7e-m+fp/hard\libcr_nohost_nf.a(__ciob.o)
                0x20002a24                __Ciob
 .bss.s_debugConsoleReadWaitSemaphore
                0x20002ad8        0x1 ./utilities/fsl_debug_console.o
 .bss.ucMaxSysCallPriority
                0x20002ad9        0x1 ./freertos/freertos_kernel/portable/GCC/ARM_CM4F/port.o
 *(SORT_BY_ALIGNMENT(COMMON))
                0x20002ae0                . = ALIGN (0x8)
 *fill*         0x20002ada        0x6 
                0x20002ae0                _ebss = .
                [!provide]                PROVIDE (__end_bss_RAM = .)
                [!provide]                PROVIDE (__end_bss_SRAM_UPPER = .)
                [!provide]                PROVIDE (end = .)

.noinit_RAM2    0x1fff0000        0x0
                [!provide]                PROVIDE (__start_noinit_RAM2 = .)
                [!provide]                PROVIDE (__start_noinit_SRAM_LOWER = .)
 *(SORT_BY_ALIGNMENT(.noinit.$RAM2))
 *(SORT_BY_ALIGNMENT(.noinit.$SRAM_LOWER))
 *(SORT_BY_ALIGNMENT(.noinit.$RAM2.*))
 *(SORT_BY_ALIGNMENT(.noinit.$SRAM_LOWER.*))
                0x1fff0000                . = ALIGN (0x8)
                [!provide]                PROVIDE (__end_noinit_RAM2 = .)
                [!provide]                PROVIDE (__end_noinit_SRAM_LOWER = .)

.noinit_RAM3    0x14000000        0x0
                [!provide]                PROVIDE (__start_noinit_RAM3 = .)
                [!provide]                PROVIDE (__start_noinit_FLEX_RAM = .)
 *(SORT_BY_ALIGNMENT(.noinit.$RAM3))
 *(SORT_BY_ALIGNMENT(.noinit.$FLEX_RAM))
 *(SORT_BY_ALIGNMENT(.noinit.$RAM3.*))
 *(SORT_BY_ALIGNMENT(.noinit.$FLEX_RAM.*))
                0x14000000                . = ALIGN (0x8)
                [!provide]                PROVIDE (__end_noinit_RAM3 = .)
                [!provide]                PROVIDE (__end_noinit_FLEX_RAM = .)

.noinit         0x20002ae0        0x0
                0x20002ae0                _noinit = .
                [!provide]                PROVIDE (__start_noinit_RAM = .)
                [!provide]                PROVIDE (__start_noinit_SRAM_UPPER = .)
 *(SORT_BY_ALIGNMENT(.noinit*))
                0x20002ae0                . = ALIGN (0x8)
                0x20002ae0                _end_noinit = .
                [!provide]                PROVIDE (__end_noinit_RAM = .)
                [!provide]                PROVIDE (__end_noinit_SRAM_UPPER = .)
                0x00001000                _HeapSize = 0x1000

.heap           0x20002ae0     0x1000
                0x20002ae0                _pvHeapStart = .
                0x20003ae0                . = (. + _HeapSize)
 *fill*         0x20002ae0     0x1000 
                0x20003ae0                . = ALIGN (0x8)
                0x20003ae0                _pvHeapLimit = .
                0x00001000                _StackSize = 0x1000

.heap2stackfill
                0x20003ae0     0x1000
                0x20004ae0                . = (. + _StackSize)
 *fill*         0x20003ae0     0x1000 

.stack          0x2002f000        0x0
                0x2002f000                _vStackBase = .
                0x2002f000                . = ALIGN (0x8)
                0x20030000                _vStackTop = (. + _StackSize)
                0x00000000                _image_start = LOADADDR (.text)
                0x00005888                _image_end = (LOADADDR (.data) + SIZEOF (.data))
                0x00005888                _image_size = (_image_end - _image_start)
OUTPUT(frdmk64f_freertos_hello.axf elf32-littlearm)
LOAD linker stubs

.debug_info     0x00000000     0xf3ad
 .debug_info    0x00000000       0xcb ./utilities/fsl_assert.o
 .debug_info    0x000000cb      0xd58 ./utilities/fsl_debug_console.o
 .debug_info    0x00000e23      0xaed ./utilities/fsl_str.o
 .debug_info    0x00001910      0xc6f ./startup/startup_mk64f12.o
 .debug_info    0x0000257f      0x5a9 ./source/freertos_hello.o
 .debug_info    0x00002b28       0x3d ./source/semihost_hardfault.o
 .debug_info    0x00002b65      0x4bb ./freertos/freertos_kernel/portable/MemMang/heap_4.o
 .debug_info    0x00003020      0x4c9 ./freertos/freertos_kernel/portable/GCC/ARM_CM4F/port.o
 .debug_info    0x000034e9      0x29c ./freertos/freertos_kernel/list.o
 .debug_info    0x00003785     0x17ce ./freertos/freertos_kernel/queue.o
 .debug_info    0x00004f53     0x218c ./freertos/freertos_kernel/tasks.o
 .debug_info    0x000070df      0xfdd ./freertos/freertos_kernel/timers.o
 .debug_info    0x000080bc     0x20ee ./drivers/fsl_clock.o
 .debug_info    0x0000a1aa     0x1ef7 ./drivers/fsl_uart.o
 .debug_info    0x0000c0a1      0x626 ./device/system_MK64F12.o
 .debug_info    0x0000c6c7      0xac3 ./component/uart/fsl_adapter_uart.o
 .debug_info    0x0000d18a      0x989 ./component/serial_manager/fsl_component_serial_manager.o
 .debug_info    0x0000db13      0x4fe ./component/serial_manager/fsl_component_serial_port_uart.o
 .debug_info    0x0000e011      0x153 ./board/board.o
 .debug_info    0x0000e164      0xc51 ./board/clock_config.o
 .debug_info    0x0000edb5      0x5f8 ./board/pin_mux.o

.debug_abbrev   0x00000000     0x2bf5
 .debug_abbrev  0x00000000       0x8f ./utilities/fsl_assert.o
 .debug_abbrev  0x0000008f      0x27a ./utilities/fsl_debug_console.o
 .debug_abbrev  0x00000309      0x276 ./utilities/fsl_str.o
 .debug_abbrev  0x0000057f      0x17e ./startup/startup_mk64f12.o
 .debug_abbrev  0x000006fd      0x188 ./source/freertos_hello.o
 .debug_abbrev  0x00000885       0x2f ./source/semihost_hardfault.o
 .debug_abbrev  0x000008b4      0x21e ./freertos/freertos_kernel/portable/MemMang/heap_4.o
 .debug_abbrev  0x00000ad2      0x25a ./freertos/freertos_kernel/portable/GCC/ARM_CM4F/port.o
 .debug_abbrev  0x00000d2c       0xf5 ./freertos/freertos_kernel/list.o
 .debug_abbrev  0x00000e21      0x32a ./freertos/freertos_kernel/queue.o
 .debug_abbrev  0x0000114b      0x3b8 ./freertos/freertos_kernel/tasks.o
 .debug_abbrev  0x00001503      0x2ea ./freertos/freertos_kernel/timers.o
 .debug_abbrev  0x000017ed      0x38e ./drivers/fsl_clock.o
 .debug_abbrev  0x00001b7b      0x46e ./drivers/fsl_uart.o
 .debug_abbrev  0x00001fe9      0x149 ./device/system_MK64F12.o
 .debug_abbrev  0x00002132      0x223 ./component/uart/fsl_adapter_uart.o
 .debug_abbrev  0x00002355      0x264 ./component/serial_manager/fsl_component_serial_manager.o
 .debug_abbrev  0x000025b9      0x196 ./component/serial_manager/fsl_component_serial_port_uart.o
 .debug_abbrev  0x0000274f       0xc5 ./board/board.o
 .debug_abbrev  0x00002814      0x254 ./board/clock_config.o
 .debug_abbrev  0x00002a68      0x18d ./board/pin_mux.o

.debug_aranges  0x00000000     0x1010
 .debug_aranges
                0x00000000       0x20 ./utilities/fsl_assert.o
 .debug_aranges
                0x00000020       0xa8 ./utilities/fsl_debug_console.o
 .debug_aranges
                0x000000c8       0xb8 ./utilities/fsl_str.o
 .debug_aranges
                0x00000180      0x330 ./startup/startup_mk64f12.o
 .debug_aranges
                0x000004b0       0x48 ./source/freertos_hello.o
 .debug_aranges
                0x000004f8       0x20 ./source/semihost_hardfault.o
 .debug_aranges
                0x00000518       0x58 ./freertos/freertos_kernel/portable/MemMang/heap_4.o
 .debug_aranges
                0x00000570       0x80 ./freertos/freertos_kernel/portable/GCC/ARM_CM4F/port.o
 .debug_aranges
                0x000005f0       0x40 ./freertos/freertos_kernel/list.o
 .debug_aranges
                0x00000630      0x130 ./freertos/freertos_kernel/queue.o
 .debug_aranges
                0x00000760      0x208 ./freertos/freertos_kernel/tasks.o
 .debug_aranges
                0x00000968       0xe8 ./freertos/freertos_kernel/timers.o
 .debug_aranges
                0x00000a50      0x1f8 ./drivers/fsl_clock.o
 .debug_aranges
                0x00000c48      0x1b8 ./drivers/fsl_uart.o
 .debug_aranges
                0x00000e00       0x30 ./device/system_MK64F12.o
 .debug_aranges
                0x00000e30       0x50 ./component/uart/fsl_adapter_uart.o
 .debug_aranges
                0x00000e80       0x98 ./component/serial_manager/fsl_component_serial_manager.o
 .debug_aranges
                0x00000f18       0x48 ./component/serial_manager/fsl_component_serial_port_uart.o
 .debug_aranges
                0x00000f60       0x20 ./board/board.o
 .debug_aranges
                0x00000f80       0x58 ./board/clock_config.o
 .debug_aranges
                0x00000fd8       0x38 ./board/pin_mux.o

.debug_rnglists
                0x00000000      0xc22
 .debug_rnglists
                0x00000000       0x13 ./utilities/fsl_assert.o
 .debug_rnglists
                0x00000013       0x7c ./utilities/fsl_debug_console.o
 .debug_rnglists
                0x0000008f       0xa6 ./utilities/fsl_str.o
 .debug_rnglists
                0x00000135      0x25f ./startup/startup_mk64f12.o
 .debug_rnglists
                0x00000394       0x33 ./source/freertos_hello.o
 .debug_rnglists
                0x000003c7       0x13 ./source/semihost_hardfault.o
 .debug_rnglists
                0x000003da       0x42 ./freertos/freertos_kernel/portable/MemMang/heap_4.o
 .debug_rnglists
                0x0000041c       0x5d ./freertos/freertos_kernel/portable/GCC/ARM_CM4F/port.o
 .debug_rnglists
                0x00000479       0x2b ./freertos/freertos_kernel/list.o
 .debug_rnglists
                0x000004a4       0xeb ./freertos/freertos_kernel/queue.o
 .debug_rnglists
                0x0000058f      0x19f ./freertos/freertos_kernel/tasks.o
 .debug_rnglists
                0x0000072e       0xaf ./freertos/freertos_kernel/timers.o
 .debug_rnglists
                0x000007dd      0x187 ./drivers/fsl_clock.o
 .debug_rnglists
                0x00000964      0x153 ./drivers/fsl_uart.o
 .debug_rnglists
                0x00000ab7       0x20 ./device/system_MK64F12.o
 .debug_rnglists
                0x00000ad7       0x38 ./component/uart/fsl_adapter_uart.o
 .debug_rnglists
                0x00000b0f       0x6d ./component/serial_manager/fsl_component_serial_manager.o
 .debug_rnglists
                0x00000b7c       0x31 ./component/serial_manager/fsl_component_serial_port_uart.o
 .debug_rnglists
                0x00000bad       0x13 ./board/board.o
 .debug_rnglists
                0x00000bc0       0x3d ./board/clock_config.o
 .debug_rnglists
                0x00000bfd       0x25 ./board/pin_mux.o

.debug_macro    0x00000000    0x155a8
 .debug_macro   0x00000000      0x1a2 ./utilities/fsl_assert.o
 .debug_macro   0x000001a2      0xafc ./utilities/fsl_assert.o
 .debug_macro   0x00000c9e       0x10 ./utilities/fsl_assert.o
 .debug_macro   0x00000cae       0x1c ./utilities/fsl_assert.o
 .debug_macro   0x00000cca       0x22 ./utilities/fsl_assert.o
 .debug_macro   0x00000cec      0x12e ./utilities/fsl_assert.o
 .debug_macro   0x00000e1a      0x5b3 ./utilities/fsl_assert.o
 .debug_macro   0x000013cd       0x22 ./utilities/fsl_assert.o
 .debug_macro   0x000013ef       0x10 ./utilities/fsl_assert.o
 .debug_macro   0x000013ff       0x58 ./utilities/fsl_assert.o
 .debug_macro   0x00001457       0x1c ./utilities/fsl_assert.o
 .debug_macro   0x00001473       0x22 ./utilities/fsl_assert.o
 .debug_macro   0x00001495       0xfb ./utilities/fsl_assert.o
 .debug_macro   0x00001590      0xeeb ./utilities/fsl_assert.o
 .debug_macro   0x0000247b       0x40 ./utilities/fsl_assert.o
 .debug_macro   0x000024bb     0xec5f ./utilities/fsl_assert.o
 .debug_macro   0x0001111a     0x12e8 ./utilities/fsl_assert.o
 .debug_macro   0x00012402       0x7a ./utilities/fsl_assert.o
 .debug_macro   0x0001247c       0xa8 ./utilities/fsl_assert.o
 .debug_macro   0x00012524      0x174 ./utilities/fsl_assert.o
 .debug_macro   0x00012698       0x70 ./utilities/fsl_assert.o
 .debug_macro   0x00012708      0x198 ./utilities/fsl_assert.o
 .debug_macro   0x000128a0      0x15a ./utilities/fsl_assert.o
 .debug_macro   0x000129fa       0xea ./utilities/fsl_assert.o
 .debug_macro   0x00012ae4       0x1c ./utilities/fsl_assert.o
 .debug_macro   0x00012b00       0x26 ./utilities/fsl_assert.o
 .debug_macro   0x00012b26      0x3ae ./utilities/fsl_assert.o
 .debug_macro   0x00012ed4       0x40 ./utilities/fsl_assert.o
 .debug_macro   0x00012f14       0x16 ./utilities/fsl_assert.o
 .debug_macro   0x00012f2a       0x66 ./utilities/fsl_assert.o
 .debug_macro   0x00012f90       0x16 ./utilities/fsl_assert.o
 .debug_macro   0x00012fa6       0x1c ./utilities/fsl_assert.o
 .debug_macro   0x00012fc2       0x1c ./utilities/fsl_assert.o
 .debug_macro   0x00012fde      0x24e ./utilities/fsl_debug_console.o
 .debug_macro   0x0001322c       0x16 ./utilities/fsl_debug_console.o
 .debug_macro   0x00013242       0x10 ./utilities/fsl_debug_console.o
 .debug_macro   0x00013252       0x28 ./utilities/fsl_debug_console.o
 .debug_macro   0x0001327a      0x198 ./utilities/fsl_debug_console.o
 .debug_macro   0x00013412       0xb5 ./utilities/fsl_debug_console.o
 .debug_macro   0x000134c7      0x120 ./utilities/fsl_debug_console.o
 .debug_macro   0x000135e7       0x80 ./utilities/fsl_debug_console.o
 .debug_macro   0x00013667       0x7e ./utilities/fsl_debug_console.o
 .debug_macro   0x000136e5       0x16 ./utilities/fsl_debug_console.o
 .debug_macro   0x000136fb       0x50 ./utilities/fsl_debug_console.o
 .debug_macro   0x0001374b       0x46 ./utilities/fsl_debug_console.o
 .debug_macro   0x00013791       0x1c ./utilities/fsl_debug_console.o
 .debug_macro   0x000137ad      0x14e ./utilities/fsl_str.o
 .debug_macro   0x000138fb       0xc4 ./utilities/fsl_str.o
 .debug_macro   0x000139bf      0x1c7 ./utilities/fsl_str.o
 .debug_macro   0x00013b86       0x56 ./utilities/fsl_str.o
 .debug_macro   0x00013bdc       0x29 ./startup/startup_mk64f12.o
 .debug_macro   0x00013c05      0x212 ./source/freertos_hello.o
 .debug_macro   0x00013e17       0x16 ./source/freertos_hello.o
 .debug_macro   0x00013e2d       0x97 ./source/freertos_hello.o
 .debug_macro   0x00013ec4       0x1c ./source/freertos_hello.o
 .debug_macro   0x00013ee0       0x10 ./source/freertos_hello.o
 .debug_macro   0x00013ef0       0x1c ./source/freertos_hello.o
 .debug_macro   0x00013f0c       0x16 ./source/freertos_hello.o
 .debug_macro   0x00013f22       0x16 ./source/freertos_hello.o
 .debug_macro   0x00013f38      0x1ab ./source/freertos_hello.o
 .debug_macro   0x000140e3       0x11 ./source/semihost_hardfault.o
 .debug_macro   0x000140f4       0xdf ./freertos/freertos_kernel/portable/MemMang/heap_4.o
 .debug_macro   0x000141d3      0x179 ./freertos/freertos_kernel/portable/GCC/ARM_CM4F/port.o
 .debug_macro   0x0001434c       0xc4 ./freertos/freertos_kernel/list.o
 .debug_macro   0x00014410      0x12b ./freertos/freertos_kernel/queue.o
 .debug_macro   0x0001453b      0x192 ./freertos/freertos_kernel/tasks.o
 .debug_macro   0x000146cd       0x10 ./freertos/freertos_kernel/tasks.o
 .debug_macro   0x000146dd       0x16 ./freertos/freertos_kernel/tasks.o
 .debug_macro   0x000146f3      0x10d ./freertos/freertos_kernel/timers.o
 .debug_macro   0x00014800      0x1d8 ./drivers/fsl_clock.o
 .debug_macro   0x000149d8      0x127 ./drivers/fsl_uart.o
 .debug_macro   0x00014aff       0x10 ./drivers/fsl_uart.o
 .debug_macro   0x00014b0f       0x98 ./device/system_MK64F12.o
 .debug_macro   0x00014ba7      0x170 ./component/uart/fsl_adapter_uart.o
 .debug_macro   0x00014d17       0x16 ./component/uart/fsl_adapter_uart.o
 .debug_macro   0x00014d2d       0x40 ./component/uart/fsl_adapter_uart.o
 .debug_macro   0x00014d6d      0x1d7 ./component/serial_manager/fsl_component_serial_manager.o
 .debug_macro   0x00014f44       0x6a ./component/serial_manager/fsl_component_serial_manager.o
 .debug_macro   0x00014fae      0x1a1 ./component/serial_manager/fsl_component_serial_port_uart.o
 .debug_macro   0x0001514f      0x1d2 ./board/board.o
 .debug_macro   0x00015321       0x16 ./board/board.o
 .debug_macro   0x00015337      0x153 ./board/clock_config.o
 .debug_macro   0x0001548a      0x11e ./board/pin_mux.o

.debug_line     0x00000000     0xc5c4
 .debug_line    0x00000000      0x598 ./utilities/fsl_assert.o
 .debug_line    0x00000598      0x9e0 ./utilities/fsl_debug_console.o
 .debug_line    0x00000f78      0xaef ./utilities/fsl_str.o
 .debug_line    0x00001a67      0xa99 ./startup/startup_mk64f12.o
 .debug_line    0x00002500      0x774 ./source/freertos_hello.o
 .debug_line    0x00002c74       0x59 ./source/semihost_hardfault.o
 .debug_line    0x00002ccd      0x65d ./freertos/freertos_kernel/portable/MemMang/heap_4.o
 .debug_line    0x0000332a      0x63d ./freertos/freertos_kernel/portable/GCC/ARM_CM4F/port.o
 .debug_line    0x00003967      0x412 ./freertos/freertos_kernel/list.o
 .debug_line    0x00003d79     0x1298 ./freertos/freertos_kernel/queue.o
 .debug_line    0x00005011     0x1a0e ./freertos/freertos_kernel/tasks.o
 .debug_line    0x00006a1f      0xa1a ./freertos/freertos_kernel/timers.o
 .debug_line    0x00007439     0x14e6 ./drivers/fsl_clock.o
 .debug_line    0x0000891f     0x153c ./drivers/fsl_uart.o
 .debug_line    0x00009e5b      0x3d7 ./device/system_MK64F12.o
 .debug_line    0x0000a232      0x65c ./component/uart/fsl_adapter_uart.o
 .debug_line    0x0000a88e      0x8b3 ./component/serial_manager/fsl_component_serial_manager.o
 .debug_line    0x0000b141      0x683 ./component/serial_manager/fsl_component_serial_port_uart.o
 .debug_line    0x0000b7c4      0x601 ./board/board.o
 .debug_line    0x0000bdc5      0x449 ./board/clock_config.o
 .debug_line    0x0000c20e      0x3b6 ./board/pin_mux.o

.debug_str      0x00000000    0x8af60
 .debug_str     0x00000000    0x7d74d ./utilities/fsl_assert.o
                              0x7d7fc (size before relaxing)
 .debug_str     0x0007d74d     0x3eca ./utilities/fsl_debug_console.o
                              0x816fd (size before relaxing)
 .debug_str     0x00081617      0xb41 ./utilities/fsl_str.o
                              0x7acd1 (size before relaxing)
 .debug_str     0x00082158      0x7d2 ./startup/startup_mk64f12.o
                               0x3770 (size before relaxing)
 .debug_str     0x0008292a     0x1662 ./source/freertos_hello.o
                              0x81915 (size before relaxing)
 .debug_str     0x00083f8c       0x1f ./source/semihost_hardfault.o
                               0x2ef8 (size before relaxing)
 .debug_str     0x00083fab      0x3f7 ./freertos/freertos_kernel/portable/MemMang/heap_4.o
                               0x9308 (size before relaxing)
 .debug_str     0x000843a2      0x842 ./freertos/freertos_kernel/portable/GCC/ARM_CM4F/port.o
                               0x9779 (size before relaxing)
 .debug_str     0x00084be4      0x135 ./freertos/freertos_kernel/list.o
                               0x7e38 (size before relaxing)
 .debug_str     0x00084d19      0x9ec ./freertos/freertos_kernel/queue.o
                               0xa25d (size before relaxing)
 .debug_str     0x00085705     0x13b1 ./freertos/freertos_kernel/tasks.o
                               0xafcd (size before relaxing)
 .debug_str     0x00086ab6      0x5f2 ./freertos/freertos_kernel/timers.o
                               0xa70d (size before relaxing)
 .debug_str     0x000870a8     0x1e30 ./drivers/fsl_clock.o
                              0x7c667 (size before relaxing)
 .debug_str     0x00088ed8     0x1352 ./drivers/fsl_uart.o
                              0x7bfa8 (size before relaxing)
 .debug_str     0x0008a22a      0x10c ./device/system_MK64F12.o
                              0x78538 (size before relaxing)
 .debug_str     0x0008a336      0x2ec ./component/uart/fsl_adapter_uart.o
                              0x7de08 (size before relaxing)
 .debug_str     0x0008a622      0x371 ./component/serial_manager/fsl_component_serial_manager.o
                              0x7deb2 (size before relaxing)
 .debug_str     0x0008a993       0x92 ./component/serial_manager/fsl_component_serial_port_uart.o
                              0x7dc02 (size before relaxing)
 .debug_str     0x0008aa25       0x20 ./board/board.o
                              0x7e5bc (size before relaxing)
 .debug_str     0x0008aa45      0x3b7 ./board/clock_config.o
                              0x7b04b (size before relaxing)
 .debug_str     0x0008adfc      0x164 ./board/pin_mux.o
                              0x7a38c (size before relaxing)

.comment        0x00000000       0x45
 .comment       0x00000000       0x45 ./utilities/fsl_assert.o
                                 0x46 (size before relaxing)
 .comment       0x00000045       0x46 ./utilities/fsl_debug_console.o
 .comment       0x00000045       0x46 ./utilities/fsl_str.o
 .comment       0x00000045       0x46 ./startup/startup_mk64f12.o
 .comment       0x00000045       0x46 ./source/freertos_hello.o
 .comment       0x00000045       0x46 ./source/semihost_hardfault.o
 .comment       0x00000045       0x46 ./freertos/freertos_kernel/portable/MemMang/heap_4.o
 .comment       0x00000045       0x46 ./freertos/freertos_kernel/portable/GCC/ARM_CM4F/port.o
 .comment       0x00000045       0x46 ./freertos/freertos_kernel/list.o
 .comment       0x00000045       0x46 ./freertos/freertos_kernel/queue.o
 .comment       0x00000045       0x46 ./freertos/freertos_kernel/tasks.o
 .comment       0x00000045       0x46 ./freertos/freertos_kernel/timers.o
 .comment       0x00000045       0x46 ./drivers/fsl_clock.o
 .comment       0x00000045       0x46 ./drivers/fsl_uart.o
 .comment       0x00000045       0x46 ./device/system_MK64F12.o
 .comment       0x00000045       0x46 ./component/uart/fsl_adapter_uart.o
 .comment       0x00000045       0x46 ./component/serial_manager/fsl_component_serial_manager.o
 .comment       0x00000045       0x46 ./component/serial_manager/fsl_component_serial_port_uart.o
 .comment       0x00000045       0x46 ./board/board.o
 .comment       0x00000045       0x46 ./board/clock_config.o
 .comment       0x00000045       0x46 ./board/pin_mux.o
 .comment       0x00000045       0x46 c:/nxp/mcuxpressoide_11.8.0_1165/ide/plugins/com.nxp.mcuxpresso.tools.win32_11.8.0.202306131047/tools/bin/../lib/gcc/arm-none-eabi/12.2.1/../../../../arm-none-eabi/lib/thumb/v7e-m+fp/hard\libcr_nohost_nf.a(_cr__main.o)
 .comment       0x00000045       0x46 c:/nxp/mcuxpressoide_11.8.0_1165/ide/plugins/com.nxp.mcuxpresso.tools.win32_11.8.0.202306131047/tools/bin/../lib/gcc/arm-none-eabi/12.2.1/../../../../arm-none-eabi/lib/thumb/v7e-m+fp/hard\libcr_c.a(memcpy.o)
 .comment       0x00000045       0x46 c:/nxp/mcuxpressoide_11.8.0_1165/ide/plugins/com.nxp.mcuxpresso.tools.win32_11.8.0.202306131047/tools/bin/../lib/gcc/arm-none-eabi/12.2.1/../../../../arm-none-eabi/lib/thumb/v7e-m+fp/hard\libcr_c.a(memset.o)
 .comment       0x00000045       0x46 c:/nxp/mcuxpressoide_11.8.0_1165/ide/plugins/com.nxp.mcuxpresso.tools.win32_11.8.0.202306131047/tools/bin/../lib/gcc/arm-none-eabi/12.2.1/../../../../arm-none-eabi/lib/thumb/v7e-m+fp/hard\libcr_c.a(alloc.o)
 .comment       0x00000045       0x46 c:/nxp/mcuxpressoide_11.8.0_1165/ide/plugins/com.nxp.mcuxpresso.tools.win32_11.8.0.202306131047/tools/bin/../lib/gcc/arm-none-eabi/12.2.1/../../../../arm-none-eabi/lib/thumb/v7e-m+fp/hard\libcr_c.a(errno.o)
 .comment       0x00000045       0x46 c:/nxp/mcuxpressoide_11.8.0_1165/ide/plugins/com.nxp.mcuxpresso.tools.win32_11.8.0.202306131047/tools/bin/../lib/gcc/arm-none-eabi/12.2.1/../../../../arm-none-eabi/lib/thumb/v7e-m+fp/hard\libcr_c.a(initio.o)
 .comment       0x00000045       0x46 c:/nxp/mcuxpressoide_11.8.0_1165/ide/plugins/com.nxp.mcuxpresso.tools.win32_11.8.0.202306131047/tools/bin/../lib/gcc/arm-none-eabi/12.2.1/../../../../arm-none-eabi/lib/thumb/v7e-m+fp/hard\libcr_c.a(setvbuf.o)
 .comment       0x00000045       0x46 c:/nxp/mcuxpressoide_11.8.0_1165/ide/plugins/com.nxp.mcuxpresso.tools.win32_11.8.0.202306131047/tools/bin/../lib/gcc/arm-none-eabi/12.2.1/../../../../arm-none-eabi/lib/thumb/v7e-m+fp/hard\libcr_c.a(strlen.o)
 .comment       0x00000045       0x46 c:/nxp/mcuxpressoide_11.8.0_1165/ide/plugins/com.nxp.mcuxpresso.tools.win32_11.8.0.202306131047/tools/bin/../lib/gcc/arm-none-eabi/12.2.1/../../../../arm-none-eabi/lib/thumb/v7e-m+fp/hard\libcr_c.a(_deferredlazyseek.o)
 .comment       0x00000045       0x46 c:/nxp/mcuxpressoide_11.8.0_1165/ide/plugins/com.nxp.mcuxpresso.tools.win32_11.8.0.202306131047/tools/bin/../lib/gcc/arm-none-eabi/12.2.1/../../../../arm-none-eabi/lib/thumb/v7e-m+fp/hard\libcr_c.a(_fdopen.o)
 .comment       0x00000045       0x46 c:/nxp/mcuxpressoide_11.8.0_1165/ide/plugins/com.nxp.mcuxpresso.tools.win32_11.8.0.202306131047/tools/bin/../lib/gcc/arm-none-eabi/12.2.1/../../../../arm-none-eabi/lib/thumb/v7e-m+fp/hard\libcr_c.a(_fflush.o)
 .comment       0x00000045       0x46 c:/nxp/mcuxpressoide_11.8.0_1165/ide/plugins/com.nxp.mcuxpresso.tools.win32_11.8.0.202306131047/tools/bin/../lib/gcc/arm-none-eabi/12.2.1/../../../../arm-none-eabi/lib/thumb/v7e-m+fp/hard\libcr_c.a(_writebuf.o)