Archive member included to satisfy reference by file (symbol)

c:/nxp/mcuxpressoide_11.8.0_1165/ide/plugins/com.nxp.mcuxpresso.tools.win32_11.8.0.202306131047/tools/bin/../lib/gcc/arm-none-eabi/12.2.1/../../../../arm-none-eabi/lib/thumb/v7e-m+fp/hard\libcr_nohost_nf.a(_cr__main.o)
                              ./startup/startup_mk64f12.o (__main)
c:/nxp/mcuxpressoide_11.8.0_1165/ide/plugins/com.nxp.mcuxpresso.tools.win32_11.8.0.202306131047/tools/bin/../lib/gcc/arm-none-eabi/12.2.1/../../../../arm-none-eabi/lib/thumb/v7e-m+fp/hard\libcr_c.a(memcpy.o)
                              ./utilities/fsl_str.o (memcpy)
c:/nxp/mcuxpressoide_11.8.0_1165/ide/plugins/com.nxp.mcuxpresso.tools.win32_11.8.0.202306131047/tools/bin/../lib/gcc/arm-none-eabi/12.2.1/../../../../arm-none-eabi/lib/thumb/v7e-m+fp/hard\libcr_c.a(memset.o)
                              ./utilities/fsl_debug_console.o (memset)
c:/nxp/mcuxpressoide_11.8.0_1165/ide/plugins/com.nxp.mcuxpresso.tools.win32_11.8.0.202306131047/tools/bin/../lib/gcc/arm-none-eabi/12.2.1/../../../../arm-none-eabi/lib/thumb/v7e-m+fp/hard\libcr_c.a(alloc.o)
                              ./drivers/fsl_common.o (malloc)
c:/nxp/mcuxpressoide_11.8.0_1165/ide/plugins/com.nxp.mcuxpresso.tools.win32_11.8.0.202306131047/tools/bin/../lib/gcc/arm-none-eabi/12.2.1/../../../../arm-none-eabi/lib/thumb/v7e-m+fp/hard\libcr_c.a(errno.o)
                              ./utilities/fsl_str.o (errno)
c:/nxp/mcuxpressoide_11.8.0_1165/ide/plugins/com.nxp.mcuxpresso.tools.win32_11.8.0.202306131047/tools/bin/../lib/gcc/arm-none-eabi/12.2.1/../../../../arm-none-eabi/lib/thumb/v7e-m+fp/hard\libcr_c.a(initio.o)
                              c:/nxp/mcuxpressoide_11.8.0_1165/ide/plugins/com.nxp.mcuxpresso.tools.win32_11.8.0.202306131047/tools/bin/../lib/gcc/arm-none-eabi/12.2.1/../../../../arm-none-eabi/lib/thumb/v7e-m+fp/hard\libcr_nohost_nf.a(_cr__main.o) (_initio)
c:/nxp/mcuxpressoide_11.8.0_1165/ide/plugins/com.nxp.mcuxpresso.tools.win32_11.8.0.202306131047/tools/bin/../lib/gcc/arm-none-eabi/12.2.1/../../../../arm-none-eabi/lib/thumb/v7e-m+fp/hard\libcr_c.a(memcmp.o)
                              ./segger_sysview/SEGGER_SYSVIEW_FreeRTOS.o (memcmp)
c:/nxp/mcuxpressoide_11.8.0_1165/ide/plugins/com.nxp.mcuxpresso.tools.win32_11.8.0.202306131047/tools/bin/../lib/gcc/arm-none-eabi/12.2.1/../../../../arm-none-eabi/lib/thumb/v7e-m+fp/hard\libcr_c.a(scanf.o)
                              ./utilities/fsl_str.o (strtoul)
c:/nxp/mcuxpressoide_11.8.0_1165/ide/plugins/com.nxp.mcuxpresso.tools.win32_11.8.0.202306131047/tools/bin/../lib/gcc/arm-none-eabi/12.2.1/../../../../arm-none-eabi/lib/thumb/v7e-m+fp/hard\libcr_c.a(setvbuf.o)
                              c:/nxp/mcuxpressoide_11.8.0_1165/ide/plugins/com.nxp.mcuxpresso.tools.win32_11.8.0.202306131047/tools/bin/../lib/gcc/arm-none-eabi/12.2.1/../../../../arm-none-eabi/lib/thumb/v7e-m+fp/hard\libcr_c.a(initio.o) (setvbuf)
c:/nxp/mcuxpressoide_11.8.0_1165/ide/plugins/com.nxp.mcuxpresso.tools.win32_11.8.0.202306131047/tools/bin/../lib/gcc/arm-none-eabi/12.2.1/../../../../arm-none-eabi/lib/thumb/v7e-m+fp/hard\libcr_c.a(strcpy.o)
                              ./segger_sysview/SEGGER_RTT.o (strcpy)
c:/nxp/mcuxpressoide_11.8.0_1165/ide/plugins/com.nxp.mcuxpresso.tools.win32_11.8.0.202306131047/tools/bin/../lib/gcc/arm-none-eabi/12.2.1/../../../../arm-none-eabi/lib/thumb/v7e-m+fp/hard\libcr_c.a(strlen.o)
                              ./utilities/fsl_str.o (strlen)
c:/nxp/mcuxpressoide_11.8.0_1165/ide/plugins/com.nxp.mcuxpresso.tools.win32_11.8.0.202306131047/tools/bin/../lib/gcc/arm-none-eabi/12.2.1/../../../../arm-none-eabi/lib/thumb/v7e-m+fp/hard\libcr_c.a(ungetc.o)
                              c:/nxp/mcuxpressoide_11.8.0_1165/ide/plugins/com.nxp.mcuxpresso.tools.win32_11.8.0.202306131047/tools/bin/../lib/gcc/arm-none-eabi/12.2.1/../../../../arm-none-eabi/lib/thumb/v7e-m+fp/hard\libcr_c.a(scanf.o) (ungetc)
c:/nxp/mcuxpressoide_11.8.0_1165/ide/plugins/com.nxp.mcuxpresso.tools.win32_11.8.0.202306131047/tools/bin/../lib/gcc/arm-none-eabi/12.2.1/../../../../arm-none-eabi/lib/thumb/v7e-m+fp/hard\libcr_c.a(__fillbuf.o)
                              c:/nxp/mcuxpressoide_11.8.0_1165/ide/plugins/com.nxp.mcuxpresso.tools.win32_11.8.0.202306131047/tools/bin/../lib/gcc/arm-none-eabi/12.2.1/../../../../arm-none-eabi/lib/thumb/v7e-m+fp/hard\libcr_c.a(scanf.o) (__filbuf)
c:/nxp/mcuxpressoide_11.8.0_1165/ide/plugins/com.nxp.mcuxpresso.tools.win32_11.8.0.202306131047/tools/bin/../lib/gcc/arm-none-eabi/12.2.1/../../../../arm-none-eabi/lib/thumb/v7e-m+fp/hard\libcr_c.a(__init_alloc.o)
                              c:/nxp/mcuxpressoide_11.8.0_1165/ide/plugins/com.nxp.mcuxpresso.tools.win32_11.8.0.202306131047/tools/bin/../lib/gcc/arm-none-eabi/12.2.1/../../../../arm-none-eabi/lib/thumb/v7e-m+fp/hard\libcr_c.a(alloc.o) (__heaps)
[...]
Memory Configuration

Name             Origin             Length             Attributes
PROGRAM_FLASH    0x00000000         0x00100000         xr
SRAM_UPPER       0x20000000         0x00030000         xrw
SRAM_LOWER       0x1fff0000         0x00010000         xrw
FLEX_RAM         0x14000000         0x00001000         xrw
*default*        0x00000000         0xffffffff

Linker script and memory map

LOAD ./utilities/fsl_assert.o
LOAD ./utilities/fsl_debug_console.o
LOAD ./utilities/fsl_str.o
LOAD ./startup/startup_mk64f12.o
LOAD ./source/freertos_hello.o
LOAD ./source/max7219.o
LOAD ./source/semihost_hardfault.o
LOAD ./segger_sysview/SEGGER_RTT.o
LOAD ./segger_sysview/SEGGER_RTT_ASM_ARMv7M.o
LOAD ./segger_sysview/SEGGER_SYSVIEW.o
LOAD ./segger_sysview/SEGGER_SYSVIEW_FreeRTOS.o
LOAD ./freertos/freertos_kernel/portable/MemMang/heap_4.o
LOAD ./freertos/freertos_kernel/portable/GCC/ARM_CM4F/port.o
LOAD ./freertos/freertos_kernel/croutine.o
LOAD ./freertos/freertos_kernel/event_groups.o
LOAD ./freertos/freertos_kernel/list.o
LOAD ./freertos/freertos_kernel/queue.o
LOAD ./freertos/freertos_kernel/stream_buffer.o
LOAD ./freertos/freertos_kernel/tasks.o
LOAD ./freertos/freertos_kernel/timers.o
LOAD ./drivers/fsl_clock.o
LOAD ./drivers/fsl_common.o
LOAD ./drivers/fsl_common_arm.o
LOAD ./drivers/fsl_dspi.o
LOAD ./drivers/fsl_ftfx_cache.o
LOAD ./drivers/fsl_ftfx_controller.o
LOAD ./drivers/fsl_ftfx_flash.o
LOAD ./drivers/fsl_ftfx_flexnvm.o
LOAD ./drivers/fsl_gpio.o
LOAD ./drivers/fsl_smc.o
LOAD ./drivers/fsl_uart.o
LOAD ./device/system_MK64F12.o
LOAD ./component/uart/fsl_adapter_uart.o
LOAD ./component/serial_manager/fsl_component_serial_manager.o
LOAD ./component/serial_manager/fsl_component_serial_port_uart.o
LOAD ./component/lists/fsl_component_generic_list.o
LOAD ./board/board.o
LOAD ./board/clock_config.o
LOAD ./board/pin_mux.o
START GROUP
LOAD c:/nxp/mcuxpressoide_11.8.0_1165/ide/plugins/com.nxp.mcuxpresso.tools.win32_11.8.0.202306131047/tools/bin/../lib/gcc/arm-none-eabi/12.2.1/../../../../arm-none-eabi/lib/thumb/v7e-m+fp/hard\libcr_nohost_nf.a
LOAD c:/nxp/mcuxpressoide_11.8.0_1165/ide/plugins/com.nxp.mcuxpresso.tools.win32_11.8.0.202306131047/tools/bin/../lib/gcc/arm-none-eabi/12.2.1/../../../../arm-none-eabi/lib/thumb/v7e-m+fp/hard\libcr_c.a
LOAD c:/nxp/mcuxpressoide_11.8.0_1165/ide/plugins/com.nxp.mcuxpresso.tools.win32_11.8.0.202306131047/tools/bin/../lib/gcc/arm-none-eabi/12.2.1/thumb/v7e-m+fp/hard\libcr_eabihelpers.a
LOAD c:/nxp/mcuxpressoide_11.8.0_1165/ide/plugins/com.nxp.mcuxpresso.tools.win32_11.8.0.202306131047/tools/bin/../lib/gcc/arm-none-eabi/12.2.1/thumb/v7e-m+fp/hard\libgcc.a
END GROUP
                0x00000000                __base_PROGRAM_FLASH = 0x0
                0x00000000                __base_Flash = 0x0
                0x00100000                __top_PROGRAM_FLASH = 0x100000
                0x00100000                __top_Flash = 0x100000
                0x20000000                __base_SRAM_UPPER = 0x20000000
                0x20000000                __base_RAM = 0x20000000
                0x20030000                __top_SRAM_UPPER = 0x20030000
                0x20030000                __top_RAM = 0x20030000
                0x1fff0000                __base_SRAM_LOWER = 0x1fff0000
                0x1fff0000                __base_RAM2 = 0x1fff0000
                0x20000000                __top_SRAM_LOWER = 0x20000000
                0x20000000                __top_RAM2 = 0x20000000
                0x14000000                __base_FLEX_RAM = 0x14000000
                0x14000000                __base_RAM3 = 0x14000000
                0x14001000                __top_FLEX_RAM = 0x14001000
                0x14001000                __top_RAM3 = 0x14001000

.text           0x00000000     0x92f0
 FILL mask 0xff
                0x00000000                __vectors_start__ = ABSOLUTE (.)
 *(SORT_BY_ALIGNMENT(.isr_vector))
 .isr_vector    0x00000000      0x198 ./startup/startup_mk64f12.o
                0x00000000                g_pfnVectors
                0x00000000                __Vectors
                0x00000198                . = ALIGN (0x4)
                0x00000198                __section_table_start = .
                0x00000198                __data_section_table = .
                0x00000198        0x4 LONG 0x92f0 LOADADDR (.data)
                0x0000019c        0x4 LONG 0x20000000 ADDR (.data)
                0x000001a0        0x4 LONG 0x48 SIZEOF (.data)
                0x000001a4        0x4 LONG 0x92f0 LOADADDR (.data_RAM2)
                0x000001a8        0x4 LONG 0x1fff0000 ADDR (.data_RAM2)
                0x000001ac        0x4 LONG 0x0 SIZEOF (.data_RAM2)
                0x000001b0        0x4 LONG 0x92f0 LOADADDR (.data_RAM3)
                0x000001b4        0x4 LONG 0x14000000 ADDR (.data_RAM3)
                0x000001b8        0x4 LONG 0x0 SIZEOF (.data_RAM3)
                0x000001bc                __data_section_table_end = .
                0x000001bc                __bss_section_table = .
                0x000001bc        0x4 LONG 0x20000048 ADDR (.bss)
                0x000001c0        0x4 LONG 0x3558 SIZEOF (.bss)
                0x000001c4        0x4 LONG 0x1fff0000 ADDR (.bss_RAM2)
                0x000001c8        0x4 LONG 0x0 SIZEOF (.bss_RAM2)
                0x000001cc        0x4 LONG 0x14000000 ADDR (.bss_RAM3)
                0x000001d0        0x4 LONG 0x0 SIZEOF (.bss_RAM3)
                0x000001d4                __bss_section_table_end = .
                0x000001d4                __section_table_end = .
 *(SORT_BY_ALIGNMENT(.after_vectors*))
 .after_vectors.reset
                0x000001d4       0x4c ./startup/startup_mk64f12.o
                0x000001d4                ResetISR
 .after_vectors.init_data
                0x00000220       0x1e ./startup/startup_mk64f12.o
                0x00000220                data_init
 .after_vectors.init_bss
                0x0000023e       0x12 ./startup/startup_mk64f12.o
                0x0000023e                bss_init
 .after_vectors
                0x00000250       0x14 ./startup/startup_mk64f12.o
                0x00000250                NMI_Handler
                0x00000254                MemManage_Handler
                0x00000256                BusFault_Handler
                0x00000258                UsageFault_Handler
                0x0000025c                DebugMon_Handler
                0x00000262                DMA_Error_DriverIRQHandler
                0x00000262                LPTMR0_DriverIRQHandler
                0x00000262                FTM1_DriverIRQHandler
                0x00000262                FTM2_DriverIRQHandler
                0x00000262                PIT2_DriverIRQHandler
                0x00000262                SDHC_DriverIRQHandler
                0x00000262                I2S0_Tx_DriverIRQHandler
                0x00000262                RTC_Seconds_DriverIRQHandler
                0x00000262                DMA6_DriverIRQHandler
                0x00000262                LLWU_DriverIRQHandler
                0x00000262                MCM_DriverIRQHandler
                0x00000262                MCG_DriverIRQHandler
                0x00000262                ENET_1588_Timer_DriverIRQHandler
                0x00000262                I2C2_DriverIRQHandler
                0x00000262                DAC1_DriverIRQHandler
                0x00000262                DMA12_DriverIRQHandler
                0x00000262                CMP1_DriverIRQHandler
                0x00000262                FTM0_DriverIRQHandler
                0x00000262                IntDefaultHandler
                0x00000262                USB0_DriverIRQHandler
                0x00000262                UART5_ERR_DriverIRQHandler
                0x00000262                PORTC_DriverIRQHandler
                0x00000262                DMA11_DriverIRQHandler
                0x00000262                DAC0_DriverIRQHandler
                0x00000262                DMA10_DriverIRQHandler
                0x00000262                CMP2_DriverIRQHandler
                0x00000262                UART2_ERR_DriverIRQHandler
                0x00000262                LVD_LVW_DriverIRQHandler
                0x00000262                PIT0_DriverIRQHandler
                0x00000262                RNG_DriverIRQHandler
                0x00000262                PORTB_DriverIRQHandler
                0x00000262                DMA4_DriverIRQHandler
                0x00000262                USBDCD_DriverIRQHandler
                0x00000262                UART3_ERR_DriverIRQHandler
                0x00000262                DMA3_DriverIRQHandler
                0x00000262                DMA8_DriverIRQHandler
                0x00000262                DMA9_DriverIRQHandler
                0x00000262                UART0_ERR_DriverIRQHandler
                0x00000262                CMT_DriverIRQHandler
                0x00000262                Reserved71_DriverIRQHandler
                0x00000262                ADC1_DriverIRQHandler
                0x00000262                PORTA_DriverIRQHandler
                0x00000262                DMA14_DriverIRQHandler
                0x00000262                PIT3_DriverIRQHandler
                0x00000262                PIT1_DriverIRQHandler
                0x00000262                WDOG_EWM_DriverIRQHandler
                0x00000262                PDB0_DriverIRQHandler
                0x00000262                RTC_DriverIRQHandler
                0x00000262                I2S0_Rx_DriverIRQHandler
                0x00000262                Read_Collision_DriverIRQHandler
                0x00000262                SWI_DriverIRQHandler
                0x00000262                UART4_ERR_DriverIRQHandler
                0x00000262                DMA0_DriverIRQHandler
                0x00000262                UART0_LON_DriverIRQHandler
                0x00000262                DMA1_DriverIRQHandler
                0x00000262                I2C1_DriverIRQHandler
                0x00000262                ENET_Receive_DriverIRQHandler
                0x00000262                DMA13_DriverIRQHandler
                0x00000262                ENET_Error_DriverIRQHandler
                0x00000262                DMA15_DriverIRQHandler
                0x00000262                ADC0_DriverIRQHandler
                0x00000262                CMP0_DriverIRQHandler
                0x00000262                CAN0_DriverIRQHandler
                0x00000262                FTM3_DriverIRQHandler
                0x00000262                DMA5_DriverIRQHandler
                0x00000262                UART1_ERR_DriverIRQHandler
                0x00000262                DMA2_DriverIRQHandler
                0x00000262                ENET_Transmit_DriverIRQHandler
                0x00000262                PORTD_DriverIRQHandler
                0x00000262                PORTE_DriverIRQHandler
                0x00000262                FTFE_DriverIRQHandler
                0x00000262                I2C0_DriverIRQHandler
                0x00000262                DMA7_DriverIRQHandler
                0x00000400                . = 0x400
 *fill*         0x00000264      0x19c ff
                0x00000400                PROVIDE (__FLASH_CONFIG_START__ = .)
 *(SORT_BY_ALIGNMENT(.FlashConfig))
 .FlashConfig   0x00000400       0x10 ./startup/startup_mk64f12.o
                0x00000400                Flash_Config
                0x00000410                PROVIDE (__FLASH_CONFIG_END__ = .)
                0x00000001                ASSERT (! ((__FLASH_CONFIG_START__ == __FLASH_CONFIG_END__)), Linker Flash Config Support Enabled, but no .FlashConfig section provided within application)
 *(SORT_BY_ALIGNMENT(.text*))
 .text.SVC_Handler
                0x00000410       0x28 ./freertos/freertos_kernel/portable/GCC/ARM_CM4F/port.o
                0x00000410                SVC_Handler
 *fill*         0x00000438        0x8 ff
 .text.PendSV_Handler
                0x00000440       0x68 ./freertos/freertos_kernel/portable/GCC/ARM_CM4F/port.o
                0x00000440                PendSV_Handler
 .text.__assertion_failed
                0x000004a8       0x18 ./utilities/fsl_assert.o
                0x000004a8                __assertion_failed
 .text.DbgConsole_SendDataReliable
                0x000004c0       0x54 ./utilities/fsl_debug_console.o
                0x000004c0                DbgConsole_SendDataReliable
 .text.DbgConsole_Init
                0x00000514      0x118 ./utilities/fsl_debug_console.o
                0x00000514                DbgConsole_Init
 .text.DbgConsole_Vprintf
                0x0000062c       0x6c ./utilities/fsl_debug_console.o
                0x0000062c                DbgConsole_Vprintf
 .text._cbSendSystemDesc
                0x00000698       0x1c ./source/freertos_hello.o
 .text.SEGGER_SYSVIEW_Conf
                0x000006b4       0x30 ./source/freertos_hello.o
                0x000006b4                SEGGER_SYSVIEW_Conf
 .text.main     0x000006e4      0x134 ./source/freertos_hello.o
                0x000006e4                main
 .text.task_admin
                0x00000818       0x9c ./source/freertos_hello.o
 .text.task_cmd_left
                0x000008b4       0x28 ./source/freertos_hello.o
 .text.task_cmd_right
                0x000008dc       0x28 ./source/freertos_hello.o
 .text.task_cmd_forwrd
                0x00000904       0x28 ./source/freertos_hello.o
 .text.task_cmd_bckwrd
                0x0000092c       0x28 ./source/freertos_hello.o
 .text.__NVIC_SetPriority
                0x00000954       0x54 ./source/max7219.o
 .text.SysTick_Config
                0x000009a8       0x44 ./source/max7219.o
 .text.vApplicationTickHook
                0x000009ec       0x24 ./source/max7219.o
                0x000009ec                vApplicationTickHook
 .text.delay_ms
                0x00000a10       0x4c ./source/max7219.o
                0x00000a10                delay_ms
 .text.max7219_word
                0x00000a5c       0x60 ./source/max7219.o
                0x00000a5c                max7219_word
 .text.max7219_doubleLong
                0x00000abc       0x64 ./source/max7219.o
                0x00000abc                max7219_doubleLong
 .text.max7219_init
                0x00000b20       0x90 ./source/max7219.o
                0x00000b20                max7219_init
 .text.max7219_row
                0x00000bb0       0x38 ./source/max7219.o
                0x00000bb0                max7219_row
 .text.SPI_init
                0x00000be8       0x70 ./source/max7219.o
                0x00000be8                SPI_init
 .text.draw_cmd
                0x00000c58       0x84 ./source/max7219.o
                0x00000c58                draw_cmd
 .text._DoInit  0x00000cdc       0xa8 ./segger_sysview/SEGGER_RTT.o
 .text.SEGGER_RTT_ReadNoLock
                0x00000d84      0x10c ./segger_sysview/SEGGER_RTT.o
                0x00000d84                SEGGER_RTT_ReadNoLock
 .text.SEGGER_RTT_AllocUpBuffer
                0x00000e90      0x108 ./segger_sysview/SEGGER_RTT.o
                0x00000e90                SEGGER_RTT_AllocUpBuffer
 .text.SEGGER_RTT_ConfigDownBuffer
                0x00000f98       0x98 ./segger_sysview/SEGGER_RTT.o
                0x00000f98                SEGGER_RTT_ConfigDownBuffer
 .text          0x00001030       0x94 ./segger_sysview/SEGGER_RTT_ASM_ARMv7M.o
                0x00001030                SEGGER_RTT_ASM_WriteSkipNoLock
 .text._HandleIncomingPacket
                0x000010c4       0xe0 ./segger_sysview/SEGGER_SYSVIEW.o
 .text._TrySendOverflowPacket
                0x000011a4       0xe4 ./segger_sysview/SEGGER_SYSVIEW.o
 .text._SendPacket
                0x00001288      0x1cc ./segger_sysview/SEGGER_SYSVIEW.o
 .text._PrintUnsigned
                0x00001454      0x12c ./segger_sysview/SEGGER_SYSVIEW.o
 .text._VPrintTarget
                0x00001580      0x3f0 ./segger_sysview/SEGGER_SYSVIEW.o
 .text.SEGGER_SYSVIEW_Init
                0x00001970       0x88 ./segger_sysview/SEGGER_SYSVIEW.o
                0x00001970                SEGGER_SYSVIEW_Init
 .text.SEGGER_SYSVIEW_SetRAMBase
                0x000019f8       0x20 ./segger_sysview/SEGGER_SYSVIEW.o
                0x000019f8                SEGGER_SYSVIEW_SetRAMBase
 .text.SEGGER_SYSVIEW_RecordVoid
                0x00001a18       0x3c ./segger_sysview/SEGGER_SYSVIEW.o
                0x00001a18                SEGGER_SYSVIEW_RecordVoid
 .text.SEGGER_SYSVIEW_RecordU32
                0x00001a54       0x78 ./segger_sysview/SEGGER_SYSVIEW.o
                0x00001a54                SEGGER_SYSVIEW_RecordU32
 .text.SEGGER_SYSVIEW_RecordU32x2
                0x00001acc       0xb4 ./segger_sysview/SEGGER_SYSVIEW.o
                0x00001acc                SEGGER_SYSVIEW_RecordU32x2
 .text.SEGGER_SYSVIEW_RecordU32x3
                0x00001b80       0xec ./segger_sysview/SEGGER_SYSVIEW.o
                0x00001b80                SEGGER_SYSVIEW_RecordU32x3
 .text.SEGGER_SYSVIEW_RecordU32x4
                0x00001c6c      0x124 ./segger_sysview/SEGGER_SYSVIEW.o
                0x00001c6c                SEGGER_SYSVIEW_RecordU32x4
 .text.SEGGER_SYSVIEW_Start
                0x00001d90      0x174 ./segger_sysview/SEGGER_SYSVIEW.o
                0x00001d90                SEGGER_SYSVIEW_Start
 .text.SEGGER_SYSVIEW_Stop
                0x00001f04       0x4c ./segger_sysview/SEGGER_SYSVIEW.o
                0x00001f04                SEGGER_SYSVIEW_Stop
 .text.SEGGER_SYSVIEW_GetSysDesc
                0x00001f50      0x134 ./segger_sysview/SEGGER_SYSVIEW.o
                0x00001f50                SEGGER_SYSVIEW_GetSysDesc
 .text.SEGGER_SYSVIEW_SendTaskInfo
                0x00002084      0x1c8 ./segger_sysview/SEGGER_SYSVIEW.o
                0x00002084                SEGGER_SYSVIEW_SendTaskInfo
 .text.SEGGER_SYSVIEW_SendTaskList
                0x0000224c       0x28 ./segger_sysview/SEGGER_SYSVIEW.o
                0x0000224c                SEGGER_SYSVIEW_SendTaskList
 .text.SEGGER_SYSVIEW_SendSysDesc
                0x00002274       0x48 ./segger_sysview/SEGGER_SYSVIEW.o
                0x00002274                SEGGER_SYSVIEW_SendSysDesc
 .text.SEGGER_SYSVIEW_RecordSystime
                0x000022bc       0x64 ./segger_sysview/SEGGER_SYSVIEW.o
                0x000022bc                SEGGER_SYSVIEW_RecordSystime
 .text.SEGGER_SYSVIEW_OnIdle
                0x00002320       0x38 ./segger_sysview/SEGGER_SYSVIEW.o
                0x00002320                SEGGER_SYSVIEW_OnIdle
 .text.SEGGER_SYSVIEW_OnTaskCreate
                0x00002358       0x84 ./segger_sysview/SEGGER_SYSVIEW.o
                0x00002358                SEGGER_SYSVIEW_OnTaskCreate
 .text.SEGGER_SYSVIEW_OnTaskStartExec
                0x000023dc       0x84 ./segger_sysview/SEGGER_SYSVIEW.o
                0x000023dc                SEGGER_SYSVIEW_OnTaskStartExec
 .text.SEGGER_SYSVIEW_OnTaskStartReady
                0x00002460       0x84 ./segger_sysview/SEGGER_SYSVIEW.o
                0x00002460                SEGGER_SYSVIEW_OnTaskStartReady
 .text.SEGGER_SYSVIEW_ShrinkId
                0x000024e4       0x20 ./segger_sysview/SEGGER_SYSVIEW.o
                0x000024e4                SEGGER_SYSVIEW_ShrinkId
 .text.SEGGER_SYSVIEW_SendModule
                0x00002504      0x100 ./segger_sysview/SEGGER_SYSVIEW.o
                0x00002504                SEGGER_SYSVIEW_SendModule
 .text.SEGGER_SYSVIEW_SendModuleDescription
                0x00002604       0x3c ./segger_sysview/SEGGER_SYSVIEW.o
                0x00002604                SEGGER_SYSVIEW_SendModuleDescription
 .text.SEGGER_SYSVIEW_SendNumModules
                0x00002640       0x7c ./segger_sysview/SEGGER_SYSVIEW.o
                0x00002640                SEGGER_SYSVIEW_SendNumModules
 .text.SEGGER_SYSVIEW_Warn
                0x000026bc       0xb8 ./segger_sysview/SEGGER_SYSVIEW.o
                0x000026bc                SEGGER_SYSVIEW_Warn
 .text._cbSendTaskList
                0x00002774       0x90 ./segger_sysview/SEGGER_SYSVIEW_FreeRTOS.o
 .text.SYSVIEW_AddTask
                0x00002804       0xd0 ./segger_sysview/SEGGER_SYSVIEW_FreeRTOS.o
                0x00002804                SYSVIEW_AddTask
 .text.pvPortMalloc
                0x000028d4      0x1c0 ./freertos/freertos_kernel/portable/MemMang/heap_4.o
                0x000028d4                pvPortMalloc
 .text.vPortFree
                0x00002a94       0xc4 ./freertos/freertos_kernel/portable/MemMang/heap_4.o
                0x00002a94                vPortFree
 .text.prvHeapInit
                0x00002b58       0xc4 ./freertos/freertos_kernel/portable/MemMang/heap_4.o
 .text.prvInsertBlockIntoFreeList
                0x00002c1c       0xb4 ./freertos/freertos_kernel/portable/MemMang/heap_4.o
 .text.pxPortInitialiseStack
                0x00002cd0       0x68 ./freertos/freertos_kernel/portable/GCC/ARM_CM4F/port.o
                0x00002cd0                pxPortInitialiseStack
 .text.prvTaskExitError
                0x00002d38       0x58 ./freertos/freertos_kernel/portable/GCC/ARM_CM4F/port.o
 .text.prvPortStartFirstTask
                0x00002d90       0x2c ./freertos/freertos_kernel/portable/GCC/ARM_CM4F/port.o
 .text.xPortStartScheduler
                0x00002dbc      0x164 ./freertos/freertos_kernel/portable/GCC/ARM_CM4F/port.o
                0x00002dbc                xPortStartScheduler
 .text.vPortEnterCritical
                0x00002f20       0x60 ./freertos/freertos_kernel/portable/GCC/ARM_CM4F/port.o
                0x00002f20                vPortEnterCritical
 .text.vPortExitCritical
                0x00002f80       0x54 ./freertos/freertos_kernel/portable/GCC/ARM_CM4F/port.o
                0x00002f80                vPortExitCritical
 .text.SysTick_Handler
                0x00002fd4       0x44 ./freertos/freertos_kernel/portable/GCC/ARM_CM4F/port.o
                0x00002fd4                SysTick_Handler
 .text.vPortSetupTimerInterrupt
                0x00003018       0x48 ./freertos/freertos_kernel/portable/GCC/ARM_CM4F/port.o
                0x00003018                vPortSetupTimerInterrupt
 .text.vPortEnableVFP
                0x00003060       0x18 ./freertos/freertos_kernel/portable/GCC/ARM_CM4F/port.o
 .text.vPortValidateInterruptPriority
                0x00003078       0x80 ./freertos/freertos_kernel/portable/GCC/ARM_CM4F/port.o
                0x00003078                vPortValidateInterruptPriority
 .text.xQueueGenericReset
                0x000030f8       0xd0 ./freertos/freertos_kernel/queue.o
                0x000030f8                xQueueGenericReset
 .text.xQueueGenericSend
                0x000031c8      0x24c ./freertos/freertos_kernel/queue.o
                0x000031c8                xQueueGenericSend
 .text.xQueueReceive
                0x00003414      0x220 ./freertos/freertos_kernel/queue.o
                0x00003414                xQueueReceive
 .text.vQueueAddToRegistry
                0x00003634       0x64 ./freertos/freertos_kernel/queue.o
                0x00003634                vQueueAddToRegistry
 .text.prvAddNewTaskToReadyList
                0x00003698      0x118 ./freertos/freertos_kernel/tasks.o
 .text.vTaskSuspend
                0x000037b0      0x150 ./freertos/freertos_kernel/tasks.o
                0x000037b0                vTaskSuspend
 .text.prvTaskIsTaskSuspended
                0x00003900       0x64 ./freertos/freertos_kernel/tasks.o
 .text.vTaskResume
                0x00003964       0xd4 ./freertos/freertos_kernel/tasks.o
                0x00003964                vTaskResume
 .text.vTaskStartScheduler
                0x00003a38       0xcc ./freertos/freertos_kernel/tasks.o
                0x00003a38                vTaskStartScheduler
 .text.vTaskSuspendAll
                0x00003b04       0x1c ./freertos/freertos_kernel/tasks.o
                0x00003b04                vTaskSuspendAll
 .text.xTaskResumeAll
                0x00003b20      0x140 ./freertos/freertos_kernel/tasks.o
                0x00003b20                xTaskResumeAll
 .text.xTaskGetTickCount
                0x00003c60       0x20 ./freertos/freertos_kernel/tasks.o
                0x00003c60                xTaskGetTickCount
 .text.xTaskGetTickCountFromISR
                0x00003c80       0x24 ./freertos/freertos_kernel/tasks.o
                0x00003c80                xTaskGetTickCountFromISR
 .text.xTaskIncrementTick
                0x00003ca4      0x16c ./freertos/freertos_kernel/tasks.o
                0x00003ca4                xTaskIncrementTick
 .text.vTaskSwitchContext
                0x00003e10       0xdc ./freertos/freertos_kernel/tasks.o
                0x00003e10                vTaskSwitchContext
 .text.vTaskPlaceOnEventList
                0x00003eec       0x48 ./freertos/freertos_kernel/tasks.o
                0x00003eec                vTaskPlaceOnEventList
 .text.vTaskPlaceOnEventListRestricted
                0x00003f34       0x5c ./freertos/freertos_kernel/tasks.o
                0x00003f34                vTaskPlaceOnEventListRestricted
 .text.xTaskRemoveFromEventList
                0x00003f90       0xcc ./freertos/freertos_kernel/tasks.o
                0x00003f90                xTaskRemoveFromEventList
 .text.vTaskInternalSetTimeOutState
                0x0000405c       0x2c ./freertos/freertos_kernel/tasks.o
                0x0000405c                vTaskInternalSetTimeOutState
 .text.xTaskCheckForTimeOut
                0x00004088       0xcc ./freertos/freertos_kernel/tasks.o
                0x00004088                xTaskCheckForTimeOut
 .text.vTaskMissedYield
                0x00004154       0x18 ./freertos/freertos_kernel/tasks.o
                0x00004154                vTaskMissedYield
 .text.prvIdleTask
                0x0000416c       0x30 ./freertos/freertos_kernel/tasks.o
 .text.prvInitialiseTaskLists
                0x0000419c       0x80 ./freertos/freertos_kernel/tasks.o
 .text.prvCheckTasksWaitingTermination
                0x0000421c       0x5c ./freertos/freertos_kernel/tasks.o
 .text.prvResetNextTaskUnblockTime
                0x00004278       0x38 ./freertos/freertos_kernel/tasks.o
 .text.xTaskGetSchedulerState
                0x000042b0       0x3c ./freertos/freertos_kernel/tasks.o
                0x000042b0                xTaskGetSchedulerState
 .text.xTaskPriorityDisinherit
                0x000042ec      0x108 ./freertos/freertos_kernel/tasks.o
                0x000042ec                xTaskPriorityDisinherit
 .text.prvAddCurrentTaskToDelayedList
                0x000043f4       0xcc ./freertos/freertos_kernel/tasks.o
 .text.xTimerCreateTimerTask
                0x000044c0       0x64 ./freertos/freertos_kernel/timers.o
                0x000044c0                xTimerCreateTimerTask
 .text.xTimerGenericCommand
                0x00004524       0x9c ./freertos/freertos_kernel/timers.o
                0x00004524                xTimerGenericCommand
 .text.prvProcessExpiredTimer
                0x000045c0       0x98 ./freertos/freertos_kernel/timers.o
 .text.prvProcessTimerOrBlockTask
                0x00004658       0x9c ./freertos/freertos_kernel/timers.o
 .text.prvGetNextExpireTime
                0x000046f4       0x48 ./freertos/freertos_kernel/timers.o
 .text.prvSampleTimeNow
                0x0000473c       0x40 ./freertos/freertos_kernel/timers.o
 .text.prvInsertTimerInActiveList
                0x0000477c       0x84 ./freertos/freertos_kernel/timers.o
 .text.prvProcessReceivedCommands
                0x00004800      0x1c4 ./freertos/freertos_kernel/timers.o
 .text.prvSwitchTimerLists
                0x000049c4       0xc8 ./freertos/freertos_kernel/timers.o
 .text.prvCheckForValidListAndQueue
                0x00004a8c       0x6c ./freertos/freertos_kernel/timers.o
 .text.CLOCK_SetEr32kClock
                0x00004af8       0x30 ./drivers/fsl_clock.o
 .text.CLOCK_SetPllFllSelClock
                0x00004b28       0x38 ./drivers/fsl_clock.o
 .text.CLOCK_GetMcgExtClkFreq
                0x00004b60       0x7c ./drivers/fsl_clock.o
 .text.CLOCK_GetFllExtRefClkFreq
                0x00004bdc       0xb0 ./drivers/fsl_clock.o
 .text.CLOCK_GetInternalRefClkSelectFreq
                0x00004c8c       0x4c ./drivers/fsl_clock.o
 .text.CLOCK_GetFllRefClkFreq
                0x00004cd8       0x34 ./drivers/fsl_clock.o
 .text.CLOCK_GetOscRangeFromFreq
                0x00004d0c       0x3c ./drivers/fsl_clock.o
 .text.CLOCK_GetOsc0ErClkFreq
                0x00004d48       0x44 ./drivers/fsl_clock.o
                0x00004d48                CLOCK_GetOsc0ErClkFreq
 .text.CLOCK_GetEr32kClkFreq
                0x00004d8c       0x74 ./drivers/fsl_clock.o
                0x00004d8c                CLOCK_GetEr32kClkFreq
 .text.CLOCK_GetPllFllSelClkFreq
                0x00004e00       0x54 ./drivers/fsl_clock.o
                0x00004e00                CLOCK_GetPllFllSelClkFreq
 .text.CLOCK_GetCoreSysClkFreq
                0x00004e54       0x28 ./drivers/fsl_clock.o
                0x00004e54                CLOCK_GetCoreSysClkFreq
 .text.CLOCK_GetFreq
                0x00004e7c      0x140 ./drivers/fsl_clock.o
                0x00004e7c                CLOCK_GetFreq
 .text.CLOCK_SetSimConfig
                0x00004fbc       0x34 ./drivers/fsl_clock.o
                0x00004fbc                CLOCK_SetSimConfig
 .text.CLOCK_GetOutClkFreq
                0x00004ff0       0x64 ./drivers/fsl_clock.o
                0x00004ff0                CLOCK_GetOutClkFreq
 .text.CLOCK_GetFllFreq
                0x00005054       0x84 ./drivers/fsl_clock.o
                0x00005054                CLOCK_GetFllFreq
 .text.CLOCK_GetInternalRefClkFreq
                0x000050d8       0x30 ./drivers/fsl_clock.o
                0x000050d8                CLOCK_GetInternalRefClkFreq
 .text.CLOCK_GetPll0Freq
                0x00005108       0x78 ./drivers/fsl_clock.o
                0x00005108                CLOCK_GetPll0Freq
 .text.CLOCK_SetExternalRefClkConfig
                0x00005180       0x6c ./drivers/fsl_clock.o
                0x00005180                CLOCK_SetExternalRefClkConfig
 .text.CLOCK_SetInternalRefClkConfig
                0x000051ec      0x104 ./drivers/fsl_clock.o
                0x000051ec                CLOCK_SetInternalRefClkConfig
 .text.CLOCK_EnablePll0
                0x000052f0       0x88 ./drivers/fsl_clock.o
                0x000052f0                CLOCK_EnablePll0
 .text.CLOCK_InitOsc0
                0x00005378       0x8c ./drivers/fsl_clock.o
                0x00005378                CLOCK_InitOsc0
 .text.CLOCK_SetPbeMode
                0x00005404       0xa8 ./drivers/fsl_clock.o
                0x00005404                CLOCK_SetPbeMode
 .text.CLOCK_BootToPeeMode
                0x000054ac       0x64 ./drivers/fsl_clock.o
                0x000054ac                CLOCK_BootToPeeMode
 .text.DSPI_GetInstance
                0x00005510       0x4c ./drivers/fsl_dspi.o
                0x00005510                DSPI_GetInstance
 .text.DSPI_GetDummyDataInstance
                0x0000555c       0x24 ./drivers/fsl_dspi.o
                0x0000555c                DSPI_GetDummyDataInstance
 .text.DSPI_SetDummyData
                0x00005580       0x2c ./drivers/fsl_dspi.o
                0x00005580                DSPI_SetDummyData
 .text.DSPI_MasterInit
                0x000055ac      0x16c ./drivers/fsl_dspi.o
                0x000055ac                DSPI_MasterInit
 .text.DSPI_MasterSetBaudRate
                0x00005718      0x12c ./drivers/fsl_dspi.o
                0x00005718                DSPI_MasterSetBaudRate
 .text.DSPI_MasterSetDelayScaler
                0x00005844       0xe8 ./drivers/fsl_dspi.o
                0x00005844                DSPI_MasterSetDelayScaler
 .text.DSPI_MasterSetDelayTimes
                0x0000592c      0x130 ./drivers/fsl_dspi.o
                0x0000592c                DSPI_MasterSetDelayTimes
 .text.DSPI_MasterTransferBlocking
                0x00005a5c      0x488 ./drivers/fsl_dspi.o
                0x00005a5c                DSPI_MasterTransferBlocking
 .text.DSPI_CommonIRQHandler
                0x00005ee4       0x44 ./drivers/fsl_dspi.o
 .text.SPI0_DriverIRQHandler
                0x00005f28       0x30 ./drivers/fsl_dspi.o
                0x00005f28                SPI0_DriverIRQHandler
 .text.SPI1_DriverIRQHandler
                0x00005f58       0x30 ./drivers/fsl_dspi.o
                0x00005f58                SPI1_DriverIRQHandler
 .text.SPI2_DriverIRQHandler
                0x00005f88       0x30 ./drivers/fsl_dspi.o
                0x00005f88                SPI2_DriverIRQHandler
 .text.UART_GetInstance
                0x00005fb8       0x54 ./drivers/fsl_uart.o
                0x00005fb8                UART_GetInstance
 .text.UART_Init
                0x0000600c      0x2f4 ./drivers/fsl_uart.o
                0x0000600c                UART_Init
 .text.UART_GetDefaultConfig
                0x00006300       0x68 ./drivers/fsl_uart.o
                0x00006300                UART_GetDefaultConfig
 .text.UART0_DriverIRQHandler
                0x00006368       0x28 ./drivers/fsl_uart.o
                0x00006368                UART0_DriverIRQHandler
 .text.UART1_DriverIRQHandler
                0x00006390       0x28 ./drivers/fsl_uart.o
                0x00006390                UART1_DriverIRQHandler
 .text.UART2_DriverIRQHandler
                0x000063b8       0x28 ./drivers/fsl_uart.o
                0x000063b8                UART2_DriverIRQHandler
 .text.UART3_DriverIRQHandler
                0x000063e0       0x28 ./drivers/fsl_uart.o
                0x000063e0                UART3_DriverIRQHandler
 .text.UART4_DriverIRQHandler
                0x00006408       0x28 ./drivers/fsl_uart.o
                0x00006408                UART4_DriverIRQHandler
 .text.UART5_DriverIRQHandler
                0x00006430       0x28 ./drivers/fsl_uart.o
                0x00006430                UART5_DriverIRQHandler
 .text.SystemInit
                0x00006458       0x3c ./device/system_MK64F12.o
                0x00006458                SystemInit
 .text.HAL_UartInit
                0x00006494      0x128 ./component/uart/fsl_adapter_uart.o
                0x00006494                HAL_UartInit
 .text.HAL_UartSendBlocking
                0x000065bc       0x64 ./component/uart/fsl_adapter_uart.o
                0x000065bc                HAL_UartSendBlocking
 .text.CLOCK_SetSimSafeDivs
                0x00006620       0x20 ./board/clock_config.o
 .text.CLOCK_SetXtal0Freq
                0x00006640       0x20 ./board/clock_config.o
 .text.CLOCK_CONFIG_SetFllExtRefDiv
                0x00006660       0x3c ./board/clock_config.o
 .text.BOARD_BootClockRUN
                0x0000669c       0x60 ./board/clock_config.o
                0x0000669c                BOARD_BootClockRUN
 .text.BOARD_InitPins
                0x000066fc       0x78 ./board/pin_mux.o
                0x000066fc                BOARD_InitPins
 .text._initio  0x00006774       0x78 c:/nxp/mcuxpressoide_11.8.0_1165/ide/plugins/com.nxp.mcuxpresso.tools.win32_11.8.0.202306131047/tools/bin/../lib/gcc/arm-none-eabi/12.2.1/../../../../arm-none-eabi/lib/thumb/v7e-m+fp/hard\libcr_c.a(initio.o)
                0x00006774                _initio
 .text._Cwritebuf
                0x000067ec       0x6c c:/nxp/mcuxpressoide_11.8.0_1165/ide/plugins/com.nxp.mcuxpresso.tools.win32_11.8.0.202306131047/tools/bin/../lib/gcc/arm-none-eabi/12.2.1/../../../../arm-none-eabi/lib/thumb/v7e-m+fp/hard\libcr_c.a(_writebuf.o)
                0x000067ec                _Cwritebuf
 .text.fflush   0x00006858       0x3c c:/nxp/mcuxpressoide_11.8.0_1165/ide/plugins/com.nxp.mcuxpresso.tools.win32_11.8.0.202306131047/tools/bin/../lib/gcc/arm-none-eabi/12.2.1/../../../../arm-none-eabi/lib/thumb/v7e-m+fp/hard\libcr_c.a(fflush.o)
                0x00006858                fflush
 .text.fseek    0x00006894       0xf8 c:/nxp/mcuxpressoide_11.8.0_1165/ide/plugins/com.nxp.mcuxpresso.tools.win32_11.8.0.202306131047/tools/bin/../lib/gcc/arm-none-eabi/12.2.1/../../../../arm-none-eabi/lib/thumb/v7e-m+fp/hard\libcr_c.a(fseek.o)
                0x00006894                fseek
 .text.ftell    0x0000698c       0x44 c:/nxp/mcuxpressoide_11.8.0_1165/ide/plugins/com.nxp.mcuxpresso.tools.win32_11.8.0.202306131047/tools/bin/../lib/gcc/arm-none-eabi/12.2.1/../../../../arm-none-eabi/lib/thumb/v7e-m+fp/hard\libcr_c.a(ftell.o)
                0x0000698c                ftell
 .text.DbgConsole_PrintCallback
                0x000069d0       0x66 ./utilities/fsl_debug_console.o
 .text.DbgConsole_Printf
                0x00006a36       0x2c ./utilities/fsl_debug_console.o
                0x00006a36                DbgConsole_Printf
 .text.PrintGetWidth
                0x00006a62       0x6a ./utilities/fsl_str.o
 .text.PrintGetPrecision
                0x00006acc       0x8c ./utilities/fsl_str.o
 .text.PrintIsobpu
                0x00006b58       0x38 ./utilities/fsl_str.o
 .text.PrintIsdi
                0x00006b90       0x2c ./utilities/fsl_str.o
 .text.PrintOutputdifFobpu
                0x00006bbc       0x44 ./utilities/fsl_str.o
 .text.PrintOutputxX
                0x00006c00       0x44 ./utilities/fsl_str.o
 .text.PrintIsfF
                0x00006c44       0x2c ./utilities/fsl_str.o
 .text.PrintIsxX
                0x00006c70       0x2c ./utilities/fsl_str.o
 .text.PrintFilterLengthFlag
                0x00006c9c       0x3e ./utilities/fsl_str.o
 .text.PrintGetRadixFromobpu
                0x00006cda       0x40 ./utilities/fsl_str.o
 .text.ConvertRadixNumToString
                0x00006d1a       0xc2 ./utilities/fsl_str.o
 .text.StrFormatPrintf
                0x00006ddc      0x2ac ./utilities/fsl_str.o
                0x00006ddc                StrFormatPrintf
 .text.DMA0_IRQHandler
                0x00007088        0x8 ./startup/startup_mk64f12.o
                0x00007088                DMA0_IRQHandler
 .text.DMA1_IRQHandler
                0x00007090        0x8 ./startup/startup_mk64f12.o
                0x00007090                DMA1_IRQHandler
 .text.DMA2_IRQHandler
                0x00007098        0x8 ./startup/startup_mk64f12.o
                0x00007098                DMA2_IRQHandler
 .text.DMA3_IRQHandler
                0x000070a0        0x8 ./startup/startup_mk64f12.o
                0x000070a0                DMA3_IRQHandler
 .text.DMA4_IRQHandler
                0x000070a8        0x8 ./startup/startup_mk64f12.o
                0x000070a8                DMA4_IRQHandler
 .text.DMA5_IRQHandler
                0x000070b0        0x8 ./startup/startup_mk64f12.o
                0x000070b0                DMA5_IRQHandler
 .text.DMA6_IRQHandler
                0x000070b8        0x8 ./startup/startup_mk64f12.o
                0x000070b8                DMA6_IRQHandler
 .text.DMA7_IRQHandler
                0x000070c0        0x8 ./startup/startup_mk64f12.o
                0x000070c0                DMA7_IRQHandler
 .text.DMA8_IRQHandler
                0x000070c8        0x8 ./startup/startup_mk64f12.o
                0x000070c8                DMA8_IRQHandler
 .text.DMA9_IRQHandler
                0x000070d0        0x8 ./startup/startup_mk64f12.o
                0x000070d0                DMA9_IRQHandler
 .text.DMA10_IRQHandler
                0x000070d8        0x8 ./startup/startup_mk64f12.o
                0x000070d8                DMA10_IRQHandler
 .text.DMA11_IRQHandler
                0x000070e0        0x8 ./startup/startup_mk64f12.o
                0x000070e0                DMA11_IRQHandler
 .text.DMA12_IRQHandler
                0x000070e8        0x8 ./startup/startup_mk64f12.o
                0x000070e8                DMA12_IRQHandler
 .text.DMA13_IRQHandler
                0x000070f0        0x8 ./startup/startup_mk64f12.o
                0x000070f0                DMA13_IRQHandler
 .text.DMA14_IRQHandler
                0x000070f8        0x8 ./startup/startup_mk64f12.o
                0x000070f8                DMA14_IRQHandler
 .text.DMA15_IRQHandler
                0x00007100        0x8 ./startup/startup_mk64f12.o
                0x00007100                DMA15_IRQHandler
 .text.DMA_Error_IRQHandler
                0x00007108        0x8 ./startup/startup_mk64f12.o
                0x00007108                DMA_Error_IRQHandler
 .text.MCM_IRQHandler
                0x00007110        0x8 ./startup/startup_mk64f12.o
                0x00007110                MCM_IRQHandler
 .text.FTFE_IRQHandler
                0x00007118        0x8 ./startup/startup_mk64f12.o
                0x00007118                FTFE_IRQHandler
 .text.Read_Collision_IRQHandler
                0x00007120        0x8 ./startup/startup_mk64f12.o
                0x00007120                Read_Collision_IRQHandler
 .text.LVD_LVW_IRQHandler
                0x00007128        0x8 ./startup/startup_mk64f12.o
                0x00007128                LVD_LVW_IRQHandler
 .text.LLWU_IRQHandler
                0x00007130        0x8 ./startup/startup_mk64f12.o
                0x00007130                LLWU_IRQHandler
 .text.WDOG_EWM_IRQHandler
                0x00007138        0x8 ./startup/startup_mk64f12.o
                0x00007138                WDOG_EWM_IRQHandler
 .text.RNG_IRQHandler
                0x00007140        0x8 ./startup/startup_mk64f12.o
                0x00007140                RNG_IRQHandler
 .text.I2C0_IRQHandler
                0x00007148        0x8 ./startup/startup_mk64f12.o
                0x00007148                I2C0_IRQHandler
 .text.I2C1_IRQHandler
                0x00007150        0x8 ./startup/startup_mk64f12.o
                0x00007150                I2C1_IRQHandler
 .text.SPI0_IRQHandler
                0x00007158        0x8 ./startup/startup_mk64f12.o
                0x00007158                SPI0_IRQHandler
 .text.SPI1_IRQHandler
                0x00007160        0x8 ./startup/startup_mk64f12.o
                0x00007160                SPI1_IRQHandler
 .text.I2S0_Tx_IRQHandler
                0x00007168        0x8 ./startup/startup_mk64f12.o
                0x00007168                I2S0_Tx_IRQHandler
 .text.I2S0_Rx_IRQHandler
                0x00007170        0x8 ./startup/startup_mk64f12.o
                0x00007170                I2S0_Rx_IRQHandler
 .text.UART0_LON_IRQHandler
                0x00007178        0x8 ./startup/startup_mk64f12.o
                0x00007178                UART0_LON_IRQHandler
 .text.UART0_RX_TX_IRQHandler
                0x00007180        0x8 ./startup/startup_mk64f12.o
                0x00007180                UART0_RX_TX_IRQHandler
 .text.UART0_ERR_IRQHandler
                0x00007188        0x8 ./startup/startup_mk64f12.o
                0x00007188                UART0_ERR_IRQHandler
 .text.UART1_RX_TX_IRQHandler
                0x00007190        0x8 ./startup/startup_mk64f12.o
                0x00007190                UART1_RX_TX_IRQHandler
 .text.UART1_ERR_IRQHandler
                0x00007198        0x8 ./startup/startup_mk64f12.o
                0x00007198                UART1_ERR_IRQHandler
 .text.UART2_RX_TX_IRQHandler
                0x000071a0        0x8 ./startup/startup_mk64f12.o
                0x000071a0                UART2_RX_TX_IRQHandler
 .text.UART2_ERR_IRQHandler
                0x000071a8        0x8 ./startup/startup_mk64f12.o
                0x000071a8                UART2_ERR_IRQHandler
 .text.UART3_RX_TX_IRQHandler
                0x000071b0        0x8 ./startup/startup_mk64f12.o
                0x000071b0                UART3_RX_TX_IRQHandler
 .text.UART3_ERR_IRQHandler
                0x000071b8        0x8 ./startup/startup_mk64f12.o
                0x000071b8                UART3_ERR_IRQHandler
 .text.ADC0_IRQHandler
                0x000071c0        0x8 ./startup/startup_mk64f12.o
                0x000071c0                ADC0_IRQHandler
 .text.CMP0_IRQHandler
                0x000071c8        0x8 ./startup/startup_mk64f12.o
                0x000071c8                CMP0_IRQHandler
 .text.CMP1_IRQHandler
                0x000071d0        0x8 ./startup/startup_mk64f12.o
                0x000071d0                CMP1_IRQHandler
 .text.FTM0_IRQHandler
                0x000071d8        0x8 ./startup/startup_mk64f12.o
                0x000071d8                FTM0_IRQHandler
 .text.FTM1_IRQHandler
                0x000071e0        0x8 ./startup/startup_mk64f12.o
                0x000071e0                FTM1_IRQHandler
 .text.FTM2_IRQHandler
                0x000071e8        0x8 ./startup/startup_mk64f12.o
                0x000071e8                FTM2_IRQHandler
 .text.CMT_IRQHandler
                0x000071f0        0x8 ./startup/startup_mk64f12.o
                0x000071f0                CMT_IRQHandler
 .text.RTC_IRQHandler
                0x000071f8        0x8 ./startup/startup_mk64f12.o
                0x000071f8                RTC_IRQHandler
 .text.RTC_Seconds_IRQHandler
                0x00007200        0x8 ./startup/startup_mk64f12.o
                0x00007200                RTC_Seconds_IRQHandler
 .text.PIT0_IRQHandler
                0x00007208        0x8 ./startup/startup_mk64f12.o
                0x00007208                PIT0_IRQHandler
 .text.PIT1_IRQHandler
                0x00007210        0x8 ./startup/startup_mk64f12.o
                0x00007210                PIT1_IRQHandler
 .text.PIT2_IRQHandler
                0x00007218        0x8 ./startup/startup_mk64f12.o
                0x00007218                PIT2_IRQHandler
 .text.PIT3_IRQHandler
                0x00007220        0x8 ./startup/startup_mk64f12.o
                0x00007220                PIT3_IRQHandler
 .text.PDB0_IRQHandler
                0x00007228        0x8 ./startup/startup_mk64f12.o
                0x00007228                PDB0_IRQHandler
 .text.USB0_IRQHandler
                0x00007230        0x8 ./startup/startup_mk64f12.o
                0x00007230                USB0_IRQHandler
 .text.USBDCD_IRQHandler
                0x00007238        0x8 ./startup/startup_mk64f12.o
                0x00007238                USBDCD_IRQHandler
 .text.Reserved71_IRQHandler
                0x00007240        0x8 ./startup/startup_mk64f12.o
                0x00007240                Reserved71_IRQHandler
 .text.DAC0_IRQHandler
                0x00007248        0x8 ./startup/startup_mk64f12.o
                0x00007248                DAC0_IRQHandler
 .text.MCG_IRQHandler
                0x00007250        0x8 ./startup/startup_mk64f12.o
                0x00007250                MCG_IRQHandler
 .text.LPTMR0_IRQHandler
                0x00007258        0x8 ./startup/startup_mk64f12.o
                0x00007258                LPTMR0_IRQHandler
 .text.PORTA_IRQHandler
                0x00007260        0x8 ./startup/startup_mk64f12.o
                0x00007260                PORTA_IRQHandler
 .text.PORTB_IRQHandler
                0x00007268        0x8 ./startup/startup_mk64f12.o
                0x00007268                PORTB_IRQHandler
 .text.PORTC_IRQHandler
                0x00007270        0x8 ./startup/startup_mk64f12.o
                0x00007270                PORTC_IRQHandler
 .text.PORTD_IRQHandler
                0x00007278        0x8 ./startup/startup_mk64f12.o
                0x00007278                PORTD_IRQHandler
 .text.PORTE_IRQHandler
                0x00007280        0x8 ./startup/startup_mk64f12.o
                0x00007280                PORTE_IRQHandler
 .text.SWI_IRQHandler
                0x00007288        0x8 ./startup/startup_mk64f12.o
                0x00007288                SWI_IRQHandler
 .text.SPI2_IRQHandler
                0x00007290        0x8 ./startup/startup_mk64f12.o
                0x00007290                SPI2_IRQHandler
 .text.UART4_RX_TX_IRQHandler
                0x00007298        0x8 ./startup/startup_mk64f12.o
                0x00007298                UART4_RX_TX_IRQHandler
 .text.UART4_ERR_IRQHandler
                0x000072a0        0x8 ./startup/startup_mk64f12.o
                0x000072a0                UART4_ERR_IRQHandler
 .text.UART5_RX_TX_IRQHandler
                0x000072a8        0x8 ./startup/startup_mk64f12.o
                0x000072a8                UART5_RX_TX_IRQHandler
 .text.UART5_ERR_IRQHandler
                0x000072b0        0x8 ./startup/startup_mk64f12.o
                0x000072b0                UART5_ERR_IRQHandler
 .text.CMP2_IRQHandler
                0x000072b8        0x8 ./startup/startup_mk64f12.o
                0x000072b8                CMP2_IRQHandler
 .text.FTM3_IRQHandler
                0x000072c0        0x8 ./startup/startup_mk64f12.o
                0x000072c0                FTM3_IRQHandler
 .text.DAC1_IRQHandler
                0x000072c8        0x8 ./startup/startup_mk64f12.o
                0x000072c8                DAC1_IRQHandler
 .text.ADC1_IRQHandler
                0x000072d0        0x8 ./startup/startup_mk64f12.o
                0x000072d0                ADC1_IRQHandler
 .text.I2C2_IRQHandler
                0x000072d8        0x8 ./startup/startup_mk64f12.o
                0x000072d8                I2C2_IRQHandler
 .text.CAN0_ORed_Message_buffer_IRQHandler
                0x000072e0        0x8 ./startup/startup_mk64f12.o
                0x000072e0                CAN0_ORed_Message_buffer_IRQHandler
 .text.CAN0_Bus_Off_IRQHandler
                0x000072e8        0x8 ./startup/startup_mk64f12.o
                0x000072e8                CAN0_Bus_Off_IRQHandler
 .text.CAN0_Error_IRQHandler
                0x000072f0        0x8 ./startup/startup_mk64f12.o
                0x000072f0                CAN0_Error_IRQHandler
 .text.CAN0_Tx_Warning_IRQHandler
                0x000072f8        0x8 ./startup/startup_mk64f12.o
                0x000072f8                CAN0_Tx_Warning_IRQHandler
 .text.CAN0_Rx_Warning_IRQHandler
                0x00007300        0x8 ./startup/startup_mk64f12.o
                0x00007300                CAN0_Rx_Warning_IRQHandler
 .text.CAN0_Wake_Up_IRQHandler
                0x00007308        0x8 ./startup/startup_mk64f12.o
                0x00007308                CAN0_Wake_Up_IRQHandler
 .text.SDHC_IRQHandler
                0x00007310        0x8 ./startup/startup_mk64f12.o
                0x00007310                SDHC_IRQHandler
 .text.ENET_1588_Timer_IRQHandler
                0x00007318        0x8 ./startup/startup_mk64f12.o
                0x00007318                ENET_1588_Timer_IRQHandler
 .text.ENET_Transmit_IRQHandler
                0x00007320        0x8 ./startup/startup_mk64f12.o
                0x00007320                ENET_Transmit_IRQHandler
 .text.ENET_Receive_IRQHandler
                0x00007328        0x8 ./startup/startup_mk64f12.o
                0x00007328                ENET_Receive_IRQHandler
 .text.ENET_Error_IRQHandler
                0x00007330        0x8 ./startup/startup_mk64f12.o
                0x00007330                ENET_Error_IRQHandler
 .text.cleanMatrix
                0x00007338       0x50 ./source/max7219.o
                0x00007338                cleanMatrix
 .text.HardFault_Handler
                0x00007388       0x36 ./source/semihost_hardfault.o
                0x00007388                HardFault_Handler
 .text._EncodeStr
                0x000073be       0xa0 ./segger_sysview/SEGGER_SYSVIEW.o
 .text._PreparePacket
                0x0000745e       0x18 ./segger_sysview/SEGGER_SYSVIEW.o
 .text._StoreChar
                0x00007476       0xf6 ./segger_sysview/SEGGER_SYSVIEW.o
 .text._PrintInt
                0x0000756c      0x11e ./segger_sysview/SEGGER_SYSVIEW.o
 .text.SEGGER_SYSVIEW_PrintfTarget
                0x0000768a       0x28 ./segger_sysview/SEGGER_SYSVIEW.o
                0x0000768a                SEGGER_SYSVIEW_PrintfTarget
 .text._cbGetTime
                0x000076b2       0xb6 ./segger_sysview/SEGGER_SYSVIEW_FreeRTOS.o
 .text.SYSVIEW_SendTaskInfo
                0x00007768       0x42 ./segger_sysview/SEGGER_SYSVIEW_FreeRTOS.o
                0x00007768                SYSVIEW_SendTaskInfo
 .text.vListInitialise
                0x000077aa       0x40 ./freertos/freertos_kernel/list.o
                0x000077aa                vListInitialise
 .text.vListInitialiseItem
                0x000077ea       0x1a ./freertos/freertos_kernel/list.o
                0x000077ea                vListInitialiseItem
 .text.vListInsertEnd
                0x00007804       0x48 ./freertos/freertos_kernel/list.o
                0x00007804                vListInsertEnd
 .text.vListInsert
                0x0000784c       0x72 ./freertos/freertos_kernel/list.o
                0x0000784c                vListInsert
 .text.uxListRemove
                0x000078be       0x54 ./freertos/freertos_kernel/list.o
                0x000078be                uxListRemove
 .text.xQueueGenericCreate
                0x00007912       0xbe ./freertos/freertos_kernel/queue.o
                0x00007912                xQueueGenericCreate
 .text.prvInitialiseNewQueue
                0x000079d0       0x52 ./freertos/freertos_kernel/queue.o
 .text.xQueueGenericSendFromISR
                0x00007a22      0x17c ./freertos/freertos_kernel/queue.o
                0x00007a22                xQueueGenericSendFromISR
 .text.prvCopyDataToQueue
                0x00007b9e       0xd4 ./freertos/freertos_kernel/queue.o
 .text.prvCopyDataFromQueue
                0x00007c72       0x4c ./freertos/freertos_kernel/queue.o
 .text.prvUnlockQueue
                0x00007cbe       0xa4 ./freertos/freertos_kernel/queue.o
 .text.prvIsQueueEmpty
                0x00007d62       0x2c ./freertos/freertos_kernel/queue.o
 .text.prvIsQueueFull
                0x00007d8e       0x30 ./freertos/freertos_kernel/queue.o
 .text.vQueueWaitForMessageRestricted
                0x00007dbe       0x68 ./freertos/freertos_kernel/queue.o
                0x00007dbe                vQueueWaitForMessageRestricted
 .text.xTaskCreate
                0x00007e26       0x82 ./freertos/freertos_kernel/tasks.o
                0x00007e26                xTaskCreate
 .text.prvInitialiseNewTask
                0x00007ea8      0x140 ./freertos/freertos_kernel/tasks.o
 .text.prvDeleteTCB
                0x00007fe8       0x20 ./freertos/freertos_kernel/tasks.o
 .text.prvTimerTask
                0x00008008       0x24 ./freertos/freertos_kernel/timers.o
 .text.OSC_SetExtRefClkConfig
                0x0000802c       0x34 ./drivers/fsl_clock.o
 .text.OSC_SetCapLoad
                0x00008060       0x34 ./drivers/fsl_clock.o
 .text.CLOCK_GetPll0RefFreq
                0x00008094        0xe ./drivers/fsl_clock.o
 .text.CLOCK_GetFixedFreqClkFreq
                0x000080a2       0x34 ./drivers/fsl_clock.o
                0x000080a2                CLOCK_GetFixedFreqClkFreq
 .text.CLOCK_EnableClock
                0x000080d6       0x34 ./drivers/fsl_dspi.o
 .text.DSPI_Enable
                0x0000810a       0x38 ./drivers/fsl_dspi.o
 .text.DSPI_GetStatusFlags
                0x00008142       0x18 ./drivers/fsl_dspi.o
 .text.DSPI_ClearStatusFlags
                0x0000815a       0x1c ./drivers/fsl_dspi.o
 .text.DSPI_DisableInterrupts
                0x00008176       0x24 ./drivers/fsl_dspi.o
 .text.DSPI_SetMasterSlaveMode
                0x0000819a       0x2a ./drivers/fsl_dspi.o
 .text.DSPI_IsMaster
                0x000081c4       0x26 ./drivers/fsl_dspi.o
 .text.DSPI_StartTransfer
                0x000081ea       0x20 ./drivers/fsl_dspi.o
 .text.DSPI_StopTransfer
                0x0000820a       0x20 ./drivers/fsl_dspi.o
 .text.DSPI_FlushFifo
                0x0000822a       0x48 ./drivers/fsl_dspi.o
 .text.DSPI_MasterGetFormattedCommand
                0x00008272       0x4a ./drivers/fsl_dspi.o
 .text.DSPI_ReadData
                0x000082bc       0x18 ./drivers/fsl_dspi.o
 .text.DSPI_SetOnePcsPolarity
                0x000082d4       0x4e ./drivers/fsl_dspi.o
 .text.CLOCK_EnableClock
                0x00008322       0x34 ./drivers/fsl_uart.o
 .text.UART_WriteBlocking
                0x00008356       0x50 ./drivers/fsl_uart.o
                0x00008356                UART_WriteBlocking
 .text.UART0_RX_TX_DriverIRQHandler
                0x000083a6       0x12 ./drivers/fsl_uart.o
                0x000083a6                UART0_RX_TX_DriverIRQHandler
 .text.UART1_RX_TX_DriverIRQHandler
                0x000083b8       0x12 ./drivers/fsl_uart.o
                0x000083b8                UART1_RX_TX_DriverIRQHandler
 .text.UART2_RX_TX_DriverIRQHandler
                0x000083ca       0x12 ./drivers/fsl_uart.o
                0x000083ca                UART2_RX_TX_DriverIRQHandler
 .text.UART3_RX_TX_DriverIRQHandler
                0x000083dc       0x12 ./drivers/fsl_uart.o
                0x000083dc                UART3_RX_TX_DriverIRQHandler
 .text.UART4_RX_TX_DriverIRQHandler
                0x000083ee       0x12 ./drivers/fsl_uart.o
                0x000083ee                UART4_RX_TX_DriverIRQHandler
 .text.UART5_RX_TX_DriverIRQHandler
                0x00008400       0x12 ./drivers/fsl_uart.o
                0x00008400                UART5_RX_TX_DriverIRQHandler
 .text.SystemInitHook
                0x00008412        0xe ./device/system_MK64F12.o
                0x00008412                SystemInitHook
 .text.HAL_UartGetStatus
                0x00008420       0x22 ./component/uart/fsl_adapter_uart.o
 .text.DisableGlobalIRQ
                0x00008442       0x22 ./component/serial_manager/fsl_component_serial_manager.o
 .text.EnableGlobalIRQ
                0x00008464       0x20 ./component/serial_manager/fsl_component_serial_manager.o
 .text.SerialManager_StartWriting
                0x00008484       0x38 ./component/serial_manager/fsl_component_serial_manager.o
 .text.SerialManager_Write
                0x000084bc       0x44 ./component/serial_manager/fsl_component_serial_manager.o
 .text.SerialManager_Init
                0x00008500       0x60 ./component/serial_manager/fsl_component_serial_manager.o
                0x00008500                SerialManager_Init
 .text.SerialManager_OpenWriteHandle
                0x00008560       0x50 ./component/serial_manager/fsl_component_serial_manager.o
                0x00008560                SerialManager_OpenWriteHandle
 .text.SerialManager_OpenReadHandle
                0x000085b0       0x60 ./component/serial_manager/fsl_component_serial_manager.o
                0x000085b0                SerialManager_OpenReadHandle
 .text.SerialManager_WriteBlocking
                0x00008610       0x20 ./component/serial_manager/fsl_component_serial_manager.o
                0x00008610                SerialManager_WriteBlocking
 .text.Serial_UartInit
                0x00008630       0x3e ./component/serial_manager/fsl_component_serial_port_uart.o
                0x00008630                Serial_UartInit
 .text.Serial_UartWrite
                0x0000866e       0x38 ./component/serial_manager/fsl_component_serial_port_uart.o
                0x0000866e                Serial_UartWrite
 .text.BOARD_InitDebugConsole
                0x000086a6       0x22 ./board/board.o
                0x000086a6                BOARD_InitDebugConsole
 .text.BOARD_InitBootClocks
                0x000086c8        0xc ./board/clock_config.o
                0x000086c8                BOARD_InitBootClocks
 .text.CLOCK_EnableClock
                0x000086d4       0x34 ./board/pin_mux.o
 .text.PORT_SetPinMux
                0x00008708       0x3a ./board/pin_mux.o
 .text.BOARD_InitBootPins
                0x00008742        0xc ./board/pin_mux.o
                0x00008742                BOARD_InitBootPins
 .text.__main   0x0000874e        0xe c:/nxp/mcuxpressoide_11.8.0_1165/ide/plugins/com.nxp.mcuxpresso.tools.win32_11.8.0.202306131047/tools/bin/../lib/gcc/arm-none-eabi/12.2.1/../../../../arm-none-eabi/lib/thumb/v7e-m+fp/hard\libcr_nohost_nf.a(_cr__main.o)
                0x0000874e                __main
 .text.memcpy   0x0000875c        0x4 c:/nxp/mcuxpressoide_11.8.0_1165/ide/plugins/com.nxp.mcuxpresso.tools.win32_11.8.0.202306131047/tools/bin/../lib/gcc/arm-none-eabi/12.2.1/../../../../arm-none-eabi/lib/thumb/v7e-m+fp/hard\libcr_c.a(memcpy.o)
                0x0000875c                memcpy
 .text.memset   0x00008760        0x4 c:/nxp/mcuxpressoide_11.8.0_1165/ide/plugins/com.nxp.mcuxpresso.tools.win32_11.8.0.202306131047/tools/bin/../lib/gcc/arm-none-eabi/12.2.1/../../../../arm-none-eabi/lib/thumb/v7e-m+fp/hard\libcr_c.a(memset.o)
                0x00008760                memset
 .text.free     0x00008764       0x30 c:/nxp/mcuxpressoide_11.8.0_1165/ide/plugins/com.nxp.mcuxpresso.tools.win32_11.8.0.202306131047/tools/bin/../lib/gcc/arm-none-eabi/12.2.1/../../../../arm-none-eabi/lib/thumb/v7e-m+fp/hard\libcr_c.a(alloc.o)
                0x00008764                free
 .text.memcmp   0x00008794       0x44 c:/nxp/mcuxpressoide_11.8.0_1165/ide/plugins/com.nxp.mcuxpresso.tools.win32_11.8.0.202306131047/tools/bin/../lib/gcc/arm-none-eabi/12.2.1/../../../../arm-none-eabi/lib/thumb/v7e-m+fp/hard\libcr_c.a(memcmp.o)
                0x00008794                memcmp
 .text.setvbuf  0x000087d8       0x3e c:/nxp/mcuxpressoide_11.8.0_1165/ide/plugins/com.nxp.mcuxpresso.tools.win32_11.8.0.202306131047/tools/bin/../lib/gcc/arm-none-eabi/12.2.1/../../../../arm-none-eabi/lib/thumb/v7e-m+fp/hard\libcr_c.a(setvbuf.o)
                0x000087d8                setvbuf
 .text.strcpy   0x00008816       0x42 c:/nxp/mcuxpressoide_11.8.0_1165/ide/plugins/com.nxp.mcuxpresso.tools.win32_11.8.0.202306131047/tools/bin/../lib/gcc/arm-none-eabi/12.2.1/../../../../arm-none-eabi/lib/thumb/v7e-m+fp/hard\libcr_c.a(strcpy.o)
                0x00008816                strcpy
 .text.strlen   0x00008858       0x4e c:/nxp/mcuxpressoide_11.8.0_1165/ide/plugins/com.nxp.mcuxpresso.tools.win32_11.8.0.202306131047/tools/bin/../lib/gcc/arm-none-eabi/12.2.1/../../../../arm-none-eabi/lib/thumb/v7e-m+fp/hard\libcr_c.a(strlen.o)
                0x00008858                strlen
 .text._deferredlazyseek
                0x000088a6       0x40 c:/nxp/mcuxpressoide_11.8.0_1165/ide/plugins/com.nxp.mcuxpresso.tools.win32_11.8.0.202306131047/tools/bin/../lib/gcc/arm-none-eabi/12.2.1/../../../../arm-none-eabi/lib/thumb/v7e-m+fp/hard\libcr_c.a(_deferredlazyseek.o)
                0x000088a6                _deferredlazyseek
 .text._fdopen  0x000088e6       0x68 c:/nxp/mcuxpressoide_11.8.0_1165/ide/plugins/com.nxp.mcuxpresso.tools.win32_11.8.0.202306131047/tools/bin/../lib/gcc/arm-none-eabi/12.2.1/../../../../arm-none-eabi/lib/thumb/v7e-m+fp/hard\libcr_c.a(_fdopen.o)
                0x000088e6                _fdopen
 .text._fflush  0x0000894e       0x52 c:/nxp/mcuxpressoide_11.8.0_1165/ide/plugins/com.nxp.mcuxpresso.tools.win32_11.8.0.202306131047/tools/bin/../lib/gcc/arm-none-eabi/12.2.1/../../../../arm-none-eabi/lib/thumb/v7e-m+fp/hard\libcr_c.a(_fflush.o)
                0x0000894e                _fflush
 .text.fclose   0x000089a0       0x58 c:/nxp/mcuxpressoide_11.8.0_1165/ide/plugins/com.nxp.mcuxpresso.tools.win32_11.8.0.202306131047/tools/bin/../lib/gcc/arm-none-eabi/12.2.1/../../../../arm-none-eabi/lib/thumb/v7e-m+fp/hard\libcr_c.a(fclose.o)
                0x000089a0                fclose
 .text.remove   0x000089f8       0x14 c:/nxp/mcuxpressoide_11.8.0_1165/ide/plugins/com.nxp.mcuxpresso.tools.win32_11.8.0.202306131047/tools/bin/../lib/gcc/arm-none-eabi/12.2.1/../../../../arm-none-eabi/lib/thumb/v7e-m+fp/hard\libcr_c.a(remove.o)
                0x000089f8                remove
 .text._do_fflush
                0x00008a0c       0x40 c:/nxp/mcuxpressoide_11.8.0_1165/ide/plugins/com.nxp.mcuxpresso.tools.win32_11.8.0.202306131047/tools/bin/../lib/gcc/arm-none-eabi/12.2.1/../../../../arm-none-eabi/lib/thumb/v7e-m+fp/hard\libcr_c.a(_do_fflush.o)
                0x00008a0c                _do_fflush
 .text.__aeabi_memcpy
                0x00008a4c       0x34 c:/nxp/mcuxpressoide_11.8.0_1165/ide/plugins/com.nxp.mcuxpresso.tools.win32_11.8.0.202306131047/tools/bin/../lib/gcc/arm-none-eabi/12.2.1/thumb/v7e-m+fp/hard\libcr_eabihelpers.a(memcpy.o)
                0x00008a4c                __aeabi_memcpy
                0x00008a56                __aeabi_memcpy8
                0x00008a56                __aeabi_memcpy4
 .text.__aeabi_memset_lowlevel
                0x00008a80       0x32 c:/nxp/mcuxpressoide_11.8.0_1165/ide/plugins/com.nxp.mcuxpresso.tools.win32_11.8.0.202306131047/tools/bin/../lib/gcc/arm-none-eabi/12.2.1/thumb/v7e-m+fp/hard\libcr_eabihelpers.a(memcpy.o)
                0x00008a80                __aeabi_lowlevel_memset
 .text.__sys_close
                0x00008ab2        0x6 c:/nxp/mcuxpressoide_11.8.0_1165/ide/plugins/com.nxp.mcuxpresso.tools.win32_11.8.0.202306131047/tools/bin/../lib/gcc/arm-none-eabi/12.2.1/../../../../arm-none-eabi/lib/thumb/v7e-m+fp/hard\libcr_nohost_nf.a(__sys_close.o)
                0x00008ab2                __sys_close
 .text.__sys_flen
                0x00008ab8        0x6 c:/nxp/mcuxpressoide_11.8.0_1165/ide/plugins/com.nxp.mcuxpresso.tools.win32_11.8.0.202306131047/tools/bin/../lib/gcc/arm-none-eabi/12.2.1/../../../../arm-none-eabi/lib/thumb/v7e-m+fp/hard\libcr_nohost_nf.a(__sys_flen.o)
                0x00008ab8                __sys_flen
 .text.__sys_istty
                0x00008abe        0x6 c:/nxp/mcuxpressoide_11.8.0_1165/ide/plugins/com.nxp.mcuxpresso.tools.win32_11.8.0.202306131047/tools/bin/../lib/gcc/arm-none-eabi/12.2.1/../../../../arm-none-eabi/lib/thumb/v7e-m+fp/hard\libcr_nohost_nf.a(__sys_istty.o)
                0x00008abe                __sys_istty
 .text.__sys_remove
                0x00008ac4        0x6 c:/nxp/mcuxpressoide_11.8.0_1165/ide/plugins/com.nxp.mcuxpresso.tools.win32_11.8.0.202306131047/tools/bin/../lib/gcc/arm-none-eabi/12.2.1/../../../../arm-none-eabi/lib/thumb/v7e-m+fp/hard\libcr_nohost_nf.a(__sys_remove.o)
                0x00008ac4                __sys_remove
 .text.__sys_seek
                0x00008aca        0x6 c:/nxp/mcuxpressoide_11.8.0_1165/ide/plugins/com.nxp.mcuxpresso.tools.win32_11.8.0.202306131047/tools/bin/../lib/gcc/arm-none-eabi/12.2.1/../../../../arm-none-eabi/lib/thumb/v7e-m+fp/hard\libcr_nohost_nf.a(__sys_seek.o)
                0x00008aca                __sys_seek
 .text.__sys_tmpnam
                0x00008ad0        0x6 c:/nxp/mcuxpressoide_11.8.0_1165/ide/plugins/com.nxp.mcuxpresso.tools.win32_11.8.0.202306131047/tools/bin/../lib/gcc/arm-none-eabi/12.2.1/../../../../arm-none-eabi/lib/thumb/v7e-m+fp/hard\libcr_nohost_nf.a(__sys_tmpnam.o)
                0x00008ad0                __sys_tmpnam
 .text.__sys_write
                0x00008ad6        0x4 c:/nxp/mcuxpressoide_11.8.0_1165/ide/plugins/com.nxp.mcuxpresso.tools.win32_11.8.0.202306131047/tools/bin/../lib/gcc/arm-none-eabi/12.2.1/../../../../arm-none-eabi/lib/thumb/v7e-m+fp/hard\libcr_nohost_nf.a(__sys_write.o)
                0x00008ad6                __sys_write
 *freertos*/tasks.o(SORT_BY_ALIGNMENT(.rodata*))
 .rodata.vTaskStartScheduler.str1.4
                0x00008ada        0x5 ./freertos/freertos_kernel/tasks.o
 *fill*         0x00008ada        0x2 ff
 .rodata        0x00008adc       0x1c ./freertos/freertos_kernel/tasks.o
                0x00008adc                portArch_Name
                0x00008ae0                FreeRTOSDebugConfig
 *(SORT_BY_ALIGNMENT(.rodata) SORT_BY_ALIGNMENT(.rodata.*) SORT_BY_ALIGNMENT(.constdata) SORT_BY_ALIGNMENT(.constdata.*))
 .rodata.__assertion_failed.str1.4
                0x00008af8       0x14 ./utilities/fsl_assert.o
 .rodata._cbSendSystemDesc.str1.4
                0x00008b0c       0x49 ./source/freertos_hello.o
 *fill*         0x00008b55        0x3 ff
 .rodata.main.str1.4
                0x00008b58       0xb8 ./source/freertos_hello.o
 .rodata.task_admin.str1.4
                0x00008c10        0xc ./source/freertos_hello.o
 .rodata.task_cmd_left.str1.4
                0x00008c1c        0x6 ./source/freertos_hello.o
 *fill*         0x00008c22        0x2 ff
 .rodata.task_cmd_right.str1.4
                0x00008c24        0x7 ./source/freertos_hello.o
 *fill*         0x00008c2b        0x1 ff
 .rodata.task_cmd_forwrd.str1.4
                0x00008c2c        0xa ./source/freertos_hello.o
 *fill*         0x00008c36        0x2 ff
 .rodata.task_cmd_bckwrd.str1.4
                0x00008c38        0xa ./source/freertos_hello.o
 *fill*         0x00008c42        0x2 ff
 .rodata.max7219_initseq
                0x00008c44        0xa ./source/max7219.o
                0x00008c44                max7219_initseq
 *fill*         0x00008c4e        0x2 ff
 .rodata._DoInit.str1.4
                0x00008c50       0x17 ./segger_sysview/SEGGER_RTT.o
 *fill*         0x00008c67        0x1 ff
 .rodata._abSync
                0x00008c68        0xa ./segger_sysview/SEGGER_SYSVIEW.o
 *fill*         0x00008c72        0x2 ff
 .rodata.SEGGER_SYSVIEW_Init.str1.4
                0x00008c74        0x8 ./segger_sysview/SEGGER_SYSVIEW.o
 .rodata._aV2C.0
                0x00008c7c       0x10 ./segger_sysview/SEGGER_SYSVIEW.o
 .rodata.SYSVIEW_AddTask.str1.4
                0x00008c8c       0x58 ./segger_sysview/SEGGER_SYSVIEW_FreeRTOS.o
 .rodata.SYSVIEW_X_OS_TraceAPI
                0x00008ce4        0x8 ./segger_sysview/SEGGER_SYSVIEW_FreeRTOS.o
                0x00008ce4                SYSVIEW_X_OS_TraceAPI
 .rodata.xTimerCreateTimerTask.str1.4
                0x00008cec        0x8 ./freertos/freertos_kernel/timers.o
 .rodata.prvCheckForValidListAndQueue.str1.4
                0x00008cf4        0x5 ./freertos/freertos_kernel/timers.o
 *fill*         0x00008cf9        0x3 ff
 .rodata.CLOCK_GetMcgExtClkFreq.str1.4
                0x00008cfc       0x49 ./drivers/fsl_clock.o
 *fill*         0x00008d45        0x3 ff
 .rodata.CLOCK_GetOsc0ErClkFreq.str1.4
                0x00008d48       0x1e ./drivers/fsl_clock.o
 *fill*         0x00008d66        0x2 ff
 .rodata.CLOCK_GetEr32kClkFreq.str1.4
                0x00008d68       0x1f ./drivers/fsl_clock.o
 *fill*         0x00008d87        0x1 ff
 .rodata.CLOCK_GetPll0Freq.str1.4
                0x00008d88       0x1d ./drivers/fsl_clock.o
 *fill*         0x00008da5        0x3 ff
 .rodata.CLOCK_EnablePll0.str1.4
                0x00008da8       0x1a ./drivers/fsl_clock.o
 *fill*         0x00008dc2        0x2 ff
 .rodata.CLOCK_SetPbeMode.str1.4
                0x00008dc4       0x1a ./drivers/fsl_clock.o
 *fill*         0x00008dde        0x2 ff
 .rodata.CLOCK_BootToPeeMode.str1.4
                0x00008de0       0x1a ./drivers/fsl_clock.o
 *fill*         0x00008dfa        0x2 ff
 .rodata.fllFactorTable.1
                0x00008dfc       0x10 ./drivers/fsl_clock.o
 .rodata.s_baudratePrescaler
                0x00008e0c       0x10 ./drivers/fsl_dspi.o
 .rodata.s_baudrateScaler
                0x00008e1c       0x40 ./drivers/fsl_dspi.o
 .rodata.s_delayPrescaler
                0x00008e5c       0x10 ./drivers/fsl_dspi.o
 .rodata.s_delayScaler
                0x00008e6c       0x40 ./drivers/fsl_dspi.o
 .rodata.s_dspiBases
                0x00008eac        0xc ./drivers/fsl_dspi.o
 .rodata.s_dspiClock
                0x00008eb8        0xc ./drivers/fsl_dspi.o
 .rodata.DSPI_GetInstance.str1.4
                0x00008ec4       0x34 ./drivers/fsl_dspi.o
 .rodata.DSPI_MasterInit.str1.4
                0x00008ef8       0x3f ./drivers/fsl_dspi.o
 *fill*         0x00008f37        0x1 ff
 .rodata.DSPI_MasterSetDelayScaler.str1.4
                0x00008f38       0x17 ./drivers/fsl_dspi.o
 *fill*         0x00008f4f        0x1 ff
 .rodata.DSPI_MasterTransferBlocking.str1.4
                0x00008f50       0x22 ./drivers/fsl_dspi.o
 *fill*         0x00008f72        0x2 ff
 .rodata.SPI0_DriverIRQHandler.str1.4
                0x00008f74       0x2a ./drivers/fsl_dspi.o
 *fill*         0x00008f9e        0x2 ff
 .rodata.SPI1_DriverIRQHandler.str1.4
                0x00008fa0       0x2a ./drivers/fsl_dspi.o
 *fill*         0x00008fca        0x2 ff
 .rodata.SPI2_DriverIRQHandler.str1.4
                0x00008fcc       0x2a ./drivers/fsl_dspi.o
 *fill*         0x00008ff6        0x2 ff
 .rodata.s_uartBases
                0x00008ff8       0x18 ./drivers/fsl_uart.o
 .rodata.s_uartClock
                0x00009010       0x18 ./drivers/fsl_uart.o
 .rodata.UART_GetInstance.str1.4
                0x00009028       0x2b ./drivers/fsl_uart.o
 *fill*         0x00009053        0x1 ff
 .rodata.UART_Init.str1.4
                0x00009054       0xfb ./drivers/fsl_uart.o
 *fill*         0x0000914f        0x1 ff
 .rodata.UART_GetDefaultConfig.str1.4
                0x00009150       0x20 ./drivers/fsl_uart.o
 .rodata.s_UartAdapterBase
                0x00009170       0x18 ./component/uart/fsl_adapter_uart.o
 .rodata.HAL_UartInit.str1.4
                0x00009188       0xdd ./component/uart/fsl_adapter_uart.o
 *fill*         0x00009265        0x3 ff
 .rodata.HAL_UartSendBlocking.str1.4
                0x00009268       0x60 ./component/uart/fsl_adapter_uart.o
 .rodata.mcgConfig_BOARD_BootClockRUN
                0x000092c8        0xb ./board/clock_config.o
                0x000092c8                mcgConfig_BOARD_BootClockRUN
 *fill*         0x000092d3        0x1 ff
 .rodata.simConfig_BOARD_BootClockRUN
                0x000092d4        0x8 ./board/clock_config.o
                0x000092d4                simConfig_BOARD_BootClockRUN
 .rodata.oscConfig_BOARD_BootClockRUN
                0x000092dc        0x8 ./board/clock_config.o
                0x000092dc                oscConfig_BOARD_BootClockRUN
 .rodata.__num_Ciob_streams
                0x000092e4        0x4 c:/nxp/mcuxpressoide_11.8.0_1165/ide/plugins/com.nxp.mcuxpresso.tools.win32_11.8.0.202306131047/tools/bin/../lib/gcc/arm-none-eabi/12.2.1/../../../../arm-none-eabi/lib/thumb/v7e-m+fp/hard\libcr_nohost_nf.a(__ciob.o)
                0x000092e4                __num_Ciob_streams
 .rodata._initio.str1.1
                0x000092e8        0x4 c:/nxp/mcuxpressoide_11.8.0_1165/ide/plugins/com.nxp.mcuxpresso.tools.win32_11.8.0.202306131047/tools/bin/../lib/gcc/arm-none-eabi/12.2.1/../../../../arm-none-eabi/lib/thumb/v7e-m+fp/hard\libcr_c.a(initio.o)
                0x000092f0                . = ALIGN (0x8)
 *fill*         0x000092ec        0x4 ff

.glue_7         0x000092f0        0x0
 .glue_7        0x000092f0        0x0 linker stubs

.glue_7t        0x000092f0        0x0
 .glue_7t       0x000092f0        0x0 linker stubs

.vfp11_veneer   0x000092f0        0x0
 .vfp11_veneer  0x000092f0        0x0 linker stubs

.v4_bx          0x000092f0        0x0
 .v4_bx         0x000092f0        0x0 linker stubs

.iplt           0x000092f0        0x0
 .iplt          0x000092f0        0x0 ./utilities/fsl_assert.o

.rel.dyn        0x000092f0        0x0
 .rel.iplt      0x000092f0        0x0 ./utilities/fsl_assert.o

.ARM.extab
 *(SORT_BY_ALIGNMENT(.ARM.extab*) SORT_BY_ALIGNMENT(.gnu.linkonce.armextab.*))

.ARM.exidx      0x000092f0        0x0
                0x000092f0                __exidx_start = .
 *(SORT_BY_ALIGNMENT(.ARM.exidx*) SORT_BY_ALIGNMENT(.gnu.linkonce.armexidx.*))
                0x000092f0                __exidx_end = .
                0x000092f0                _etext = .

.m_usb_data
 *(SORT_BY_ALIGNMENT(m_usb_bdt))

.data_RAM2      0x1fff0000        0x0 load address 0x000092f0
 FILL mask 0xff
                [!provide]                PROVIDE (__start_data_RAM2 = .)
                [!provide]                PROVIDE (__start_data_SRAM_LOWER = .)
 *(SORT_BY_ALIGNMENT(.ramfunc.$RAM2))
 *(SORT_BY_ALIGNMENT(.ramfunc.$SRAM_LOWER))
 *(SORT_BY_ALIGNMENT(.data.$RAM2))
 *(SORT_BY_ALIGNMENT(.data.$SRAM_LOWER))
 *(SORT_BY_ALIGNMENT(.data.$RAM2.*))
 *(SORT_BY_ALIGNMENT(.data.$SRAM_LOWER.*))
                0x1fff0000                . = ALIGN (0x8)
                [!provide]                PROVIDE (__end_data_RAM2 = .)
                [!provide]                PROVIDE (__end_data_SRAM_LOWER = .)

.data_RAM3      0x14000000        0x0 load address 0x000092f0
 FILL mask 0xff
                [!provide]                PROVIDE (__start_data_RAM3 = .)
                [!provide]                PROVIDE (__start_data_FLEX_RAM = .)
 *(SORT_BY_ALIGNMENT(.ramfunc.$RAM3))
 *(SORT_BY_ALIGNMENT(.ramfunc.$FLEX_RAM))
 *(SORT_BY_ALIGNMENT(.data.$RAM3))
 *(SORT_BY_ALIGNMENT(.data.$FLEX_RAM))
 *(SORT_BY_ALIGNMENT(.data.$RAM3.*))
 *(SORT_BY_ALIGNMENT(.data.$FLEX_RAM.*))
                0x14000000                . = ALIGN (0x8)
                [!provide]                PROVIDE (__end_data_RAM3 = .)
                [!provide]                PROVIDE (__end_data_FLEX_RAM = .)

.uninit_RESERVED
                0x20000000        0x0
                0x20000000                _start_uninit_RESERVED = .
 *(SORT_BY_ALIGNMENT(.bss.$RESERVED*))
                0x20000000                . = ALIGN (0x8)
                0x20000000                _end_uninit_RESERVED = .

.data           0x20000000       0x48 load address 0x000092f0
 FILL mask 0xff
                0x20000000                _data = .
                [!provide]                PROVIDE (__start_data_RAM = .)
                [!provide]                PROVIDE (__start_data_SRAM_UPPER = .)
 *(SORT_BY_ALIGNMENT(vtable))
 *(SORT_BY_ALIGNMENT(.ramfunc*))
 *(SORT_BY_ALIGNMENT(CodeQuickAccess))
 *(SORT_BY_ALIGNMENT(DataQuickAccess))
 *(SORT_BY_ALIGNMENT(RamFunction))
 *(SORT_BY_ALIGNMENT(.data*))
 .data.cmd_rutine_array
                0x20000000        0x8 ./source/freertos_hello.o
 .data.g_systickCounter
                0x20000008        0x4 ./source/max7219.o
                0x20000008                g_systickCounter
 .data.pattern_cmd_left
                0x2000000c        0x8 ./source/max7219.o
                0x2000000c                pattern_cmd_left
 .data.pattern_cmd_right
                0x20000014        0x8 ./source/max7219.o
                0x20000014                pattern_cmd_right
 .data.pattern_cmd_forwrd
                0x2000001c        0x8 ./source/max7219.o
                0x2000001c                pattern_cmd_forwrd
 .data.pattern_cmd_bckwrd
                0x20000024        0x8 ./source/max7219.o
                0x20000024                pattern_cmd_bckwrd
 .data.uxCriticalNesting
                0x2000002c        0x4 ./freertos/freertos_kernel/portable/GCC/ARM_CM4F/port.o
 .data.uxTopUsedPriority
                0x20000030        0x4 ./freertos/freertos_kernel/tasks.o
                0x20000030                uxTopUsedPriority
 .data.s_slowIrcFreq
                0x20000034        0x4 ./drivers/fsl_clock.o
 .data.s_fastIrcFreq
                0x20000038        0x4 ./drivers/fsl_clock.o
 .data.SystemCoreClock
                0x2000003c        0x4 ./device/system_MK64F12.o
                0x2000003c                SystemCoreClock
 .data.cmd_rutine_arraysize
                0x20000040        0x1 ./source/freertos_hello.o
                0x20000048                . = ALIGN (0x8)
 *fill*         0x20000041        0x7 ff
                0x20000048                _edata = .
                [!provide]                PROVIDE (__end_data_RAM = .)
                [!provide]                PROVIDE (__end_data_SRAM_UPPER = .)

.igot.plt       0x20000048        0x0 load address 0x00009338
 .igot.plt      0x20000048        0x0 ./utilities/fsl_assert.o

.bss_RAM2       0x1fff0000        0x0
                [!provide]                PROVIDE (__start_bss_RAM2 = .)
                [!provide]                PROVIDE (__start_bss_SRAM_LOWER = .)
 *(SORT_BY_ALIGNMENT(.bss.$RAM2))
 *(SORT_BY_ALIGNMENT(.bss.$SRAM_LOWER))
 *(SORT_BY_ALIGNMENT(.bss.$RAM2.*))
 *(SORT_BY_ALIGNMENT(.bss.$SRAM_LOWER.*))
                0x1fff0000                . = ALIGN ((. != 0x0)?0x8:0x1)
                [!provide]                PROVIDE (__end_bss_RAM2 = .)
                [!provide]                PROVIDE (__end_bss_SRAM_LOWER = .)

.bss_RAM3       0x14000000        0x0
                [!provide]                PROVIDE (__start_bss_RAM3 = .)
                [!provide]                PROVIDE (__start_bss_FLEX_RAM = .)
 *(SORT_BY_ALIGNMENT(.bss.$RAM3))
 *(SORT_BY_ALIGNMENT(.bss.$FLEX_RAM))
 *(SORT_BY_ALIGNMENT(.bss.$RAM3.*))
 *(SORT_BY_ALIGNMENT(.bss.$FLEX_RAM.*))
                0x14000000                . = ALIGN ((. != 0x0)?0x8:0x1)
                [!provide]                PROVIDE (__end_bss_RAM3 = .)
                [!provide]                PROVIDE (__end_bss_FLEX_RAM = .)

.bss            0x20000048     0x3558
                0x20000048                _bss = .
                [!provide]                PROVIDE (__start_bss_RAM = .)
                [!provide]                PROVIDE (__start_bss_SRAM_UPPER = .)
 *(SORT_BY_ALIGNMENT(.bss*))
 .bss.s_debugConsoleState
                0x20000048       0x20 ./utilities/fsl_debug_console.o
 .bss.g_serialHandle
                0x20000068        0x4 ./utilities/fsl_debug_console.o
                0x20000068                g_serialHandle
 .bss.hndlr_task_admin
                0x2000006c        0x4 ./source/freertos_hello.o
 .bss.hndlr_task_cmd_left
                0x20000070        0x4 ./source/freertos_hello.o
 .bss.hndlr_task_cmd_right
                0x20000074        0x4 ./source/freertos_hello.o
 .bss.hndlr_task_cmd_forwrd
                0x20000078        0x4 ./source/freertos_hello.o
 .bss.hndlr_task_cmd_bckwrd
                0x2000007c        0x4 ./source/freertos_hello.o
 .bss.max7219_buffer
                0x20000080        0x8 ./source/max7219.o
                0x20000080                max7219_buffer
 .bss.__max7219_buffer
                0x20000088        0x4 ./source/max7219.o
                0x20000088                __max7219_buffer
 .bss._SEGGER_RTT
                0x2000008c       0xa8 ./segger_sysview/SEGGER_RTT.o
                0x2000008c                _SEGGER_RTT
 .bss._acUpBuffer
                0x20000134      0x400 ./segger_sysview/SEGGER_RTT.o
 .bss._acDownBuffer
                0x20000534       0x10 ./segger_sysview/SEGGER_RTT.o
 .bss._UpBuffer
                0x20000544      0x400 ./segger_sysview/SEGGER_SYSVIEW.o
 .bss._DownBuffer
                0x20000944        0x8 ./segger_sysview/SEGGER_SYSVIEW.o
 .bss._SYSVIEW_Globals
                0x2000094c       0x28 ./segger_sysview/SEGGER_SYSVIEW.o
 .bss._pFirstModule
                0x20000974        0x4 ./segger_sysview/SEGGER_SYSVIEW.o
 .bss._aPacket  0x20000978       0xe3 ./segger_sysview/SEGGER_SYSVIEW.o
 *fill*         0x20000a5b        0x1 
 .bss._aTasks   0x20000a5c       0xa0 ./segger_sysview/SEGGER_SYSVIEW_FreeRTOS.o
 .bss._NumTasks
                0x20000afc        0x4 ./segger_sysview/SEGGER_SYSVIEW_FreeRTOS.o
 .bss.ucHeap    0x20000b00     0x2800 ./freertos/freertos_kernel/portable/MemMang/heap_4.o
 .bss.xStart    0x20003300        0x8 ./freertos/freertos_kernel/portable/MemMang/heap_4.o
 .bss.pxEnd     0x20003308        0x4 ./freertos/freertos_kernel/portable/MemMang/heap_4.o
 .bss.xFreeBytesRemaining
                0x2000330c        0x4 ./freertos/freertos_kernel/portable/MemMang/heap_4.o
 .bss.xMinimumEverFreeBytesRemaining
                0x20003310        0x4 ./freertos/freertos_kernel/portable/MemMang/heap_4.o
 .bss.xNumberOfSuccessfulAllocations
                0x20003314        0x4 ./freertos/freertos_kernel/portable/MemMang/heap_4.o
 .bss.xNumberOfSuccessfulFrees
                0x20003318        0x4 ./freertos/freertos_kernel/portable/MemMang/heap_4.o
 .bss.xBlockAllocatedBit
                0x2000331c        0x4 ./freertos/freertos_kernel/portable/MemMang/heap_4.o
 .bss.ulMaxPRIGROUPValue
                0x20003320        0x4 ./freertos/freertos_kernel/portable/GCC/ARM_CM4F/port.o
 .bss.xQueueRegistry
                0x20003324       0x40 ./freertos/freertos_kernel/queue.o
                0x20003324                xQueueRegistry
 .bss.pxCurrentTCB
                0x20003364        0x4 ./freertos/freertos_kernel/tasks.o
                0x20003364                pxCurrentTCB
 .bss.pxReadyTasksLists
                0x20003368       0x64 ./freertos/freertos_kernel/tasks.o
 .bss.xDelayedTaskList1
                0x200033cc       0x14 ./freertos/freertos_kernel/tasks.o
 .bss.xDelayedTaskList2
                0x200033e0       0x14 ./freertos/freertos_kernel/tasks.o
 .bss.pxDelayedTaskList
                0x200033f4        0x4 ./freertos/freertos_kernel/tasks.o
 .bss.pxOverflowDelayedTaskList
                0x200033f8        0x4 ./freertos/freertos_kernel/tasks.o
 .bss.xPendingReadyList
                0x200033fc       0x14 ./freertos/freertos_kernel/tasks.o
 .bss.xTasksWaitingTermination
                0x20003410       0x14 ./freertos/freertos_kernel/tasks.o
 .bss.uxDeletedTasksWaitingCleanUp
                0x20003424        0x4 ./freertos/freertos_kernel/tasks.o
 .bss.xSuspendedTaskList
                0x20003428       0x14 ./freertos/freertos_kernel/tasks.o
 .bss.uxCurrentNumberOfTasks
                0x2000343c        0x4 ./freertos/freertos_kernel/tasks.o
 .bss.xTickCount
                0x20003440        0x4 ./freertos/freertos_kernel/tasks.o
 .bss.uxTopReadyPriority
                0x20003444        0x4 ./freertos/freertos_kernel/tasks.o
 .bss.xSchedulerRunning
                0x20003448        0x4 ./freertos/freertos_kernel/tasks.o
 .bss.xPendedTicks
                0x2000344c        0x4 ./freertos/freertos_kernel/tasks.o
 .bss.xYieldPending
                0x20003450        0x4 ./freertos/freertos_kernel/tasks.o
 .bss.xNumOfOverflows
                0x20003454        0x4 ./freertos/freertos_kernel/tasks.o
 .bss.uxTaskNumber
                0x20003458        0x4 ./freertos/freertos_kernel/tasks.o
 .bss.xNextTaskUnblockTime
                0x2000345c        0x4 ./freertos/freertos_kernel/tasks.o
 .bss.xIdleTaskHandle
                0x20003460        0x4 ./freertos/freertos_kernel/tasks.o
 .bss.uxSchedulerSuspended
                0x20003464        0x4 ./freertos/freertos_kernel/tasks.o
 .bss.xActiveTimerList1
                0x20003468       0x14 ./freertos/freertos_kernel/timers.o
 .bss.xActiveTimerList2
                0x2000347c       0x14 ./freertos/freertos_kernel/timers.o
 .bss.pxCurrentTimerList
                0x20003490        0x4 ./freertos/freertos_kernel/timers.o
 .bss.pxOverflowTimerList
                0x20003494        0x4 ./freertos/freertos_kernel/timers.o
 .bss.xTimerQueue
                0x20003498        0x4 ./freertos/freertos_kernel/timers.o
 .bss.xTimerTaskHandle
                0x2000349c        0x4 ./freertos/freertos_kernel/timers.o
 .bss.xLastTime.0
                0x200034a0        0x4 ./freertos/freertos_kernel/timers.o
 .bss.g_xtal0Freq
                0x200034a4        0x4 ./drivers/fsl_clock.o
                0x200034a4                g_xtal0Freq
 .bss.g_xtal32Freq
                0x200034a8        0x4 ./drivers/fsl_clock.o
                0x200034a8                g_xtal32Freq
 .bss.g_dspiHandle
                0x200034ac        0xc ./drivers/fsl_dspi.o
 .bss.s_dspiMasterIsr
                0x200034b8        0x4 ./drivers/fsl_dspi.o
 .bss.s_dspiSlaveIsr
                0x200034bc        0x4 ./drivers/fsl_dspi.o
 .bss.g_dspiDummyData
                0x200034c0        0x3 ./drivers/fsl_dspi.o
                0x200034c0                g_dspiDummyData
 *fill*         0x200034c3        0x1 
 .bss.s_uartHandle
                0x200034c4       0x18 ./drivers/fsl_uart.o
                0x200034c4                s_uartHandle
 .bss.s_uartIsr
                0x200034dc        0x4 ./drivers/fsl_uart.o
                0x200034dc                s_uartIsr
 .bss.errno     0x200034e0        0x4 c:/nxp/mcuxpressoide_11.8.0_1165/ide/plugins/com.nxp.mcuxpresso.tools.win32_11.8.0.202306131047/tools/bin/../lib/gcc/arm-none-eabi/12.2.1/../../../../arm-none-eabi/lib/thumb/v7e-m+fp/hard\libcr_c.a(errno.o)
                0x200034e0                errno
 .bss.__Ciob    0x200034e4       0xb4 c:/nxp/mcuxpressoide_11.8.0_1165/ide/plugins/com.nxp.mcuxpresso.tools.win32_11.8.0.202306131047/tools/bin/../lib/gcc/arm-none-eabi/12.2.1/../../../../arm-none-eabi/lib/thumb/v7e-m+fp/hard\libcr_nohost_nf.a(__ciob.o)
                0x200034e4                __Ciob
 .bss.s_debugConsoleReadWaitSemaphore
                0x20003598        0x1 ./utilities/fsl_debug_console.o
 .bss.max7219_num
                0x20003599        0x1 ./source/max7219.o
                0x20003599                max7219_num
 .bss.__max7219_buffer_size
                0x2000359a        0x1 ./source/max7219.o
                0x2000359a                __max7219_buffer_size
 .bss._NumModules
                0x2000359b        0x1 ./segger_sysview/SEGGER_SYSVIEW.o
 .bss.ucMaxSysCallPriority
                0x2000359c        0x1 ./freertos/freertos_kernel/portable/GCC/ARM_CM4F/port.o
 *(SORT_BY_ALIGNMENT(COMMON))
                0x200035a0                . = ALIGN (0x8)
 *fill*         0x2000359d        0x3 
                0x200035a0                _ebss = .
                [!provide]                PROVIDE (__end_bss_RAM = .)
                [!provide]                PROVIDE (__end_bss_SRAM_UPPER = .)
                [!provide]                PROVIDE (end = .)

.noinit_RAM2    0x1fff0000        0x0
                [!provide]                PROVIDE (__start_noinit_RAM2 = .)
                [!provide]                PROVIDE (__start_noinit_SRAM_LOWER = .)
 *(SORT_BY_ALIGNMENT(.noinit.$RAM2))
 *(SORT_BY_ALIGNMENT(.noinit.$SRAM_LOWER))
 *(SORT_BY_ALIGNMENT(.noinit.$RAM2.*))
 *(SORT_BY_ALIGNMENT(.noinit.$SRAM_LOWER.*))
                0x1fff0000                . = ALIGN (0x8)
                [!provide]                PROVIDE (__end_noinit_RAM2 = .)
                [!provide]                PROVIDE (__end_noinit_SRAM_LOWER = .)

.noinit_RAM3    0x14000000        0x0
                [!provide]                PROVIDE (__start_noinit_RAM3 = .)
                [!provide]                PROVIDE (__start_noinit_FLEX_RAM = .)
 *(SORT_BY_ALIGNMENT(.noinit.$RAM3))
 *(SORT_BY_ALIGNMENT(.noinit.$FLEX_RAM))
 *(SORT_BY_ALIGNMENT(.noinit.$RAM3.*))
 *(SORT_BY_ALIGNMENT(.noinit.$FLEX_RAM.*))
                0x14000000                . = ALIGN (0x8)
                [!provide]                PROVIDE (__end_noinit_RAM3 = .)
                [!provide]                PROVIDE (__end_noinit_FLEX_RAM = .)

.noinit         0x200035a0        0x0
                0x200035a0                _noinit = .
                [!provide]                PROVIDE (__start_noinit_RAM = .)
                [!provide]                PROVIDE (__start_noinit_SRAM_UPPER = .)
 *(SORT_BY_ALIGNMENT(.noinit*))
                0x200035a0                . = ALIGN (0x8)
                0x200035a0                _end_noinit = .
                [!provide]                PROVIDE (__end_noinit_RAM = .)
                [!provide]                PROVIDE (__end_noinit_SRAM_UPPER = .)
                0x00001000                _HeapSize = 0x1000

.heap           0x200035a0     0x1000
                0x200035a0                _pvHeapStart = .
                0x200045a0                . = (. + _HeapSize)
 *fill*         0x200035a0     0x1000 
                0x200045a0                . = ALIGN (0x8)
                0x200045a0                _pvHeapLimit = .
                0x00001000                _StackSize = 0x1000

.heap2stackfill
                0x200045a0     0x1000
                0x200055a0                . = (. + _StackSize)
 *fill*         0x200045a0     0x1000 

.stack          0x2002f000        0x0
                0x2002f000                _vStackBase = .
                0x2002f000                . = ALIGN (0x8)
                0x20030000                _vStackTop = (. + _StackSize)
                0x00000000                _image_start = LOADADDR (.text)
                0x00009338                _image_end = (LOADADDR (.data) + SIZEOF (.data))
                0x00009338                _image_size = (_image_end - _image_start)
OUTPUT(frdmk64f_freertos_hello.axf elf32-littlearm)
LOAD linker stubs

.debug_info     0x00000000    0x180d7
 .debug_info    0x00000000       0xc7 ./utilities/fsl_assert.o
 .debug_info    0x000000c7      0xd58 ./utilities/fsl_debug_console.o
 .debug_info    0x00000e1f      0xaed ./utilities/fsl_str.o
 .debug_info    0x0000190c      0xc6f ./startup/startup_mk64f12.o
 .debug_info    0x0000257b      0x8e3 ./source/freertos_hello.o
 .debug_info    0x00002e5e     0x14d6 ./source/max7219.o
 .debug_info    0x00004334       0x3d ./source/semihost_hardfault.o
 .debug_info    0x00004371     0x1452 ./segger_sysview/SEGGER_RTT.o
 .debug_info    0x000057c3       0x25 ./segger_sysview/SEGGER_RTT_ASM_ARMv7M.o
 .debug_info    0x000057e8     0x34fb ./segger_sysview/SEGGER_SYSVIEW.o
 .debug_info    0x00008ce3      0x405 ./segger_sysview/SEGGER_SYSVIEW_FreeRTOS.o
 .debug_info    0x000090e8      0x4bb ./freertos/freertos_kernel/portable/MemMang/heap_4.o
 .debug_info    0x000095a3      0x4e1 ./freertos/freertos_kernel/portable/GCC/ARM_CM4F/port.o
 .debug_info    0x00009a84      0x2a3 ./freertos/freertos_kernel/list.o
 .debug_info    0x00009d27     0x186d ./freertos/freertos_kernel/queue.o
 .debug_info    0x0000b594     0x2309 ./freertos/freertos_kernel/tasks.o
 .debug_info    0x0000d89d      0xfdd ./freertos/freertos_kernel/timers.o
 .debug_info    0x0000e87a     0x20ee ./drivers/fsl_clock.o
 .debug_info    0x00010968     0x2557 ./drivers/fsl_dspi.o
 .debug_info    0x00012ebf     0x1ef7 ./drivers/fsl_uart.o
 .debug_info    0x00014db6      0x626 ./device/system_MK64F12.o
 .debug_info    0x000153dc      0xac3 ./component/uart/fsl_adapter_uart.o
 .debug_info    0x00015e9f      0x990 ./component/serial_manager/fsl_component_serial_manager.o
 .debug_info    0x0001682f      0x505 ./component/serial_manager/fsl_component_serial_port_uart.o
 .debug_info    0x00016d34      0x15a ./board/board.o
 .debug_info    0x00016e8e      0xc51 ./board/clock_config.o
 .debug_info    0x00017adf      0x5f8 ./board/pin_mux.o

.debug_abbrev   0x00000000     0x3c40
 .debug_abbrev  0x00000000       0x8d ./utilities/fsl_assert.o
 .debug_abbrev  0x0000008d      0x27a ./utilities/fsl_debug_console.o
 .debug_abbrev  0x00000307      0x276 ./utilities/fsl_str.o
 .debug_abbrev  0x0000057d      0x17e ./startup/startup_mk64f12.o
 .debug_abbrev  0x000006fb      0x2db ./source/freertos_hello.o
 .debug_abbrev  0x000009d6      0x3d1 ./source/max7219.o
 .debug_abbrev  0x00000da7       0x2f ./source/semihost_hardfault.o
 .debug_abbrev  0x00000dd6      0x25e ./segger_sysview/SEGGER_RTT.o
 .debug_abbrev  0x00001034       0x14 ./segger_sysview/SEGGER_RTT_ASM_ARMv7M.o
 .debug_abbrev  0x00001048      0x336 ./segger_sysview/SEGGER_SYSVIEW.o
 .debug_abbrev  0x0000137e      0x1a4 ./segger_sysview/SEGGER_SYSVIEW_FreeRTOS.o
 .debug_abbrev  0x00001522      0x21e ./freertos/freertos_kernel/portable/MemMang/heap_4.o
 .debug_abbrev  0x00001740      0x25a ./freertos/freertos_kernel/portable/GCC/ARM_CM4F/port.o
 .debug_abbrev  0x0000199a       0xf5 ./freertos/freertos_kernel/list.o
 .debug_abbrev  0x00001a8f      0x328 ./freertos/freertos_kernel/queue.o
 .debug_abbrev  0x00001db7      0x3cf ./freertos/freertos_kernel/tasks.o
 .debug_abbrev  0x00002186      0x2ea ./freertos/freertos_kernel/timers.o