C:\Users\guion\Documents\MCUXpressoIDE_11.8.0_1165\workspace\frdmk64f_freertos_hello\CMSIS/core_cm4.h:1809:22:__NVIC_SetPriority	16	static
C:\Users\guion\Documents\MCUXpressoIDE_11.8.0_1165\workspace\frdmk64f_freertos_hello\CMSIS/core_cm4.h:2017:26:SysTick_Config	16	static
../source/max7219.c:115:6:vApplicationTickHook	4	static
../source/max7219.c:123:6:delay_ms	16	static
../source/max7219.c:141:6:max7219_word	40	static
../source/max7219.c:165:6:max7219_doubleLong	40	static
../source/max7219.c:202:6:max7219_outputbuffer	16	static
../source/max7219.c:217:6:max7219_init	24	static
../source/max7219.c:241:6:max7219_row	16	static
../source/max7219.c:246:6:max7219b_col	16	static
../source/max7219.c:251:6:max7219b_set	16	static
../source/max7219.c:256:6:max7219b_clr	16	static
../source/max7219.c:261:9:max7219b_get	16	static
../source/max7219.c:266:6:max7219b_left	8	static
../source/max7219.c:271:6:SPI_init	48	static
../source/max7219.c:299:6:drawFace	16	static
../source/max7219.c:315:6:draw_cmd	24	static
../source/max7219.c:353:6:drawText	16	static
../source/max7219.c:369:6:cleanMatrix	16	static
